=== size sizel ===
=== short challenge: weight 28, canonical bound 12, 1000 samples ===
  acceptance rate: 0.6605 (1 in 1.51)


=== recursion on ===
witness: 2^22 F162 = 1048576 ring elements of R_648, 1024 columns of 4096 F162
  public parameters              187.58 ms
  key-time buffers                  124 MB
  witness: 24 vectors, 53472 polynomials of Z_Q[X]/(X^64+1)
  commitment ranks: kappa_Y 11, kappa_u 4, kappa_R 9

PROVER
  commit (with T_Y)              318.57 ms
  row_evaluate                     7.13 ms
  commit_left_expansion            0.94 ms
  prove_opening                  983.86 ms
    fold                          61.74 ms
    encoding                      48.48 ms
    T_R                            9.85 ms
    masks                         23.64 ms
    constraint phi                 9.60 ms
    statement build               69.53 ms
    labrador::prove              755.95 ms
  total                         1310.49 ms

STATEMENT
  derive_evaluation_point          0.00 ms
  mle_evaluate                     7.16 ms
  total                            7.16 ms

VERIFIER
  derive_folding_challenges        1.23 ms
  statement rebuild              101.67 ms
    layout                         5.69 ms
    no-wrap bound                  8.18 ms
    constraint phi                 9.58 ms
    statement build               68.59 ms
  labrador::verify               453.66 ms
  total                          561.34 ms

wire: T_Y 4.1 KB, T_u 1.5 KB, T_R 3.4 KB, norms 0.2 KB, labrador 81.0 KB
proof: 90.2 KB total, per-proof phi 6 MB
verification: accepted

peak resident set: 2349 MB
	Command being timed: "./target/release/bin-ntt --suite l"
	User time (seconds): 2.35
	System time (seconds): 0.76
	Percent of CPU this job got: 99%
	Elapsed (wall clock) time (h:mm:ss or m:ss): 0:03.12
	Average shared text size (kbytes): 0
	Average unshared data size (kbytes): 0
	Average stack size (kbytes): 0
	Average total size (kbytes): 0
	Maximum resident set size (kbytes): 2405728
	Average resident set size (kbytes): 0
	Major (requiring I/O) page faults: 0
	Minor (reclaiming a frame) page faults: 807291
	Voluntary context switches: 2
	Involuntary context switches: 56
	Swaps: 0
	File system inputs: 0
	File system outputs: 8
	Socket messages sent: 0
	Socket messages received: 0
	Signals delivered: 0
	Page size (bytes): 4096
	Exit status: 0
