=== size sizes ===
=== short challenge: weight 28, canonical bound 12, 1000 samples ===
  acceptance rate: 0.6605 (1 in 1.51)

bin-ntt, core 3, one thread, moduli 9721, 12637

=== recursion off ===
witness: 2^18 F162 = 65536 ring elements of R_648, 128 columns of 2048 F162
folded witness: 512 ring elements of R_648, 128 F162 of row evaluation
  public parameters                2.40 ms

PROVER
  commit                          13.96 ms
  row_evaluate                     0.31 ms
  fold                             4.19 ms
  pack commitment, row             0.44 ms
  encode folded witness            0.82 ms
  total                           19.72 ms
  total except encode             18.90 ms

STATEMENT
  derive_evaluation_point          0.28 ms
  mle_evaluate                     0.31 ms
  total                            0.59 ms

VERIFIER
  derive_folding_challenges        0.15 ms
  decode                           0.14 ms
  fold_commitment                  0.04 ms
  fold_row_evaluation              0.00 ms
  verify_evaluation                0.00 ms
  verify_folded_opening            0.31 ms
  total                            0.64 ms
  total except decode              0.50 ms

wire: commitment 283.5 KB, row evaluation 2.5 KB, folded witness 302.5 KB, TOTAL 588.5 KB
verification: accepted

=== plain-bd ===
witness: 2^18 F162 = 65536 ring elements of R_648, 128 columns of 2048 F162
dropped bits 10, residual cap 811748044800 over the expectation 2.029e11
  public parameters                1.57 ms

PROVER
  commit (with the digits)        20.26 ms
  row_evaluate                     0.33 ms
  fold                             4.17 ms
  pack commitment, row             0.41 ms
  encode folded witness            0.85 ms
  total                           26.01 ms
  total except encode             25.17 ms

STATEMENT
  derive_evaluation_point          0.48 ms
  mle_evaluate                     0.33 ms
  total                            0.81 ms

VERIFIER
  derive_folding_challenges        0.18 ms
  decode                           0.49 ms
  fold_row_evaluation              0.00 ms
  verify_evaluation                0.00 ms
  verify_folded_opening            0.83 ms
  total                            1.50 ms
  total except decode              1.01 ms

wire: commitment 283.5 KB, row evaluation 2.5 KB, folded witness 326.1 KB, TOTAL 612.1 KB
verification: accepted
tampered fold: rejected (the opening was rejected)

peak resident set: 104 MB
	Command being timed: "./target/release/bin-ntt --suite s"
	User time (seconds): 0.17
	System time (seconds): 0.05
	Percent of CPU this job got: 99%
	Elapsed (wall clock) time (h:mm:ss or m:ss): 0:00.23
	Average shared text size (kbytes): 0
	Average unshared data size (kbytes): 0
	Average stack size (kbytes): 0
	Average total size (kbytes): 0
	Maximum resident set size (kbytes): 106852
	Average resident set size (kbytes): 0
	Major (requiring I/O) page faults: 0
	Minor (reclaiming a frame) page faults: 50143
	Voluntary context switches: 1
	Involuntary context switches: 3
	Swaps: 0
	File system inputs: 0
	File system outputs: 8
	Socket messages sent: 0
	Socket messages received: 0
	Signals delivered: 0
	Page size (bytes): 4096
	Exit status: 0
