=== size sizem ===
=== short challenge: weight 28, canonical bound 12, 1000 samples ===
  acceptance rate: 0.6605 (1 in 1.51)


=== recursion on ===
witness: 2^20 F162 = 262144 ring elements of R_648, 512 columns of 2048 F162
  public parameters               95.70 ms
  key-time buffers                   64 MB
  witness: 24 vectors, 27296 polynomials of Z_Q[X]/(X^64+1)
  commitment ranks: kappa_Y 11, kappa_u 4, kappa_R 8

PROVER
  commit (with T_Y)               86.25 ms
  row_evaluate                     1.63 ms
  commit_left_expansion            0.46 ms
  prove_opening                  502.99 ms
    fold                          15.99 ms
    encoding                      18.08 ms
    T_R                            4.91 ms
    masks                         12.35 ms
    constraint phi                 4.77 ms
    statement build               36.66 ms
    labrador::prove              406.92 ms
  total                          591.33 ms

STATEMENT
  derive_evaluation_point          0.00 ms
  mle_evaluate                     1.67 ms
  total                            1.67 ms

VERIFIER
  derive_folding_challenges        0.63 ms
  statement rebuild               50.92 ms
    layout                         2.85 ms
    no-wrap bound                  5.06 ms
    constraint phi                 4.77 ms
    statement build               33.23 ms
  labrador::verify               247.33 ms
  total                          303.83 ms

wire: T_Y 4.1 KB, T_u 1.5 KB, T_R 3.0 KB, norms 0.2 KB, labrador 67.9 KB
proof: 76.7 KB total, per-proof phi 3 MB
verification: accepted

peak resident set: 842 MB
	Command being timed: "./target/release/bin-ntt --suite m"
	User time (seconds): 0.96
	System time (seconds): 0.31
	Percent of CPU this job got: 100%
	Elapsed (wall clock) time (h:mm:ss or m:ss): 0:01.27
	Average shared text size (kbytes): 0
	Average unshared data size (kbytes): 0
	Average stack size (kbytes): 0
	Average total size (kbytes): 0
	Maximum resident set size (kbytes): 862720
	Average resident set size (kbytes): 0
	Major (requiring I/O) page faults: 0
	Minor (reclaiming a frame) page faults: 305235
	Voluntary context switches: 2
	Involuntary context switches: 16
	Swaps: 0
	File system inputs: 0
	File system outputs: 8
	Socket messages sent: 0
	Socket messages received: 0
	Signals delivered: 0
	Page size (bytes): 4096
	Exit status: 0
