=== size sizexl ===
=== short challenge: weight 28, canonical bound 12, 1000 samples ===
  acceptance rate: 0.6605 (1 in 1.51)


=== recursion on ===
witness: 2^24 F162 = 4194304 ring elements of R_648, 2048 columns of 8192 F162
  public parameters              400.32 ms
  key-time buffers                  244 MB
  witness: 24 vectors, 105792 polynomials of Z_Q[X]/(X^64+1)
  commitment ranks: kappa_Y 12, kappa_u 4, kappa_R 9

PROVER
  commit (with T_Y)             1258.92 ms
  row_evaluate                    28.76 ms
  commit_left_expansion            2.02 ms
  prove_opening                 2224.97 ms
    fold                         256.74 ms
    encoding                     105.40 ms
    T_R                           21.44 ms
    masks                         49.58 ms
    constraint phi                19.19 ms
    statement build              139.05 ms
    labrador::prove             1609.90 ms
  total                         3514.67 ms

STATEMENT
  derive_evaluation_point          0.00 ms
  mle_evaluate                    28.87 ms
  total                           28.87 ms

VERIFIER
  derive_folding_challenges        2.19 ms
  statement rebuild              249.40 ms
    layout                        24.97 ms
    no-wrap bound                 14.45 ms
    constraint phi                19.10 ms
    statement build              141.00 ms
  labrador::verify               878.87 ms
  total                         1152.58 ms

wire: T_Y 4.5 KB, T_u 1.5 KB, T_R 3.4 KB, norms 0.2 KB, labrador 77.9 KB
proof: 87.4 KB total, per-proof phi 11 MB
verification: accepted

peak resident set: 7453 MB
	Command being timed: "./target/release/bin-ntt --suite xl"
	User time (seconds): 6.81
	System time (seconds): 2.25
	Percent of CPU this job got: 99%
	Elapsed (wall clock) time (h:mm:ss or m:ss): 0:09.06
	Average shared text size (kbytes): 0
	Average unshared data size (kbytes): 0
	Average stack size (kbytes): 0
	Average total size (kbytes): 0
	Maximum resident set size (kbytes): 7631536
	Average resident set size (kbytes): 0
	Major (requiring I/O) page faults: 0
	Minor (reclaiming a frame) page faults: 2471483
	Voluntary context switches: 2
	Involuntary context switches: 105
	Swaps: 0
	File system inputs: 0
	File system outputs: 8
	Socket messages sent: 0
	Socket messages received: 0
	Signals delivered: 0
	Page size (bytes): 4096
	Exit status: 0
