   Compiling labinius v0.1.0 (<workspace>/crates/pcs)
   Compiling labinius-bench v0.1.0 (<workspace>/crates/bench)
   Compiling labinius-flock v0.1.0 (<workspace>/crates/flock)
   Compiling labinius-binius v0.1.0 (<workspace>/crates/binius)
   Compiling pcs-competitors v0.1.0 (<workspace>/crates/competitors)
warning: function `recursive` is never used
   --> crates/bench/src/bin/labinius.rs:362:4
    |
362 | fn recursive(suite: &Suite) {
    |    ^^^^^^^^^
    |
    = note: `#[warn(dead_code)]` (part of `#[warn(unused)]`) on by default

warning: `labinius-bench` (bin "labinius") generated 1 warning
    Finished `release` profile [optimized + debuginfo] target(s) in 1m 00s
   Compiling labinius v0.1.0 (<workspace>/crates/pcs)
   Compiling labinius-bench v0.1.0 (<workspace>/crates/bench)
   Compiling labinius-flock v0.1.0 (<workspace>/crates/flock)
   Compiling pcs-competitors v0.1.0 (<workspace>/crates/competitors)
   Compiling labinius-binius v0.1.0 (<workspace>/crates/binius)
warning: function `plain` is never used
  --> crates/bench/src/bin/labinius.rs:60:4
   |
60 | fn plain(suite: &Suite) {
   |    ^^^^^
   |
   = note: `#[warn(dead_code)]` (part of `#[warn(unused)]`) on by default

warning: function `plain_bd` is never used
   --> crates/bench/src/bin/labinius.rs:210:4
    |
210 | fn plain_bd(suite: &Suite) {
    |    ^^^^^^^^

warning: `labinius-bench` (bin "labinius") generated 2 warnings
    Finished `release` profile [optimized + debuginfo] target(s) in 1m 01s
