labinius over flock BLAKE3, core 3, one thread, size sizes
2048 compressions of BLAKE3: m = 25, k_log = 14, 11707 useful bits per block, 262144 committed
stock union: log_inv_rate 1, profile Fast, Ligerito over the compacted stack, dense m = 25 in 188416 F128
stock core:  log_inv_rate 1, profile Fast, Ligerito over the padded buffer, m = 25 in 262144 F128
recursion off: 2^18 F162 in 128 columns, moduli 9721, 12637
recursion on:  2^18 F162 in 256 columns, moduli 9721, 12637
bit-drop:      2^18 F162 in 128 columns, moduli 3889, 2917, 4861, 10 bits dropped

                                          stock        stock    recursion    recursion             
                                          union         core          off           on     bit-drop

SETUP (once, not per proof)
  R1CS and PCS parameters               2032.49      2032.49      2032.49      2032.49      2032.49 ms
  commitment key                              —            —        43.80        79.49        49.48 ms

PROVER
  witness                                  3.49         3.49         3.49         3.49         3.49 ms
  lift to F162                                —            —         0.77         0.97         1.02 ms
  commit, bind, zerocheck, lincheck            —        45.90            —            —            — ms
  commit                                      —            —        13.89        18.65        20.74 ms
  bind the commitment                         —            —         0.39         0.08         0.65 ms
  zerocheck                                   —            —        11.30        11.26        11.22 ms
  lincheck                                    —            —        24.85        24.87        24.88 ms
  ring-switch / cross-field switch            —            —        34.07        34.06        33.09 ms
  opening                                     —        30.48         7.63       209.34         5.95 ms
  rest                                        —            —         0.01         0.01         0.01 ms
  proof after the witness                     —        76.38        92.91       299.25        97.56 ms
  total, witness included                105.67        79.87        96.40       302.74       101.05 ms

VERIFIER
  zerocheck and lincheck                      —        23.98        24.14        23.84        24.09 ms
  ring-switch / cross-field switch            —            —         0.67         0.66         0.65 ms
  decode the opening                          —            —         0.14            —         0.13 ms
  Ligerito / our opening                      —         2.12         0.94       129.64         1.37 ms
  total                                   25.60        26.09        26.26       154.21        27.27 ms

SIZES
  zerocheck                                   —         2.84         2.84         2.84         2.84 KB
  lincheck                                    —         1.37         1.37         1.37         1.37 KB
  cross-field switch                          —         4.05         4.71         4.71         4.71 KB
  commitment (wire form)                      —         4.00       283.50         4.12       283.50 KB
  opening                                     —       373.13       276.11        75.72       287.87 KB
  total                                  323.87       385.39       568.53        88.76       580.28 KB

peak resident set: 1120 MB

labinius over flock SHA-256, core 3, one thread, size sizes
1024 compressions of SHA-256: m = 25, k_log = 15, 25470 useful bits per block, 262144 committed
stock union: log_inv_rate 1, profile Fast, Ligerito over the compacted stack, dense m = 25 in 204800 F128
stock core:  log_inv_rate 1, profile Fast, Ligerito over the padded buffer, m = 25 in 262144 F128
recursion off: 2^18 F162 in 128 columns, moduli 9721, 12637
recursion on:  2^18 F162 in 256 columns, moduli 9721, 12637
bit-drop:      2^18 F162 in 128 columns, moduli 3889, 2917, 4861, 10 bits dropped

                                          stock        stock    recursion    recursion             
                                          union         core          off           on     bit-drop

SETUP (once, not per proof)
  R1CS and PCS parameters               1632.67      1632.67      1632.67      1632.67      1632.67 ms
  commitment key                              —            —        43.77        69.85        50.24 ms

PROVER
  witness                                  2.40         2.40         2.40         2.40         2.40 ms
  lift to F162                                —            —         1.52         0.91         1.04 ms
  commit, bind, zerocheck, lincheck            —        50.03            —            —            — ms
  commit                                      —            —        13.93        18.63        20.76 ms
  bind the commitment                         —            —         0.34         0.03         0.67 ms
  zerocheck                                   —            —        12.76        12.62        12.63 ms
  lincheck                                    —            —        27.28        27.24        28.63 ms
  ring-switch / cross-field switch            —            —        35.31        29.31        34.61 ms
  opening                                     —        32.19         6.25       195.88         6.00 ms
  rest                                        —            —         0.01         0.01         0.01 ms
  proof after the witness                     —        82.22        97.38       284.62       104.34 ms
  total, witness included                105.17        84.62        99.78       287.02       106.73 ms

VERIFIER
  zerocheck and lincheck                      —        25.96        26.45        25.80        26.02 ms
  ring-switch / cross-field switch            —            —         0.67         0.68         0.67 ms
  decode the opening                          —            —         0.15            —         0.25 ms
  Ligerito / our opening                      —         2.13         0.75       126.75         1.54 ms
  total                                   27.27        28.09        28.40       153.27        29.47 ms

SIZES
  zerocheck                                   —         2.84         2.84         2.84         2.84 KB
  lincheck                                    —         1.41         1.41         1.41         1.41 KB
  cross-field switch                          —         4.05         4.71         4.71         4.71 KB
  commitment (wire form)                      —         4.00       283.50         4.12       283.50 KB
  opening                                     —       373.13       251.31        75.65       247.94 KB
  total                                  339.16       385.43       543.76        88.73       540.40 KB

peak resident set: 1443 MB

	Command being timed: "./target/release/hashes-flock --suite s"
	User time (seconds): 5.30
	System time (seconds): 0.67
	Percent of CPU this job got: 99%
	Elapsed (wall clock) time (h:mm:ss or m:ss): 0:05.98
	Average shared text size (kbytes): 0
	Average unshared data size (kbytes): 0
	Average stack size (kbytes): 0
	Average total size (kbytes): 0
	Maximum resident set size (kbytes): 1477380
	Average resident set size (kbytes): 0
	Major (requiring I/O) page faults: 0
	Minor (reclaiming a frame) page faults: 618361
	Voluntary context switches: 842
	Involuntary context switches: 1952
	Swaps: 0
	File system inputs: 0
	File system outputs: 16
	Socket messages sent: 0
	Socket messages received: 0
	Signals delivered: 0
	Page size (bytes): 4096
	Exit status: 0
