labinius over binius64 keccak-256, core 3, one thread, size sizem
keccak-256 of 475319 bytes: 3495 permutations, 2096980 AND constraints, 2096981 non-public words
stock binius64 at the example's defaults: --log-inv-rate 1, --hash-suite sha256, rayon off
recursion off: 2^20 F162 in 256 columns, moduli 3889, 2917, 4861
recursion on:  2^20 F162 in 512 columns, moduli 3889, 2917, 4861
bit-drop:      2^20 F162 in 256 columns, moduli 3889, 2917, 4861, 9 bits dropped

                                          stock    recursion    recursion             
                                       binius64          off           on     bit-drop

SETUP (once, not per proof)
  circuit                               8216.43      8216.43      8216.43      8216.43 ms
  commitment key and constraints        1955.45      1828.66      1916.23      1827.21 ms

PROVER
  witness                                 33.56        33.56        33.56        33.56 ms
  packing                                     —         5.98         6.05         3.66 ms
  commit                                  45.82        79.36        92.65        80.61 ms
  BitAnd check                           264.90       260.71       257.67       259.41 ms
  shift reduction                        595.79       606.77       608.77       613.11 ms
  ring-switch / cross-field switch        16.23        81.44        82.78        84.64 ms
  opening                                     —        19.60       489.31        20.07 ms
  rest                                    22.57         4.51         3.03         4.46 ms
  total                                  945.32      1058.36      1540.26      1065.96 ms

VERIFIER
  read the commitment                         —         1.16         0.01         1.10 ms
  reductions                               9.49         9.50         9.48         9.52 ms
  ring-switch / cross-field switch         0.00         0.31         0.32         0.32 ms
  decode the opening                          —         0.26            —         0.26 ms
  BaseFold / our opening                   0.56         1.51       297.96         2.37 ms
  wiring check (native)                  321.32       307.55       305.54       305.94 ms
  total                                  331.67       320.83       613.83       320.05 ms

SIZES
  binius64 LIOP                               —         6.03         6.03         6.03 KB
  cross-field switch                          —         3.25         3.25         3.25 KB
  commitment (wire form)                      —       749.25         4.12       587.25 KB
  opening                                     —       648.08        72.91       686.55 KB
  total                                  310.11      1406.61        86.32      1283.08 KB
  the tape carries T_Y as its polx image, 11.0 KB, rather than the wire form above

peak resident set: 10708 MB

labinius over binius64 sha-256, core 3, one thread, size sizem
sha-256 of 290487 bytes: 4539 compressions, 1652197 AND constraints, 2097040 non-public words
stock binius64 at the example's defaults: --log-inv-rate 1, --hash-suite sha256, rayon off
recursion off: 2^20 F162 in 256 columns, moduli 3889, 2917, 4861
recursion on:  2^20 F162 in 512 columns, moduli 3889, 2917, 4861
bit-drop:      2^20 F162 in 256 columns, moduli 3889, 2917, 4861, 9 bits dropped

                                          stock    recursion    recursion             
                                       binius64          off           on     bit-drop

SETUP (once, not per proof)
  circuit                               3677.34      3677.34      3677.34      3677.34 ms
  commitment key and constraints         581.35       583.92       738.70       809.77 ms

PROVER
  witness                                 18.28        18.28        18.28        18.28 ms
  packing                                     —         3.45         3.51         3.67 ms
  commit                                  37.55        78.03        88.78        80.77 ms
  BitAnd check                           114.40       143.71       136.21       111.24 ms
  shift reduction                        230.25       254.43       253.16       226.73 ms
  ring-switch / cross-field switch        16.04        89.82        88.89        67.62 ms
  opening                                     —        19.82       501.06        19.74 ms
  rest                                    21.50         5.49         4.07         5.41 ms
  total                                  419.74       594.75      1075.67       515.18 ms

VERIFIER
  read the commitment                         —         1.13         0.01         1.22 ms
  reductions                               6.14         6.21         6.17         6.22 ms
  ring-switch / cross-field switch         0.01         0.32         0.32         0.31 ms
  decode the opening                          —         0.26            —         0.26 ms
  BaseFold / our opening                   0.55         1.50       280.76         2.40 ms
  wiring check (native)                  115.50       116.11       115.72       115.23 ms
  total                                  122.58       126.18       403.59       126.37 ms

SIZES
  binius64 LIOP                               —         6.06         6.06         6.06 KB
  cross-field switch                          —         3.25         3.25         3.25 KB
  commitment (wire form)                      —       749.25         4.12       587.25 KB
  opening                                     —       686.52        72.82       623.92 KB
  total                                  310.14      1445.08        86.25      1220.49 KB
  the tape carries T_Y as its polx image, 11.0 KB, rather than the wire form above

peak resident set: 10708 MB

labinius over binius64 blake3, core 3, one thread, size sizem
blake3 of 495488 bytes: 8225 compressions, 1380916 AND constraints, 2097034 non-public words
stock binius64 at the example's defaults: --log-inv-rate 1, --hash-suite sha256, rayon off
recursion off: 2^20 F162 in 256 columns, moduli 3889, 2917, 4861
recursion on:  2^20 F162 in 512 columns, moduli 3889, 2917, 4861
bit-drop:      2^20 F162 in 256 columns, moduli 3889, 2917, 4861, 9 bits dropped

                                          stock    recursion    recursion             
                                       binius64          off           on     bit-drop

SETUP (once, not per proof)
  circuit                               3631.33      3631.33      3631.33      3631.33 ms
  commitment key and constraints         758.26       765.11       968.72      1060.85 ms

PROVER
  witness                                 13.73        13.73        13.73        13.73 ms
  packing                                     —         4.72         6.11         3.54 ms
  commit                                  37.79        79.44        96.93        80.74 ms
  BitAnd check                           138.96       163.23       166.25       136.09 ms
  shift reduction                        346.84       376.55       373.77       348.29 ms
  ring-switch / cross-field switch        16.25        85.88        86.24        67.13 ms
  opening                                     —        19.78       490.19        19.81 ms
  rest                                    23.49         7.17         5.73         7.09 ms
  total                                  563.34       736.77      1225.22       662.68 ms

VERIFIER
  read the commitment                         —         1.14         0.01         1.22 ms
  reductions                              10.40        10.43        10.38        10.39 ms
  ring-switch / cross-field switch         0.01         0.32         0.31         0.35 ms
  decode the opening                          —         0.27            —         0.26 ms
  BaseFold / our opening                   0.56         1.57       276.87         2.32 ms
  wiring check (native)                  160.32       162.52       160.15       160.16 ms
  total                                  172.55       177.34       448.79       175.87 ms

SIZES
  binius64 LIOP                               —         6.06         6.06         6.06 KB
  cross-field switch                          —         3.25         3.25         3.25 KB
  commitment (wire form)                      —       749.25         4.12       587.25 KB
  opening                                     —       637.05        72.79       623.03 KB
  total                                  310.14      1395.61        86.23      1219.59 KB
  the tape carries T_Y as its polx image, 11.0 KB, rather than the wire form above

peak resident set: 10708 MB

	Command being timed: "./target/release/hashes-binius --suite m"
	User time (seconds): 40.64
	System time (seconds): 6.75
	Percent of CPU this job got: 99%
	Elapsed (wall clock) time (h:mm:ss or m:ss): 0:47.42
	Average shared text size (kbytes): 0
	Average unshared data size (kbytes): 0
	Average stack size (kbytes): 0
	Average total size (kbytes): 0
	Maximum resident set size (kbytes): 10965312
	Average resident set size (kbytes): 0
	Major (requiring I/O) page faults: 0
	Minor (reclaiming a frame) page faults: 7086689
	Voluntary context switches: 1145
	Involuntary context switches: 4590
	Swaps: 0
	File system inputs: 0
	File system outputs: 24
	Socket messages sent: 0
	Socket messages received: 0
	Signals delivered: 0
	Page size (bytes): 4096
	Exit status: 0
