bin-ntt over flock BLAKE3, core 3, one thread, size sizel
32768 compressions of BLAKE3: m = 29, k_log = 14, 11707 useful bits per block, 4194304 committed
stock union: log_inv_rate 1, profile Fast, Ligerito over the compacted stack, dense m = 29 in 3014656 F128
stock core:  log_inv_rate 1, profile Fast, Ligerito over the padded buffer, m = 29 in 4194304 F128
recursion off: 2^22 F162 in 512 columns, moduli 3889, 2917, 4861
recursion on:  2^22 F162 in 1024 columns, moduli 3889, 2917, 4861
bit-drop:      2^22 F162 in 512 columns, moduli 3889, 2917, 4861, 8 bits dropped

                                          stock        stock    recursion    recursion             
                                          union         core          off           on     bit-drop

SETUP (once, not per proof)
  R1CS and PCS parameters               2348.10      2348.10      2348.10      2348.10      2348.10 ms
  commitment key                              —            —       738.17       917.67       741.92 ms

PROVER
  witness                                 58.46        58.46        58.46        58.46        58.46 ms
  lift to F162                                —            —        41.99        41.21        40.70 ms
  commit, bind, zerocheck, lincheck            —       430.69            —            —            — ms
  commit                                      —            —       290.81       316.22       299.60 ms
  bind the commitment                         —            —         2.27         0.17         2.54 ms
  zerocheck                                   —            —       175.71       175.35       175.35 ms
  lincheck                                    —            —        37.63        37.69        37.64 ms
  ring-switch / cross-field switch            —            —       616.64       607.77       605.14 ms
  opening                                     —       404.86        77.62      1007.84        76.10 ms
  rest                                        —            —         0.01         0.01         0.01 ms
  proof after the witness                     —       835.55      1242.68      2186.25      1237.07 ms
  total, witness included                897.22       894.01      1301.13      2244.71      1295.53 ms

VERIFIER
  zerocheck and lincheck                      —        25.15        24.83        23.98        24.50 ms
  ring-switch / cross-field switch            —            —         0.72         0.73         0.72 ms
  decode the opening                          —            —         0.48            —         0.74 ms
  Ligerito / our opening                      —         3.49         3.27       580.88         5.93 ms
  total                                   26.48        28.64        31.44       605.68        35.81 ms

SIZES
  zerocheck                                   —         2.99         2.99         2.99         2.99 KB
  lincheck                                    —         1.37         1.37         1.37         1.37 KB
  cross-field switch                          —         4.05         4.87         4.87         4.87 KB
  commitment (wire form)                      —         4.00      1498.50         4.12      1174.50 KB
  opening                                     —       332.83      1258.32        86.12      1282.22 KB
  total                                  318.66       345.24      2766.05        99.48      2465.95 KB

peak resident set: 6363 MB

bin-ntt over flock SHA-256, core 3, one thread, size sizel
16384 compressions of SHA-256: m = 29, k_log = 15, 25470 useful bits per block, 4194304 committed
stock union: log_inv_rate 1, profile Fast, Ligerito over the compacted stack, dense m = 29 in 3276800 F128
stock core:  log_inv_rate 1, profile Fast, Ligerito over the padded buffer, m = 29 in 4194304 F128
recursion off: 2^22 F162 in 512 columns, moduli 3889, 2917, 4861
recursion on:  2^22 F162 in 1024 columns, moduli 3889, 2917, 4861
bit-drop:      2^22 F162 in 512 columns, moduli 3889, 2917, 4861, 8 bits dropped

                                          stock        stock    recursion    recursion             
                                          union         core          off           on     bit-drop

SETUP (once, not per proof)
  R1CS and PCS parameters               1887.61      1887.61      1887.61      1887.61      1887.61 ms
  commitment key                              —            —       738.63       900.81       738.32 ms

PROVER
  witness                                 50.31        50.31        50.31        50.31        50.31 ms
  lift to F162                                —            —        40.82        40.81        40.47 ms
  commit, bind, zerocheck, lincheck            —       553.82            —            —            — ms
  commit                                      —            —       290.47       318.57       304.75 ms
  bind the commitment                         —            —         2.32         0.15         2.54 ms
  zerocheck                                   —            —       208.55       197.88       196.17 ms
  lincheck                                    —            —        42.76        42.78        42.83 ms
  ring-switch / cross-field switch            —            —       606.18       603.10       599.16 ms
  opening                                     —       402.23        78.88      1033.92        78.58 ms
  rest                                        —            —         0.01         0.01         0.01 ms
  proof after the witness                     —       956.05      1269.99      2237.21      1264.51 ms
  total, witness included               1028.99      1006.37      1320.30      2287.53      1314.83 ms

VERIFIER
  zerocheck and lincheck                      —        26.05        26.76        25.95        26.51 ms
  ring-switch / cross-field switch            —            —         0.75         0.77         0.76 ms
  decode the opening                          —            —         0.50            —         0.52 ms
  Ligerito / our opening                      —         3.54         3.15       584.90         5.44 ms
  total                                   28.14        29.58        33.39       611.68        36.74 ms

SIZES
  zerocheck                                   —         2.99         2.99         2.99         2.99 KB
  lincheck                                    —         1.41         1.41         1.41         1.41 KB
  cross-field switch                          —         4.05         4.87         4.87         4.87 KB
  commitment (wire form)                      —         4.00      1498.50         4.12      1174.50 KB
  opening                                     —       332.83      1146.26        86.13      1137.93 KB
  total                                  326.32       345.28      2654.03        99.53      2321.69 KB

peak resident set: 6968 MB

	Command being timed: "./target/release/hashes-flock --suite l"
	User time (seconds): 19.15
	System time (seconds): 5.12
	Percent of CPU this job got: 99%
	Elapsed (wall clock) time (h:mm:ss or m:ss): 0:24.28
	Average shared text size (kbytes): 0
	Average unshared data size (kbytes): 0
	Average stack size (kbytes): 0
	Average total size (kbytes): 0
	Maximum resident set size (kbytes): 7134904
	Average resident set size (kbytes): 0
	Major (requiring I/O) page faults: 0
	Minor (reclaiming a frame) page faults: 5389338
	Voluntary context switches: 1771
	Involuntary context switches: 3260
	Swaps: 0
	File system inputs: 0
	File system outputs: 16
	Socket messages sent: 0
	Socket messages received: 0
	Signals delivered: 0
	Page size (bytes): 4096
	Exit status: 0
