bin-ntt over flock BLAKE3, core 3, one thread, size sizem
8192 compressions of BLAKE3: m = 27, k_log = 14, 11707 useful bits per block, 1048576 committed
stock union: log_inv_rate 1, profile Fast, Ligerito over the compacted stack, dense m = 27 in 753664 F128
stock core:  log_inv_rate 1, profile Fast, Ligerito over the padded buffer, m = 27 in 1048576 F128
recursion off: 2^20 F162 in 256 columns, moduli 3889, 2917, 4861
recursion on:  2^20 F162 in 512 columns, moduli 3889, 2917, 4861
bit-drop:      2^20 F162 in 256 columns, moduli 3889, 2917, 4861, 9 bits dropped

                                          stock        stock    recursion    recursion             
                                          union         core          off           on     bit-drop

SETUP (once, not per proof)
  R1CS and PCS parameters               2092.48      2092.48      2092.48      2092.48      2092.48 ms
  commitment key                              —            —       191.15       280.53       187.74 ms

PROVER
  witness                                 14.34        14.34        14.34        14.34        14.34 ms
  lift to F162                                —            —         6.44         8.30         3.95 ms
  commit, bind, zerocheck, lincheck            —       118.66            —            —            — ms
  commit                                      —            —        73.03        86.52        78.41 ms
  bind the commitment                         —            —         1.16         0.04         1.36 ms
  zerocheck                                   —            —        44.04        43.98        43.93 ms
  lincheck                                    —            —        27.47        27.43        27.45 ms
  ring-switch / cross-field switch            —            —       144.61       148.54       144.08 ms
  opening                                     —        90.58        19.97       496.39        20.05 ms
  rest                                        —            —         0.02         0.01         0.01 ms
  proof after the witness                     —       209.23       316.72       811.21       319.24 ms
  total, witness included                232.09       223.57       331.06       825.55       333.58 ms

VERIFIER
  zerocheck and lincheck                      —        23.97        24.37        23.78        24.21 ms
  ring-switch / cross-field switch            —            —         0.71         0.70         0.71 ms
  decode the opening                          —            —         0.25            —         0.25 ms
  Ligerito / our opening                      —         3.22         1.76       317.93         2.52 ms
  total                                   26.23        27.18        28.19       342.51        29.74 ms

SIZES
  zerocheck                                   —         2.91         2.91         2.91         2.91 KB
  lincheck                                    —         1.37         1.37         1.37         1.37 KB
  cross-field switch                          —         4.05         4.79         4.79         4.79 KB
  commitment (wire form)                      —         4.00       749.25         4.12       587.25 KB
  opening                                     —       399.26       595.16        72.58       590.07 KB
  total                                  350.38       411.59      1353.49        85.77      1186.39 KB

peak resident set: 2342 MB

bin-ntt over flock SHA-256, core 3, one thread, size sizem
4096 compressions of SHA-256: m = 27, k_log = 15, 25470 useful bits per block, 1048576 committed
stock union: log_inv_rate 1, profile Fast, Ligerito over the compacted stack, dense m = 27 in 819200 F128
stock core:  log_inv_rate 1, profile Fast, Ligerito over the padded buffer, m = 27 in 1048576 F128
recursion off: 2^20 F162 in 256 columns, moduli 3889, 2917, 4861
recursion on:  2^20 F162 in 512 columns, moduli 3889, 2917, 4861
bit-drop:      2^20 F162 in 256 columns, moduli 3889, 2917, 4861, 9 bits dropped

                                          stock        stock    recursion    recursion             
                                          union         core          off           on     bit-drop

SETUP (once, not per proof)
  R1CS and PCS parameters               1655.72      1655.72      1655.72      1655.72      1655.72 ms
  commitment key                              —            —       184.87       256.85       185.82 ms

PROVER
  witness                                  9.65         9.65         9.65         9.65         9.65 ms
  lift to F162                                —            —         6.40         8.27         4.00 ms
  commit, bind, zerocheck, lincheck            —       134.09            —            —            — ms
  commit                                      —            —        72.89        86.80        78.34 ms
  bind the commitment                         —            —         1.12         0.04         1.28 ms
  zerocheck                                   —            —        50.06        48.73        48.93 ms
  lincheck                                    —            —        30.84        30.36        30.41 ms
  ring-switch / cross-field switch            —            —       146.11       148.45       144.62 ms
  opening                                     —        80.79        20.10       491.52        20.14 ms
  rest                                        —            —         0.01         0.01         0.01 ms
  proof after the witness                     —       214.87       327.54       814.18       327.73 ms
  total, witness included                260.12       224.53       337.20       823.83       337.39 ms

VERIFIER
  zerocheck and lincheck                      —        26.00        26.30        25.63        26.18 ms
  ring-switch / cross-field switch            —            —         0.73         0.72         0.74 ms
  decode the opening                          —            —         0.24            —         0.26 ms
  Ligerito / our opening                      —         3.23         1.54       297.10         2.28 ms
  total                                   28.01        29.22        29.91       323.47        31.26 ms

SIZES
  zerocheck                                   —         2.91         2.91         2.91         2.91 KB
  lincheck                                    —         1.41         1.41         1.41         1.41 KB
  cross-field switch                          —         4.05         4.79         4.79         4.79 KB
  commitment (wire form)                      —         4.00       749.25         4.12       587.25 KB
  opening                                     —       399.26       541.46        72.86       540.94 KB
  total                                  365.67       411.63      1299.82        86.09      1137.30 KB

peak resident set: 2697 MB

	Command being timed: "./target/release/hashes-flock --suite m"
	User time (seconds): 8.51
	System time (seconds): 1.47
	Percent of CPU this job got: 99%
	Elapsed (wall clock) time (h:mm:ss or m:ss): 0:09.99
	Average shared text size (kbytes): 0
	Average unshared data size (kbytes): 0
	Average stack size (kbytes): 0
	Average total size (kbytes): 0
	Maximum resident set size (kbytes): 2762036
	Average resident set size (kbytes): 0
	Major (requiring I/O) page faults: 0
	Minor (reclaiming a frame) page faults: 1523853
	Voluntary context switches: 1024
	Involuntary context switches: 2295
	Swaps: 0
	File system inputs: 0
	File system outputs: 16
	Socket messages sent: 0
	Socket messages received: 0
	Signals delivered: 0
	Page size (bytes): 4096
	Exit status: 0
