=== size sizem ===
=== short challenge: weight 28, canonical bound 12, 1000 samples ===
  acceptance rate: 0.6605 (1 in 1.51)

labinius, core 3, one thread, moduli 3889, 2917, 4861

=== recursion off ===
witness: 2^20 F162 = 262144 ring elements of R_648, 256 columns of 4096 F162
folded witness: 1024 ring elements of R_648, 256 F162 of row evaluation
  public parameters                4.56 ms

PROVER
  commit                          74.75 ms
  row_evaluate                     1.65 ms
  fold                            15.73 ms
  pack commitment, row             1.19 ms
  encode folded witness            1.67 ms
  total                           94.99 ms
  total except encode             93.32 ms

STATEMENT
  derive_evaluation_point          0.76 ms
  mle_evaluate                     1.70 ms
  total                            2.46 ms

VERIFIER
  derive_folding_challenges        0.32 ms
  decode                           0.30 ms
  fold_commitment                  0.13 ms
  fold_row_evaluation              0.01 ms
  verify_evaluation                0.01 ms
  verify_folded_opening            0.79 ms
  total                            1.55 ms
  total except decode              1.26 ms

wire: commitment 749.2 KB, row evaluation 5.1 KB, folded witness 666.9 KB, TOTAL 1421.2 KB
verification: accepted

=== plain-bd ===
witness: 2^20 F162 = 262144 ring elements of R_648, 256 columns of 4096 F162
dropped bits 9, residual cap 405872861184 over the expectation 1.015e11
  public parameters                3.14 ms

PROVER
  commit (with the digits)        78.02 ms
  row_evaluate                     1.70 ms
  fold                            15.83 ms
  pack commitment, row             0.87 ms
  encode folded witness            1.66 ms
  total                           98.09 ms
  total except encode             96.42 ms

STATEMENT
  derive_evaluation_point          1.00 ms
  mle_evaluate                     1.75 ms
  total                            2.75 ms

VERIFIER
  derive_folding_challenges        0.30 ms
  decode                           0.99 ms
  fold_row_evaluation              0.01 ms
  verify_evaluation                0.01 ms
  verify_folded_opening            1.69 ms
  total                            3.00 ms
  total except decode              2.00 ms

wire: commitment 587.2 KB, row evaluation 5.1 KB, folded witness 659.4 KB, TOTAL 1251.7 KB
verification: accepted
tampered fold: rejected (the opening was rejected)

peak resident set: 403 MB
	Command being timed: "./target/release/labinius --suite m"
	User time (seconds): 0.61
	System time (seconds): 0.18
	Percent of CPU this job got: 99%
	Elapsed (wall clock) time (h:mm:ss or m:ss): 0:00.80
	Average shared text size (kbytes): 0
	Average unshared data size (kbytes): 0
	Average stack size (kbytes): 0
	Average total size (kbytes): 0
	Maximum resident set size (kbytes): 412368
	Average resident set size (kbytes): 0
	Major (requiring I/O) page faults: 0
	Minor (reclaiming a frame) page faults: 198701
	Voluntary context switches: 1
	Involuntary context switches: 10
	Swaps: 0
	File system inputs: 0
	File system outputs: 8
	Socket messages sent: 0
	Socket messages received: 0
	Signals delivered: 0
	Page size (bytes): 4096
	Exit status: 0
