   Compiling labinius v0.1.0 (/home/ubuntu/labinius/crates/pcs)
   Compiling labinius-bench v0.1.0 (/home/ubuntu/labinius/crates/bench)
   Compiling pcs-competitors v0.1.0 (/home/ubuntu/labinius/crates/competitors)
   Compiling labinius-flock v0.1.0 (/home/ubuntu/labinius/crates/flock)
   Compiling labinius-binius v0.1.0 (/home/ubuntu/labinius/crates/binius)
warning: function `recursive` is never used
   --> crates/bench/src/bin/labinius.rs:410:4
    |
410 | fn recursive(suite: &Suite) {
    |    ^^^^^^^^^
    |
    = note: `#[warn(dead_code)]` (part of `#[warn(unused)]`) on by default

warning: `labinius-bench` (bin "labinius") generated 1 warning
error: linking with `gcc` failed: exit status: 1
  |
  = note:  "gcc" "-m64" "<1 object files omitted>" "-Wl,--as-needed" "-Wl,-Bstatic" "/home/ubuntu/labinius/target/release/deps/rustcMLU6Tb/{liblabinius-7851c48197de93ca,libblake3-d202ff3352b379fc}.rlib" "<sysroot>/lib/rustlib/x86_64-unknown-linux-gnu/lib/libcompiler_builtins-*.rlib" "-Wl,-Bdynamic" "-lm" "-lgcc_s" "-lutil" "-lrt" "-lpthread" "-lm" "-ldl" "-lc" "-L" "/home/ubuntu/labinius/target/release/deps/rustcMLU6Tb/raw-dylibs" "-Wl,--eh-frame-hdr" "-Wl,-z,noexecstack" "-L" "/home/ubuntu/labinius/target/release/build/blake3-ea03019e05699083/out" "-L" "/home/ubuntu/labinius/target/release/build/labinius-5d595776eedc743b/out" "-L" "/home/ubuntu/labinius/crates/pcs/labrador" "-L" "<sysroot>/lib/rustlib/x86_64-unknown-linux-gnu/lib" "-o" "/home/ubuntu/labinius/target/release/deps/hashes_binius-9f21f4346489e97d" "-Wl,--gc-sections" "-pie" "-Wl,-z,relro,-z,now" "-Wl,-O1" "-nodefaultlibs"
  = note: some arguments are omitted. use `--verbose` to show all linker arguments
  = note: /usr/bin/x86_64-linux-gnu-ld.bfd: final link failed: No space left on device
          collect2: error: ld returned 1 exit status
          

error: could not compile `labinius-binius` (bin "hashes-binius") due to 1 previous error
   Compiling labinius v0.1.0 (/home/ubuntu/labinius/crates/pcs)
   Compiling labinius-bench v0.1.0 (/home/ubuntu/labinius/crates/bench)
   Compiling labinius-binius v0.1.0 (/home/ubuntu/labinius/crates/binius)
   Compiling labinius-flock v0.1.0 (/home/ubuntu/labinius/crates/flock)
   Compiling pcs-competitors v0.1.0 (/home/ubuntu/labinius/crates/competitors)
warning: function `plain` is never used
   --> crates/bench/src/bin/labinius.rs:104:4
    |
104 | fn plain(suite: &Suite) {
    |    ^^^^^
    |
    = note: `#[warn(dead_code)]` (part of `#[warn(unused)]`) on by default

warning: function `plain_bd` is never used
   --> crates/bench/src/bin/labinius.rs:256:4
    |
256 | fn plain_bd(suite: &Suite) {
    |    ^^^^^^^^

error: failed to build archive at `/home/ubuntu/labinius/target/release/deps/libpcs_competitors-82cf7112ffa9e20a.rlib`: No space left on device (os error 28)

error: could not compile `pcs-competitors` (lib) due to 1 previous error
warning: build failed, waiting for other jobs to finish...
rustc-LLVM ERROR: IO failure on output stream: No space left on device
warning: `labinius-bench` (bin "labinius") generated 2 warnings
error: could not compile `labinius-bench` (bin "labinius"); 2 warnings emitted

Caused by:
  process didn't exit successfully: `/home/ubuntu/.rustup/toolchains/stable-x86_64-unknown-linux-gnu/bin/rustc --crate-name labinius --edition=2021 crates/bench/src/bin/labinius.rs --error-format=json --json=diagnostic-rendered-ansi,artifacts,future-incompat --crate-type bin --emit=dep-info,link -C opt-level=3 -C panic=abort -C lto=fat -C codegen-units=1 -C debuginfo=1 --cfg 'feature="labrador"' --check-cfg 'cfg(docsrs,test)' --check-cfg 'cfg(feature, values("labrador"))' -C metadata=4ced8b738ed7cfe3 -C extra-filename=-c740424b25ea8fe3 --out-dir /home/ubuntu/labinius/target/release/deps -C linker=gcc -L dependency=/home/ubuntu/labinius/target/release/deps --extern labinius=/home/ubuntu/labinius/target/release/deps/liblabinius-a8e264cc5cd2f3a1.rlib --extern labinius_bench=/home/ubuntu/labinius/target/release/deps/liblabinius_bench-54128f280b24d3bf.rlib -C target-cpu=native -L native=/home/ubuntu/labinius/target/release/build/labinius-3024b92114dcab25/out -L native=/home/ubuntu/labinius/target/release/build/blake3-ea03019e05699083/out -L native=/home/ubuntu/labinius/target/release/build/blake3-ea03019e05699083/out -L native=/home/ubuntu/labinius/crates/pcs/labrador` (exit status: 101)
rustc-LLVM ERROR: IO failure on output stream: No space left on device
error: could not compile `labinius-bench` (bin "calibrate")

Caused by:
  process didn't exit successfully: `/home/ubuntu/.rustup/toolchains/stable-x86_64-unknown-linux-gnu/bin/rustc --crate-name calibrate --edition=2021 crates/bench/src/bin/calibrate/main.rs --error-format=json --json=diagnostic-rendered-ansi,artifacts,future-incompat --crate-type bin --emit=dep-info,link -C opt-level=3 -C panic=abort -C lto=fat -C codegen-units=1 -C debuginfo=1 --cfg 'feature="labrador"' --check-cfg 'cfg(docsrs,test)' --check-cfg 'cfg(feature, values("labrador"))' -C metadata=29fbc7b8120d55cd -C extra-filename=-ba3d7b7f8a728d1d --out-dir /home/ubuntu/labinius/target/release/deps -C linker=gcc -L dependency=/home/ubuntu/labinius/target/release/deps --extern labinius=/home/ubuntu/labinius/target/release/deps/liblabinius-a8e264cc5cd2f3a1.rlib --extern labinius_bench=/home/ubuntu/labinius/target/release/deps/liblabinius_bench-54128f280b24d3bf.rlib -C target-cpu=native -L native=/home/ubuntu/labinius/target/release/build/labinius-3024b92114dcab25/out -L native=/home/ubuntu/labinius/target/release/build/blake3-ea03019e05699083/out -L native=/home/ubuntu/labinius/target/release/build/blake3-ea03019e05699083/out -L native=/home/ubuntu/labinius/crates/pcs/labrador` (exit status: 101)
error: failed to write bytecode to /home/ubuntu/labinius/target/release/deps/labinius_binius-cdae6d05d3bd3ef3.labinius_binius.a661dbd653b07a1e-cgu.0.rcgu.bc: No space left on device (os error 28)

error: could not compile `labinius-binius` (lib) due to 1 previous error
rustc-LLVM ERROR: IO failure on output stream: No space left on device
error: could not compile `labinius-flock` (bin "hashes-flock")

Caused by:
  process didn't exit successfully: `/home/ubuntu/.rustup/toolchains/stable-x86_64-unknown-linux-gnu/bin/rustc --crate-name hashes_flock --edition=2021 crates/flock/src/bin/hashes-flock.rs --error-format=json --json=diagnostic-rendered-ansi,artifacts,future-incompat --crate-type bin --emit=dep-info,link -C opt-level=3 -C panic=abort -C lto=fat -C codegen-units=1 -C debuginfo=1 --check-cfg 'cfg(docsrs,test)' --check-cfg 'cfg(feature, values())' -C metadata=48b07e8e31237c9e -C extra-filename=-5faaf4c1cda88793 --out-dir /home/ubuntu/labinius/target/release/deps -C linker=gcc -L dependency=/home/ubuntu/labinius/target/release/deps --extern bincode=/home/ubuntu/labinius/target/release/deps/libbincode-043dd816da54c2a4.rlib --extern blake3=/home/ubuntu/labinius/target/release/deps/libblake3-d202ff3352b379fc.rlib --extern flock_core=/home/ubuntu/labinius/target/release/deps/libflock_core-2826b9ec58f24a55.rlib --extern flock_field=/home/ubuntu/labinius/target/release/deps/libflock_field-8ed67bed2a968bec.rlib --extern flock_prover=/home/ubuntu/labinius/target/release/deps/libflock_prover-e04a9d8b0e504066.rlib --extern flock_transcript=/home/ubuntu/labinius/target/release/deps/libflock_transcript-c2e6ff1e2eb0c115.rlib --extern labinius=/home/ubuntu/labinius/target/release/deps/liblabinius-a8e264cc5cd2f3a1.rlib --extern labinius_bench=/home/ubuntu/labinius/target/release/deps/liblabinius_bench-54128f280b24d3bf.rlib --extern labinius_flock=/home/ubuntu/labinius/target/release/deps/liblabinius_flock-621751829bfedde3.rlib --extern serde=/home/ubuntu/labinius/target/release/deps/libserde-1be8df9aa7dbd424.rlib -C target-cpu=native -L native=/home/ubuntu/labinius/target/release/build/blake3-ea03019e05699083/out -L native=/home/ubuntu/labinius/target/release/build/blake3-ea03019e05699083/out -L native=/home/ubuntu/labinius/target/release/build/sha2-asm-de55c607ccfd5c49/out -L native=/home/ubuntu/labinius/target/release/build/sha2-asm-de55c607ccfd5c49/out -L native=/home/ubuntu/labinius/target/release/build/labinius-3024b92114dcab25/out -L native=/home/ubuntu/labinius/crates/pcs/labrador` (exit status: 101)
