labinius over flock BLAKE3, core 3, one thread, size sizes
2048 compressions of BLAKE3: m = 25, k_log = 14, 11707 useful bits per block, 262144 committed
stock union: log_inv_rate 1, profile Fast, Ligerito over the compacted stack, dense m = 25 in 188416 F128
stock core:  log_inv_rate 1, profile Fast, Ligerito over the padded buffer, m = 25 in 262144 F128
recursion off: 2^18 F162 in 128 columns, moduli 9721, 12637
recursion on:  2^18 F162 in 256 columns, moduli 9721, 12637
bit-drop:      2^18 F162 in 128 columns, moduli 3889, 2917, 4861, 10 bits dropped

                                          stock        stock    recursion    recursion             
                                          union         core          off           on     bit-drop

SETUP (once, not per proof)
  R1CS and PCS parameters               1480.85      1480.85      1480.85      1480.85      1480.85 ms
  commitment key                              —            —        28.42        50.64        33.94 ms

PROVER
  witness                                  2.39         2.39         2.39         2.39         2.39 ms
  lift to F162                                —            —         0.45         0.42         0.38 ms
  commit, bind, zerocheck, lincheck            —        39.88            —            —            — ms
  commit                                      —            —         8.51        11.91        14.22 ms
  bind the commitment                         —            —         0.41         0.08         0.54 ms
  zerocheck                                   —            —         8.15         8.17         8.14 ms
  lincheck                                    —            —        26.78        27.02        26.69 ms
  ring-switch / cross-field switch            —            —        27.35        26.07        23.55 ms
  opening                                     —        31.78         4.15       138.41         4.15 ms
  rest                                        —            —        -0.15         0.03        -0.00 ms
  proof after the witness                     —        71.66        75.66       212.09        77.67 ms
  total, witness included                 76.74        74.05        78.05       214.48        80.06 ms

VERIFIER
  zerocheck and lincheck                      —        26.14        26.28        26.47        26.54 ms
  ring-switch / cross-field switch            —            —         0.61         0.65         0.62 ms
  decode the opening                          —            —         0.13            —         0.13 ms
  Ligerito / our opening                      —         1.49         0.73        97.76         1.01 ms
  total                                   27.67        27.63        28.05       124.87        28.92 ms

SIZES
  zerocheck                                   —         2.84         2.84         2.84         2.84 KB
  lincheck                                    —         1.37         1.37         1.37         1.37 KB
  cross-field switch                          —         4.05         4.71         4.71         4.71 KB
  commitment (wire form)                      —         4.00       283.50         4.12       283.50 KB
  opening                                     —       373.13       284.47        75.47       271.38 KB
  total                                  323.87       385.39       576.89        88.51       563.79 KB

peak resident set: 1143 MB

labinius over flock SHA-256, core 3, one thread, size sizes
1024 compressions of SHA-256: m = 25, k_log = 15, 25470 useful bits per block, 262144 committed
stock union: log_inv_rate 1, profile Fast, Ligerito over the compacted stack, dense m = 25 in 204800 F128
stock core:  log_inv_rate 1, profile Fast, Ligerito over the padded buffer, m = 25 in 262144 F128
recursion off: 2^18 F162 in 128 columns, moduli 9721, 12637
recursion on:  2^18 F162 in 256 columns, moduli 9721, 12637
bit-drop:      2^18 F162 in 128 columns, moduli 3889, 2917, 4861, 10 bits dropped

                                          stock        stock    recursion    recursion             
                                          union         core          off           on     bit-drop

SETUP (once, not per proof)
  R1CS and PCS parameters               1904.80      1904.80      1904.80      1904.80      1904.80 ms
  commitment key                              —            —        28.73        50.07        33.90 ms

PROVER
  witness                                  1.63         1.63         1.63         1.63         1.63 ms
  lift to F162                                —            —         0.41         0.41         0.35 ms
  commit, bind, zerocheck, lincheck            —        41.65            —            —            — ms
  commit                                      —            —         8.54        12.05        13.93 ms
  bind the commitment                         —            —         0.32         0.02         0.52 ms
  zerocheck                                   —            —         8.83         8.91         8.83 ms
  lincheck                                    —            —        27.61        27.62        27.55 ms
  ring-switch / cross-field switch            —            —        23.39        27.39        23.40 ms
  opening                                     —        21.80         4.07       135.11         4.03 ms
  rest                                        —            —        -0.09        -0.21         0.01 ms
  proof after the witness                     —        63.45        73.06       211.28        78.62 ms
  total, witness included                 86.04        65.08        74.69       212.92        80.25 ms

VERIFIER
  zerocheck and lincheck                      —        26.98        27.09        27.06        26.99 ms
  ring-switch / cross-field switch            —            —         0.63         0.67         0.63 ms
  decode the opening                          —            —         0.13            —         0.13 ms
  Ligerito / our opening                      —         1.51         0.61        94.89         0.94 ms
  total                                   28.16        28.49        28.70       122.84        29.35 ms

SIZES
  zerocheck                                   —         2.84         2.84         2.84         2.84 KB
  lincheck                                    —         1.41         1.41         1.41         1.41 KB
  cross-field switch                          —         4.05         4.71         4.71         4.71 KB
  commitment (wire form)                      —         4.00       283.50         4.12       283.50 KB
  opening                                     —       373.13       250.26        75.16       247.89 KB
  total                                  339.16       385.43       542.71        88.24       540.35 KB

peak resident set: 1452 MB

	Command being timed: "./target/release/hashes-flock --suite s"
	User time (seconds): 49.41
	System time (seconds): 2.80
	Percent of CPU this job got: 99%
	Elapsed (wall clock) time (h:mm:ss or m:ss): 0:52.22
	Average shared text size (kbytes): 0
	Average unshared data size (kbytes): 0
	Average stack size (kbytes): 0
	Average total size (kbytes): 0
	Maximum resident set size (kbytes): 1486896
	Average resident set size (kbytes): 0
	Major (requiring I/O) page faults: 0
	Minor (reclaiming a frame) page faults: 3866049
	Voluntary context switches: 8216
	Involuntary context switches: 14132
	Swaps: 0
	File system inputs: 0
	File system outputs: 16
	Socket messages sent: 0
	Socket messages received: 0
	Signals delivered: 0
	Page size (bytes): 4096
	Exit status: 0
