labinius over flock BLAKE3, core 3, one thread, size sizem
8192 compressions of BLAKE3: m = 27, k_log = 14, 11707 useful bits per block, 1048576 committed
stock union: log_inv_rate 1, profile Fast, Ligerito over the compacted stack, dense m = 27 in 753664 F128
stock core:  log_inv_rate 1, profile Fast, Ligerito over the padded buffer, m = 27 in 1048576 F128
recursion off: 2^20 F162 in 256 columns, moduli 3889, 2917, 4861
recursion on:  2^20 F162 in 512 columns, moduli 3889, 2917, 4861
bit-drop:      2^20 F162 in 256 columns, moduli 3889, 2917, 4861, 9 bits dropped

                                          stock        stock    recursion    recursion             
                                          union         core          off           on     bit-drop

SETUP (once, not per proof)
  R1CS and PCS parameters               1484.11      1484.11      1484.11      1484.11      1484.11 ms
  commitment key                              —            —       131.06       190.01       132.97 ms

PROVER
  witness                                 10.53        10.53        10.53        10.53        10.53 ms
  lift to F162                                —            —         5.04         1.70         5.05 ms
  commit, bind, zerocheck, lincheck            —        90.01            —            —            — ms
  commit                                      —            —        46.55        57.02        51.14 ms
  bind the commitment                         —            —         1.23         0.05         1.25 ms
  zerocheck                                   —            —        31.59        31.66        31.63 ms
  lincheck                                    —            —        28.68        28.24        28.65 ms
  ring-switch / cross-field switch            —            —       119.05       115.83       120.52 ms
  opening                                     —        73.98        13.60       342.84        13.58 ms
  rest                                        —            —        -0.13         0.11        -0.28 ms
  proof after the witness                     —       163.98       245.61       577.44       251.54 ms
  total, witness included                190.85       174.52       256.14       587.97       262.08 ms

VERIFIER
  zerocheck and lincheck                      —        26.33        26.50        26.07        26.44 ms
  ring-switch / cross-field switch            —            —         0.68         0.71         0.69 ms
  decode the opening                          —            —         0.26            —         0.25 ms
  Ligerito / our opening                      —         2.33         1.38       223.31         1.78 ms
  total                                   28.12        28.67        29.82       250.40        30.34 ms

SIZES
  zerocheck                                   —         2.91         2.91         2.91         2.91 KB
  lincheck                                    —         1.37         1.37         1.37         1.37 KB
  cross-field switch                          —         4.05         4.79         4.79         4.79 KB
  commitment (wire form)                      —         4.00       749.25         4.12       587.25 KB
  opening                                     —       399.26       590.80        72.71       587.41 KB
  total                                  350.38       411.59      1349.12        85.91      1183.73 KB

peak resident set: 2387 MB

labinius over flock SHA-256, core 3, one thread, size sizem
4096 compressions of SHA-256: m = 27, k_log = 15, 25470 useful bits per block, 1048576 committed
stock union: log_inv_rate 1, profile Fast, Ligerito over the compacted stack, dense m = 27 in 819200 F128
stock core:  log_inv_rate 1, profile Fast, Ligerito over the padded buffer, m = 27 in 1048576 F128
recursion off: 2^20 F162 in 256 columns, moduli 3889, 2917, 4861
recursion on:  2^20 F162 in 512 columns, moduli 3889, 2917, 4861
bit-drop:      2^20 F162 in 256 columns, moduli 3889, 2917, 4861, 9 bits dropped

                                          stock        stock    recursion    recursion             
                                          union         core          off           on     bit-drop

SETUP (once, not per proof)
  R1CS and PCS parameters               1915.74      1915.74      1915.74      1915.74      1915.74 ms
  commitment key                              —            —       129.69       188.68       132.14 ms

PROVER
  witness                                  7.53         7.53         7.53         7.53         7.53 ms
  lift to F162                                —            —         1.61         1.71         1.59 ms
  commit, bind, zerocheck, lincheck            —        93.08            —            —            — ms
  commit                                      —            —        45.75        56.44        50.62 ms
  bind the commitment                         —            —         1.16         0.04         1.00 ms
  zerocheck                                   —            —        35.60        35.58        35.51 ms
  lincheck                                    —            —        28.69        28.69        28.68 ms
  ring-switch / cross-field switch            —            —       110.28       111.98       109.51 ms
  opening                                     —        74.39        13.47       342.49        13.52 ms
  rest                                        —            —        -0.04        -0.60         0.03 ms
  proof after the witness                     —       167.47       236.52       576.32       240.46 ms
  total, witness included                205.22       175.01       244.06       583.86       247.99 ms

VERIFIER
  zerocheck and lincheck                      —        25.78        26.30        25.96        26.10 ms
  ring-switch / cross-field switch            —            —         0.67         0.69         0.67 ms
  decode the opening                          —            —         0.26            —         0.26 ms
  Ligerito / our opening                      —         2.35         1.26       215.63         1.65 ms
  total                                   27.66        28.13        29.19       242.34        29.89 ms

SIZES
  zerocheck                                   —         2.91         2.91         2.91         2.91 KB
  lincheck                                    —         1.41         1.41         1.41         1.41 KB
  cross-field switch                          —         4.05         4.79         4.79         4.79 KB
  commitment (wire form)                      —         4.00       749.25         4.12       587.25 KB
  opening                                     —       399.26       560.45        72.71       539.19 KB
  total                                  365.67       411.63      1318.81        85.95      1135.55 KB

peak resident set: 2728 MB

	Command being timed: "./target/release/hashes-flock --suite m"
	User time (seconds): 72.18
	System time (seconds): 8.54
	Percent of CPU this job got: 99%
	Elapsed (wall clock) time (h:mm:ss or m:ss): 1:20.73
	Average shared text size (kbytes): 0
	Average unshared data size (kbytes): 0
	Average stack size (kbytes): 0
	Average total size (kbytes): 0
	Maximum resident set size (kbytes): 2793788
	Average resident set size (kbytes): 0
	Major (requiring I/O) page faults: 0
	Minor (reclaiming a frame) page faults: 11257078
	Voluntary context switches: 9975
	Involuntary context switches: 17611
	Swaps: 0
	File system inputs: 0
	File system outputs: 24
	Socket messages sent: 0
	Socket messages received: 0
	Signals delivered: 0
	Page size (bytes): 4096
	Exit status: 0
