labinius over flock BLAKE3, core 3, one thread, size sizel
32768 compressions of BLAKE3: m = 29, k_log = 14, 11707 useful bits per block, 4194304 committed
stock union: log_inv_rate 1, profile Fast, Ligerito over the compacted stack, dense m = 29 in 3014656 F128
stock core:  log_inv_rate 1, profile Fast, Ligerito over the padded buffer, m = 29 in 4194304 F128
recursion off: 2^22 F162 in 512 columns, moduli 3889, 2917, 4861
recursion on:  2^22 F162 in 1024 columns, moduli 3889, 2917, 4861
bit-drop:      2^22 F162 in 512 columns, moduli 3889, 2917, 4861, 8 bits dropped

                                          stock        stock    recursion    recursion             
                                          union         core          off           on     bit-drop

SETUP (once, not per proof)
  R1CS and PCS parameters               1515.29      1515.29      1515.29      1515.29      1515.29 ms
  commitment key                              —            —       520.34       630.40       518.35 ms

PROVER
  witness                                 52.09        52.09        52.09        52.09        52.09 ms
  lift to F162                                —            —        28.56        28.57        28.62 ms
  commit, bind, zerocheck, lincheck            —       317.04            —            —            — ms
  commit                                      —            —       180.89       202.71       189.52 ms
  bind the commitment                         —            —         2.37         0.06         2.05 ms
  zerocheck                                   —            —       152.37       156.72       156.91 ms
  lincheck                                    —            —        36.04        36.04        35.80 ms
  ring-switch / cross-field switch            —            —       491.59       494.17       497.17 ms
  opening                                     —       335.63        48.66       694.03        48.22 ms
  rest                                        —            —         0.08        -0.62        -0.25 ms
  proof after the witness                     —       652.68       940.55      1611.67       958.04 ms
  total, witness included                744.59       704.76       992.64      1663.76      1010.12 ms

VERIFIER
  zerocheck and lincheck                      —        26.18        27.23        26.05        27.04 ms
  ring-switch / cross-field switch            —            —         0.71         0.74         0.71 ms
  decode the opening                          —            —         0.49            —         0.48 ms
  Ligerito / our opening                      —         2.50         2.46       429.71         2.97 ms
  total                                   28.34        28.68        32.54       456.65        33.74 ms

SIZES
  zerocheck                                   —         2.99         2.99         2.99         2.99 KB
  lincheck                                    —         1.37         1.37         1.37         1.37 KB
  cross-field switch                          —         4.05         4.87         4.87         4.87 KB
  commitment (wire form)                      —         4.00      1498.50         4.12      1174.50 KB
  opening                                     —       332.83      1312.17        86.12      1335.74 KB
  total                                  318.66       345.24      2819.90        99.47      2519.47 KB

peak resident set: 6580 MB

labinius over flock SHA-256, core 3, one thread, size sizel
16384 compressions of SHA-256: m = 29, k_log = 15, 25470 useful bits per block, 4194304 committed
stock union: log_inv_rate 1, profile Fast, Ligerito over the compacted stack, dense m = 29 in 3276800 F128
stock core:  log_inv_rate 1, profile Fast, Ligerito over the padded buffer, m = 29 in 4194304 F128
recursion off: 2^22 F162 in 512 columns, moduli 3889, 2917, 4861
recursion on:  2^22 F162 in 1024 columns, moduli 3889, 2917, 4861
bit-drop:      2^22 F162 in 512 columns, moduli 3889, 2917, 4861, 8 bits dropped

                                          stock        stock    recursion    recursion             
                                          union         core          off           on     bit-drop

SETUP (once, not per proof)
  R1CS and PCS parameters               2064.20      2064.20      2064.20      2064.20      2064.20 ms
  commitment key                              —            —       523.09       624.82       517.51 ms

PROVER
  witness                                 61.14        61.14        61.14        61.14        61.14 ms
  lift to F162                                —            —        28.70        28.73        28.58 ms
  commit, bind, zerocheck, lincheck            —       337.79            —            —            — ms
  commit                                      —            —       178.63       201.65       189.57 ms
  bind the commitment                         —            —         2.36         0.08         2.03 ms
  zerocheck                                   —            —       172.24       175.05       175.78 ms
  lincheck                                    —            —        37.21        37.32        37.26 ms
  ring-switch / cross-field switch            —            —       499.80       495.51       499.93 ms
  opening                                     —       341.89        47.45       690.21        47.66 ms
  rest                                        —            —        -1.44        -0.14        -0.41 ms
  proof after the witness                     —       679.69       964.95      1628.41       980.40 ms
  total, witness included                778.86       740.83      1026.10      1689.55      1041.54 ms

VERIFIER
  zerocheck and lincheck                      —        26.49        27.61        26.84        27.17 ms
  ring-switch / cross-field switch            —            —         0.70         0.72         0.69 ms
  decode the opening                          —            —         0.49            —         0.49 ms
  Ligerito / our opening                      —         2.54         2.38       413.64         3.02 ms
  total                                   28.77        29.03        32.71       441.30        33.77 ms

SIZES
  zerocheck                                   —         2.99         2.99         2.99         2.99 KB
  lincheck                                    —         1.41         1.41         1.41         1.41 KB
  cross-field switch                          —         4.05         4.87         4.87         4.87 KB
  commitment (wire form)                      —         4.00      1498.50         4.12      1174.50 KB
  opening                                     —       332.83      1139.43        85.99      1142.58 KB
  total                                  326.32       345.28      2647.20        99.39      2326.35 KB

peak resident set: 6928 MB

	Command being timed: "./target/release/hashes-flock --suite l"
	User time (seconds): 147.60
	System time (seconds): 38.74
	Percent of CPU this job got: 99%
	Elapsed (wall clock) time (h:mm:ss or m:ss): 3:06.37
	Average shared text size (kbytes): 0
	Average unshared data size (kbytes): 0
	Average stack size (kbytes): 0
	Average total size (kbytes): 0
	Maximum resident set size (kbytes): 7094600
	Average resident set size (kbytes): 0
	Major (requiring I/O) page faults: 0
	Minor (reclaiming a frame) page faults: 51832395
	Voluntary context switches: 17353
	Involuntary context switches: 26831
	Swaps: 0
	File system inputs: 0
	File system outputs: 24
	Socket messages sent: 0
	Socket messages received: 0
	Signals delivered: 0
	Page size (bytes): 4096
	Exit status: 0
