labinius over flock BLAKE3, core 3, one thread, size sizexl
131072 compressions of BLAKE3: m = 31, k_log = 14, 11707 useful bits per block, 16777216 committed
stock union: log_inv_rate 1, profile Fast, Ligerito over the compacted stack, dense m = 31 in 12058624 F128
stock core:  log_inv_rate 1, profile Fast, Ligerito over the padded buffer, m = 31 in 16777216 F128
recursion off: 2^24 F162 in 1024 columns, moduli 3889, 2917, 9721
recursion on:  2^24 F162 in 2048 columns, moduli 3889, 2917, 9721
bit-drop:      2^24 F162 in 1024 columns, moduli 3889, 2917, 4861, 7 bits dropped

                                          stock        stock    recursion    recursion             
                                          union         core          off           on     bit-drop

SETUP (once, not per proof)
  R1CS and PCS parameters               1597.72      1597.72      1597.72      1597.72      1597.72 ms
  commitment key                              —            —      2021.18      2249.63      2007.35 ms

PROVER
  witness                                226.49       226.49       226.49       226.49       226.49 ms
  lift to F162                                —            —       113.34       113.07       114.35 ms
  commit, bind, zerocheck, lincheck            —      1424.84            —            —            — ms
  commit                                      —            —       686.68       728.38       725.83 ms
  bind the commitment                         —            —         4.33         0.07         4.15 ms
  zerocheck                                   —            —       676.21       675.60       675.80 ms
  lincheck                                    —            —        65.14        65.40        65.29 ms
  ring-switch / cross-field switch            —            —      1938.38      1956.89      1919.36 ms
  opening                                     —      1169.19       183.60      1439.55       183.37 ms
  rest                                        —            —         5.98        -4.21         1.55 ms
  proof after the witness                     —      2594.04      3673.66      4974.73      3689.70 ms
  total, witness included               2791.56      2820.53      3900.15      5201.22      3916.19 ms

VERIFIER
  zerocheck and lincheck                      —        26.34        28.08        26.34        27.33 ms
  ring-switch / cross-field switch            —            —         0.82         0.84         0.79 ms
  decode the opening                          —            —         1.07            —         1.01 ms
  Ligerito / our opening                      —         2.03         5.18       786.34         7.23 ms
  total                                   28.42        28.38        38.60       813.51        41.14 ms

SIZES
  zerocheck                                   —         3.07         3.07         3.07         3.07 KB
  lincheck                                    —         1.37         1.37         1.37         1.37 KB
  cross-field switch                          —         4.05         4.95         4.95         4.95 KB
  commitment (wire form)                      —         4.00      3078.00         4.50      2430.00 KB
  opening                                     —       483.02      2689.23        82.76      2749.07 KB
  total                                  434.93       495.52      5776.62        96.65      5188.45 KB

peak resident set: 22648 MB

labinius over flock SHA-256, core 3, one thread, size sizexl
65536 compressions of SHA-256: m = 31, k_log = 15, 25470 useful bits per block, 16777216 committed
stock union: log_inv_rate 1, profile Fast, Ligerito over the compacted stack, dense m = 31 in 13107200 F128
stock core:  log_inv_rate 1, profile Fast, Ligerito over the padded buffer, m = 31 in 16777216 F128
recursion off: 2^24 F162 in 1024 columns, moduli 3889, 2917, 9721
recursion on:  2^24 F162 in 2048 columns, moduli 3889, 2917, 9721
bit-drop:      2^24 F162 in 1024 columns, moduli 3889, 2917, 4861, 7 bits dropped

                                          stock        stock    recursion    recursion             
                                          union         core          off           on     bit-drop

SETUP (once, not per proof)
  R1CS and PCS parameters               2801.38      2801.38      2801.38      2801.38      2801.38 ms
  commitment key                              —            —      2026.40      2268.06      1996.12 ms

PROVER
  witness                                263.53       263.53       263.53       263.53       263.53 ms
  lift to F162                                —            —       114.99       115.18       114.92 ms
  commit, bind, zerocheck, lincheck            —      1522.65            —            —            — ms
  commit                                      —            —       683.36       734.57       729.76 ms
  bind the commitment                         —            —         4.53         0.11         4.14 ms
  zerocheck                                   —            —       746.59       745.98       746.98 ms
  lincheck                                    —            —        67.78        67.76        67.75 ms
  ring-switch / cross-field switch            —            —      1975.30      1979.26      1965.13 ms
  opening                                     —      1175.81       180.27      1497.33       178.03 ms
  rest                                        —            —        -4.28        -8.09        -5.50 ms
  proof after the witness                     —      2698.46      3768.53      5132.09      3801.20 ms
  total, witness included               3033.09      2961.99      4032.06      5395.62      4064.73 ms

VERIFIER
  zerocheck and lincheck                      —        26.75        28.55        26.79        27.94 ms
  ring-switch / cross-field switch            —            —         0.80         0.79         0.73 ms
  decode the opening                          —            —         1.08            —         1.09 ms
  Ligerito / our opening                      —         2.06         5.19       784.39         7.10 ms
  total                                   28.83        28.81        39.60       812.31        41.53 ms

SIZES
  zerocheck                                   —         3.07         3.07         3.07         3.07 KB
  lincheck                                    —         1.41         1.41         1.41         1.41 KB
  cross-field switch                          —         4.05         4.95         4.95         4.95 KB
  commitment (wire form)                      —         4.00      3078.00         4.50      2430.00 KB
  opening                                     —       483.02      2509.69        82.80      2402.34 KB
  total                                  450.22       495.55      5597.11        96.73      4841.77 KB

peak resident set: 22953 MB

	Command being timed: "./target/release/hashes-flock --suite xl"
	User time (seconds): 424.95
	System time (seconds): 145.44
	Percent of CPU this job got: 99%
	Elapsed (wall clock) time (h:mm:ss or m:ss): 9:30.43
	Average shared text size (kbytes): 0
	Average unshared data size (kbytes): 0
	Average stack size (kbytes): 0
	Average total size (kbytes): 0
	Maximum resident set size (kbytes): 23504300
	Average resident set size (kbytes): 0
	Major (requiring I/O) page faults: 0
	Minor (reclaiming a frame) page faults: 205883010
	Voluntary context switches: 21933
	Involuntary context switches: 36857
	Swaps: 0
	File system inputs: 0
	File system outputs: 24
	Socket messages sent: 0
	Socket messages received: 0
	Signals delivered: 0
	Page size (bytes): 4096
	Exit status: 0
