labinius over binius64 keccak-256, core 3, one thread, size sizel
keccak-256 of 1901415 bytes: 13981 permutations, 8388580 AND constraints, 8388581 non-public words
stock binius64 at the example's defaults: --log-inv-rate 1, --hash-suite sha256, rayon off
recursion off: 2^22 F162 in 512 columns, moduli 3889, 2917, 4861
recursion on:  2^22 F162 in 1024 columns, moduli 3889, 2917, 4861
bit-drop:      2^22 F162 in 512 columns, moduli 3889, 2917, 4861, 8 bits dropped

                                          stock    recursion    recursion             
                                       binius64          off           on     bit-drop

SETUP (once, not per proof)
  circuit                              34645.41     34645.41     34645.41     34645.41 ms
  commitment key and constraints        5747.18      5419.38      5602.67      5433.40 ms

PROVER
  witness                                105.93       105.93       105.93       105.93 ms
  packing                                     —        25.25        25.02         6.97 ms
  commit                                 123.05       193.00       215.66       205.28 ms
  BitAnd check                           655.38      1025.64      1039.78      1045.60 ms
  shift reduction                       2191.93      2266.06      2264.54      2273.98 ms
  ring-switch / cross-field switch        61.21       300.56       300.85       300.08 ms
  opening                                     —        46.83       679.33        47.31 ms
  rest                                    53.70        12.21         4.96        10.37 ms
  total                                 3085.26      3869.54      4530.14      3889.58 ms

VERIFIER
  read the commitment                         —         1.43         0.01         2.00 ms
  reductions                              30.23        30.20        30.21        30.19 ms
  ring-switch / cross-field switch         0.01         0.31         0.32         0.31 ms
  decode the opening                          —         0.52            —         0.51 ms
  BaseFold / our opening                   0.63         2.43       395.50         3.39 ms
  wiring check (native)                 1720.54      1729.77      1728.69      1728.53 ms
  total                                 1751.87      1766.19      2155.56      1766.45 ms

SIZES
  binius64 LIOP                               —         6.22         6.22         6.22 KB
  cross-field switch                          —         3.38         3.38         3.38 KB
  commitment (wire form)                      —      1498.50         4.12      1174.50 KB
  opening                                     —      1379.21        86.19      1398.14 KB
  total                                  390.17      2887.31        99.91      2582.24 KB
  the tape carries T_Y as its polx image, 11.0 KB, rather than the wire form above

peak resident set: 41665 MB

labinius over binius64 sha-256, core 3, one thread, size sizel
sha-256 of 1162039 bytes: 18157 compressions, 6609149 AND constraints, 8388556 non-public words
stock binius64 at the example's defaults: --log-inv-rate 1, --hash-suite sha256, rayon off
recursion off: 2^22 F162 in 512 columns, moduli 3889, 2917, 4861
recursion on:  2^22 F162 in 1024 columns, moduli 3889, 2917, 4861
bit-drop:      2^22 F162 in 512 columns, moduli 3889, 2917, 4861, 8 bits dropped

                                          stock    recursion    recursion             
                                       binius64          off           on     bit-drop

SETUP (once, not per proof)
  circuit                              15531.57     15531.57     15531.57     15531.57 ms
  commitment key and constraints        1819.60      1748.37      2130.76      2562.92 ms

PROVER
  witness                                 55.80        55.80        55.80        55.80 ms
  packing                                     —        26.79        18.28         6.94 ms
  commit                                 123.64       195.71       217.38       190.72 ms
  BitAnd check                           352.32       448.70       448.57       437.42 ms
  shift reduction                        798.29       886.41       885.33       885.83 ms
  ring-switch / cross-field switch        60.71       297.91       296.40       272.88 ms
  opening                                     —        48.24       699.73        48.00 ms
  rest                                    58.04        15.94         5.58        18.31 ms
  total                                 1392.99      1919.70      2571.27      1860.10 ms

VERIFIER
  read the commitment                         —         1.41         0.01         1.95 ms
  reductions                              20.24        20.19        20.15        20.14 ms
  ring-switch / cross-field switch         0.01         0.31         0.33         0.33 ms
  decode the opening                          —         0.51            —         0.51 ms
  BaseFold / our opening                   0.63         2.39       373.67         3.38 ms
  wiring check (native)                  633.59       632.40       632.40       632.61 ms
  total                                  656.18       658.99      1027.93       660.42 ms

SIZES
  binius64 LIOP                               —         6.25         6.25         6.25 KB
  cross-field switch                          —         3.38         3.38         3.38 KB
  commitment (wire form)                      —      1498.50         4.12      1174.50 KB
  opening                                     —      1414.46        86.12      1365.49 KB
  total                                  390.20      2922.59        99.88      2549.61 KB
  the tape carries T_Y as its polx image, 11.0 KB, rather than the wire form above

peak resident set: 41665 MB

labinius over binius64 blake3, core 3, one thread, size sizel
blake3 of 1982120 bytes: 32906 compressions, 5524440 AND constraints, 8388608 non-public words
stock binius64 at the example's defaults: --log-inv-rate 1, --hash-suite sha256, rayon off
recursion off: 2^22 F162 in 512 columns, moduli 3889, 2917, 4861
recursion on:  2^22 F162 in 1024 columns, moduli 3889, 2917, 4861
bit-drop:      2^22 F162 in 512 columns, moduli 3889, 2917, 4861, 8 bits dropped

                                          stock    recursion    recursion             
                                       binius64          off           on     bit-drop

SETUP (once, not per proof)
  circuit                              14545.67     14545.67     14545.67     14545.67 ms
  commitment key and constraints        2555.65      2491.07      3164.12      3369.49 ms

PROVER
  witness                                 38.40        38.40        38.40        38.40 ms
  packing                                     —        26.53        17.93         7.00 ms
  commit                                 123.39       193.17       214.31       204.71 ms
  BitAnd check                           425.69       520.00       522.78       530.22 ms
  shift reduction                       1216.09      1298.22      1302.30      1308.77 ms
  ring-switch / cross-field switch        61.01       293.12       294.17       298.57 ms
  opening                                     —        48.27       682.59        47.89 ms
  rest                                    63.73        23.49        19.68        22.21 ms
  total                                 1889.90      2402.80      3053.76      2419.37 ms

VERIFIER
  read the commitment                         —         1.42         0.01         1.98 ms
  reductions                              33.92        33.96        33.94        33.89 ms
  ring-switch / cross-field switch         0.01         0.32         0.32         0.32 ms
  decode the opening                          —         0.51            —         0.51 ms
  BaseFold / our opening                   0.63         2.44       398.44         3.38 ms
  wiring check (native)                  882.05       933.27       934.22       933.13 ms
  total                                  920.06       975.04      1369.61       976.25 ms

SIZES
  binius64 LIOP                               —         6.25         6.25         6.25 KB
  cross-field switch                          —         3.38         3.38         3.38 KB
  commitment (wire form)                      —      1498.50         4.12      1174.50 KB
  opening                                     —      1530.16        86.01      1334.13 KB
  total                                  390.20      3038.28        99.76      2518.26 KB
  the tape carries T_Y as its polx image, 11.0 KB, rather than the wire form above

peak resident set: 41665 MB

	Command being timed: "./target/release/hashes-binius --suite l"
	User time (seconds): 572.01
	System time (seconds): 53.68
	Percent of CPU this job got: 99%
	Elapsed (wall clock) time (h:mm:ss or m:ss): 10:25.75
	Average shared text size (kbytes): 0
	Average unshared data size (kbytes): 0
	Average stack size (kbytes): 0
	Average total size (kbytes): 0
	Maximum resident set size (kbytes): 42664616
	Average resident set size (kbytes): 0
	Major (requiring I/O) page faults: 0
	Minor (reclaiming a frame) page faults: 75976112
	Voluntary context switches: 12880
	Involuntary context switches: 37192
	Swaps: 0
	File system inputs: 0
	File system outputs: 40
	Socket messages sent: 0
	Socket messages received: 0
	Signals delivered: 0
	Page size (bytes): 4096
	Exit status: 0
