labinius over binius64 keccak-256, core 3, one thread, size sizes
keccak-256 of 118727 bytes: 873 permutations, 523780 AND constraints, 523781 non-public words
stock binius64 at the example's defaults: --log-inv-rate 1, --hash-suite sha256, rayon off
recursion off: 2^18 F162 in 128 columns, moduli 9721, 12637
recursion on:  2^18 F162 in 256 columns, moduli 9721, 12637
bit-drop:      2^18 F162 in 128 columns, moduli 3889, 2917, 4861, 10 bits dropped

                                          stock    recursion    recursion             
                                       binius64          off           on     bit-drop

SETUP (once, not per proof)
  circuit                               1995.87      1995.87      1995.87      1995.87 ms
  commitment key and constraints         341.99       348.06       362.79       341.09 ms

PROVER
  witness                                  6.36         6.36         6.36         6.36 ms
  packing                                     —         0.44         0.47         0.44 ms
  commit                                   6.42         8.46        11.72        13.67 ms
  BitAnd check                            40.95        41.21        40.83        41.16 ms
  shift reduction                        136.62       136.25       135.34       135.83 ms
  ring-switch / cross-field switch         3.83        11.70        11.73        11.74 ms
  opening                                     —         3.94       120.87         3.89 ms
  rest                                     3.26         0.79         0.77         1.11 ms
  total                                  191.08       202.78       321.74       207.84 ms

VERIFIER
  read the commitment                         —         0.25         0.01         0.46 ms
  reductions                               1.95         1.96         1.97         1.98 ms
  ring-switch / cross-field switch         0.00         0.25         0.29         0.26 ms
  decode the opening                          —         0.13            —         0.14 ms
  BaseFold / our opening                   0.38         0.49        81.45         0.91 ms
  wiring check (native)                  104.81       104.81       104.88       104.91 ms
  total                                  107.26       107.99       188.68       108.76 ms

SIZES
  binius64 LIOP                               —         5.84         5.84         5.84 KB
  cross-field switch                          —         3.12         3.12         3.12 KB
  commitment (wire form)                      —       283.50         4.12       283.50 KB
  opening                                     —       302.87        75.47       302.29 KB
  total                                  243.83       595.34        88.56       594.76 KB
  the tape carries T_Y as its polx image, 11.0 KB, rather than the wire form above

peak resident set: 2729 MB

labinius over binius64 sha-256, core 3, one thread, size sizes
sha-256 of 72567 bytes: 1134 compressions, 412777 AND constraints, 523915 non-public words
stock binius64 at the example's defaults: --log-inv-rate 1, --hash-suite sha256, rayon off
recursion off: 2^18 F162 in 128 columns, moduli 9721, 12637
recursion on:  2^18 F162 in 256 columns, moduli 9721, 12637
bit-drop:      2^18 F162 in 128 columns, moduli 3889, 2917, 4861, 10 bits dropped

                                          stock    recursion    recursion             
                                       binius64          off           on     bit-drop

SETUP (once, not per proof)
  circuit                                902.26       902.26       902.26       902.26 ms
  commitment key and constraints         109.75       104.22       123.98       124.83 ms

PROVER
  witness                                  3.18         3.18         3.18         3.18 ms
  packing                                     —         0.44         0.48         0.44 ms
  commit                                   6.41         8.52        11.81        13.89 ms
  BitAnd check                            21.94        20.87        20.83        20.91 ms
  shift reduction                         48.81        48.64        48.39        48.76 ms
  ring-switch / cross-field switch         3.83        11.80        11.72        11.70 ms
  opening                                     —         3.98       124.73         3.94 ms
  rest                                     3.58         1.18         0.31         1.45 ms
  total                                   84.57        95.44       218.27       101.08 ms

VERIFIER
  read the commitment                         —         0.25         0.01         0.44 ms
  reductions                               1.33         1.35         1.35         1.33 ms
  ring-switch / cross-field switch         0.00         0.26         0.29         0.27 ms
  decode the opening                          —         0.13            —         0.13 ms
  BaseFold / our opening                   0.38         0.49        83.38         0.77 ms
  wiring check (native)                   39.35        39.37        39.51        39.39 ms
  total                                   41.23        41.97       124.65        42.46 ms

SIZES
  binius64 LIOP                               —         5.88         5.88         5.88 KB
  cross-field switch                          —         3.12         3.12         3.12 KB
  commitment (wire form)                      —       283.50         4.12       283.50 KB
  opening                                     —       307.69        75.44       292.11 KB
  total                                  243.86       600.19        88.57       584.61 KB
  the tape carries T_Y as its polx image, 11.0 KB, rather than the wire form above

peak resident set: 2729 MB

labinius over binius64 blake3, core 3, one thread, size sizes
blake3 of 123840 bytes: 2055 compressions, 345080 AND constraints, 524126 non-public words
stock binius64 at the example's defaults: --log-inv-rate 1, --hash-suite sha256, rayon off
recursion off: 2^18 F162 in 128 columns, moduli 9721, 12637
recursion on:  2^18 F162 in 256 columns, moduli 9721, 12637
bit-drop:      2^18 F162 in 128 columns, moduli 3889, 2917, 4861, 10 bits dropped

                                          stock    recursion    recursion             
                                       binius64          off           on     bit-drop

SETUP (once, not per proof)
  circuit                                874.53       874.53       874.53       874.53 ms
  commitment key and constraints         150.31       144.15       164.82       201.89 ms

PROVER
  witness                                  2.33         2.33         2.33         2.33 ms
  packing                                     —         0.44         0.48         0.44 ms
  commit                                   6.41         8.45        11.69        14.05 ms
  BitAnd check                            26.58        26.14        26.52        26.29 ms
  shift reduction                         75.59        74.50        74.21        74.91 ms
  ring-switch / cross-field switch         3.84        11.79        11.85        11.84 ms
  opening                                     —         3.97       145.89         3.94 ms
  rest                                     3.99         1.73         1.08         1.64 ms
  total                                  116.41       127.01       271.73       133.12 ms

VERIFIER
  read the commitment                         —         0.24         0.01         0.44 ms
  reductions                               2.18         2.19         2.20         2.20 ms
  ring-switch / cross-field switch         0.00         0.26         0.28         0.27 ms
  decode the opening                          —         0.13            —         0.13 ms
  BaseFold / our opening                   0.40         0.51        96.69         0.79 ms
  wiring check (native)                   54.42        54.70        55.88        54.48 ms
  total                                   57.31        58.23       155.28        58.49 ms

SIZES
  binius64 LIOP                               —         5.88         5.88         5.88 KB
  cross-field switch                          —         3.12         3.12         3.12 KB
  commitment (wire form)                      —       283.50         4.12       283.50 KB
  opening                                     —       296.68        75.56       299.52 KB
  total                                  243.86       589.18        88.69       592.02 KB
  the tape carries T_Y as its polx image, 11.0 KB, rather than the wire form above

peak resident set: 2729 MB

	Command being timed: "./target/release/hashes-binius --suite s"
	User time (seconds): 38.65
	System time (seconds): 1.99
	Percent of CPU this job got: 99%
	Elapsed (wall clock) time (h:mm:ss or m:ss): 0:40.65
	Average shared text size (kbytes): 0
	Average unshared data size (kbytes): 0
	Average stack size (kbytes): 0
	Average total size (kbytes): 0
	Maximum resident set size (kbytes): 2794148
	Average resident set size (kbytes): 0
	Major (requiring I/O) page faults: 0
	Minor (reclaiming a frame) page faults: 2664107
	Voluntary context switches: 8435
	Involuntary context switches: 15551
	Swaps: 0
	File system inputs: 0
	File system outputs: 24
	Socket messages sent: 0
	Socket messages received: 0
	Signals delivered: 0
	Page size (bytes): 4096
	Exit status: 0
