=== size sizes ===
=== short challenge: weight 28, canonical bound 12, 1000 samples ===
  acceptance rate: 0.6562 (1 in 1.52)

labinius, core 3, one thread, moduli 9721, 12637

=== recursion off ===
witness: 2^18 F162 = 65536 ring elements of R_648, 128 columns of 2048 F162
folded witness: 512 ring elements of R_648, 128 F162 of row evaluation
  public parameters                1.04 ms

PROVER
  commit                           7.87 ms
  row_evaluate                     0.23 ms
  fold                             2.34 ms
  pack commitment, row             0.33 ms
  encode folded witness            0.66 ms
  total                           11.43 ms
  total except encode             10.77 ms

STATEMENT
  derive_evaluation_point          0.45 ms
  mle_evaluate                     0.23 ms
  total                            0.69 ms

VERIFIER
  derive_folding_challenges        0.13 ms
  decode                           0.12 ms
  fold_commitment                  0.03 ms
  fold_row_evaluation              0.00 ms
  verify_evaluation                0.00 ms
  verify_folded_opening            0.21 ms
  total                            0.50 ms
  total except decode              0.38 ms

wire: commitment 283.5 KB, row evaluation 2.5 KB, folded witness 305.0 KB, TOTAL 591.0 KB
verification: accepted

=== plain-bd ===
witness: 2^18 F162 = 65536 ring elements of R_648, 128 columns of 2048 F162
dropped bits 10, residual cap 811748044800 over the expectation 2.029e11
  public parameters                1.37 ms

PROVER
  commit (with the digits)        13.20 ms
  row_evaluate                     0.22 ms
  fold                             2.40 ms
  pack commitment, row             0.36 ms
  encode folded witness            0.68 ms
  total                           16.87 ms
  total except encode             16.19 ms

STATEMENT
  derive_evaluation_point          0.37 ms
  mle_evaluate                     0.23 ms
  total                            0.60 ms

VERIFIER
  derive_folding_challenges        0.17 ms
  decode                           0.33 ms
  fold_row_evaluation              0.00 ms
  verify_evaluation                0.00 ms
  verify_folded_opening            0.53 ms
  total                            1.03 ms
  total except decode              0.70 ms

wire: commitment 283.5 KB, row evaluation 2.5 KB, folded witness 324.5 KB, TOTAL 610.5 KB
verification: accepted
tampered fold: rejected (the opening was rejected)

peak resident set: 106 MB
	Command being timed: "./target/release/labinius --suite s"
	User time (seconds): 0.57
	System time (seconds): 0.03
	Percent of CPU this job got: 99%
	Elapsed (wall clock) time (h:mm:ss or m:ss): 0:00.60
	Average shared text size (kbytes): 0
	Average unshared data size (kbytes): 0
	Average stack size (kbytes): 0
	Average total size (kbytes): 0
	Maximum resident set size (kbytes): 108228
	Average resident set size (kbytes): 0
	Major (requiring I/O) page faults: 0
	Minor (reclaiming a frame) page faults: 52813
	Voluntary context switches: 1
	Involuntary context switches: 4
	Swaps: 0
	File system inputs: 0
	File system outputs: 8
	Socket messages sent: 0
	Socket messages received: 0
	Signals delivered: 0
	Page size (bytes): 4096
	Exit status: 0
