=== size sizexl ===
=== short challenge: weight 28, canonical bound 12, 1000 samples ===
  acceptance rate: 0.6562 (1 in 1.52)

labinius, core 3, one thread, moduli 3889, 2917, 9721

=== recursion off ===
witness: 2^24 F162 = 4194304 ring elements of R_648, 1024 columns of 16384 F162
folded witness: 4096 ring elements of R_648, 1024 F162 of row evaluation
  public parameters               12.66 ms

PROVER
  commit                         680.58 ms
  row_evaluate                    27.44 ms
  fold                           149.94 ms
  pack commitment, row             3.85 ms
  encode folded witness            5.95 ms
  total                          867.76 ms
  total except encode            861.80 ms

STATEMENT
  derive_evaluation_point          5.46 ms
  mle_evaluate                    27.46 ms
  total                           32.92 ms

VERIFIER
  derive_folding_challenges        1.36 ms
  decode                           1.01 ms
  fold_commitment                  0.36 ms
  fold_row_evaluation              0.02 ms
  verify_evaluation                0.02 ms
  verify_folded_opening            2.21 ms
  total                            4.99 ms
  total except decode              3.97 ms

wire: commitment 3078.0 KB, row evaluation 20.2 KB, folded witness 3052.4 KB, TOTAL 6150.7 KB
verification: accepted

=== plain-bd ===
witness: 2^24 F162 = 4194304 ring elements of R_648, 1024 columns of 16384 F162
dropped bits 7, residual cap 101462409216 over the expectation 2.537e10
  public parameters               10.92 ms

PROVER
  commit (with the digits)       715.94 ms
  row_evaluate                    24.80 ms
  fold                           149.85 ms
  pack commitment, row             2.67 ms
  encode folded witness            5.38 ms
  total                          898.64 ms
  total except encode            893.26 ms

STATEMENT
  derive_evaluation_point          2.85 ms
  mle_evaluate                    25.19 ms
  total                           28.04 ms

VERIFIER
  derive_folding_challenges        1.45 ms
  decode                           2.65 ms
  fold_row_evaluation              0.03 ms
  verify_evaluation                0.02 ms
  verify_folded_opening            5.76 ms
  total                            9.91 ms
  total except decode              7.26 ms

wire: commitment 2430.0 KB, row evaluation 20.2 KB, folded witness 2907.1 KB, TOTAL 5357.3 KB
verification: accepted
tampered fold: rejected (the opening was rejected)

peak resident set: 6009 MB
	Command being timed: "./target/release/labinius --suite xl"
	User time (seconds): 33.47
	System time (seconds): 2.68
	Percent of CPU this job got: 99%
	Elapsed (wall clock) time (h:mm:ss or m:ss): 0:36.16
	Average shared text size (kbytes): 0
	Average unshared data size (kbytes): 0
	Average stack size (kbytes): 0
	Average total size (kbytes): 0
	Maximum resident set size (kbytes): 6153460
	Average resident set size (kbytes): 0
	Major (requiring I/O) page faults: 0
	Minor (reclaiming a frame) page faults: 3388068
	Voluntary context switches: 1
	Involuntary context switches: 160
	Swaps: 0
	File system inputs: 0
	File system outputs: 16
	Socket messages sent: 0
	Socket messages received: 0
	Signals delivered: 0
	Page size (bytes): 4096
	Exit status: 0
