=== size sizexl ===
=== short challenge: weight 28, canonical bound 12, 1000 samples ===
  acceptance rate: 0.6562 (1 in 1.52)

labinius, core 3, one thread, moduli 3889, 2917, 9721

=== recursion off ===
witness: 2^24 F162 = 4194304 ring elements of R_648, 1024 columns of 16384 F162
folded witness: 4096 ring elements of R_648, 1024 F162 of row evaluation
  public parameters               12.66 ms

PROVER
  commit                         688.76 ms
  row_evaluate                    27.49 ms
  fold                           149.84 ms
  pack commitment, row             3.85 ms
  encode folded witness            5.94 ms
  total                          875.88 ms
  total except encode            869.94 ms

STATEMENT
  derive_evaluation_point          5.47 ms
  mle_evaluate                    27.57 ms
  total                           33.03 ms

VERIFIER
  derive_folding_challenges        1.36 ms
  decode                           1.01 ms
  fold_commitment                  0.36 ms
  fold_row_evaluation              0.02 ms
  verify_evaluation                0.03 ms
  verify_folded_opening            2.22 ms
  total                            5.00 ms
  total except decode              3.99 ms

wire: commitment 3078.0 KB, row evaluation 20.2 KB, folded witness 3052.4 KB, TOTAL 6150.7 KB
verification: accepted

=== plain-bd ===
witness: 2^24 F162 = 4194304 ring elements of R_648, 1024 columns of 16384 F162
dropped bits 7, residual cap 101462409216 over the expectation 2.537e10
  public parameters               10.93 ms

PROVER
  commit (with the digits)       737.34 ms
  row_evaluate                    25.23 ms
  fold                           149.78 ms
  pack commitment, row             2.65 ms
  encode folded witness            5.36 ms
  total                          920.37 ms
  total except encode            915.00 ms

STATEMENT
  derive_evaluation_point          2.86 ms
  mle_evaluate                    25.13 ms
  total                           28.00 ms

VERIFIER
  derive_folding_challenges        1.45 ms
  decode                           2.63 ms
  fold_row_evaluation              0.02 ms
  verify_evaluation                0.02 ms
  verify_folded_opening            5.87 ms
  total                           10.00 ms
  total except decode              7.37 ms

wire: commitment 2430.0 KB, row evaluation 20.2 KB, folded witness 2907.1 KB, TOTAL 5357.3 KB
verification: accepted
tampered fold: rejected (the opening was rejected)

peak resident set: 6009 MB
	Command being timed: "./target/release/labinius --suite xl"
	User time (seconds): 34.05
	System time (seconds): 2.58
	Percent of CPU this job got: 99%
	Elapsed (wall clock) time (h:mm:ss or m:ss): 0:36.63
	Average shared text size (kbytes): 0
	Average unshared data size (kbytes): 0
	Average stack size (kbytes): 0
	Average total size (kbytes): 0
	Maximum resident set size (kbytes): 6153608
	Average resident set size (kbytes): 0
	Major (requiring I/O) page faults: 0
	Minor (reclaiming a frame) page faults: 3388069
	Voluntary context switches: 1
	Involuntary context switches: 175
	Swaps: 0
	File system inputs: 0
	File system outputs: 16
	Socket messages sent: 0
	Socket messages received: 0
	Signals delivered: 0
	Page size (bytes): 4096
	Exit status: 0
