   Compiling proc-macro2 v1.0.107
   Compiling unicode-ident v1.0.24
   Compiling quote v1.0.47
   Compiling typenum v1.20.1
   Compiling cfg-if v1.0.4
   Compiling crossbeam-utils v0.8.22
   Compiling cpufeatures v0.3.1
   Compiling crossbeam-epoch v0.9.20
   Compiling crossbeam-deque v0.8.7
   Compiling rayon-core v1.13.0
   Compiling arrayvec v0.7.8
   Compiling either v1.18.0
   Compiling cmov v0.5.4
   Compiling find-msvc-tools v0.1.11
   Compiling shlex v2.0.1
   Compiling const-oid v0.10.2
   Compiling constant_time_eq v0.4.2
   Compiling thiserror v2.0.20
   Compiling rand_core v0.10.1
   Compiling serde_core v1.0.229
   Compiling binius-utils v0.1.0 (https://github.com/IrreducibleOSS/binius64?rev=37e9cd64e82243cde0e79c7d8ac0dc319f1cbeb4#37e9cd64)
   Compiling bytes v1.12.1
   Compiling serde v1.0.229
   Compiling seq-macro v0.3.6
   Compiling once_cell v1.21.4
   Compiling pin-project-lite v0.2.17
   Compiling foldhash v0.2.0
   Compiling version_check v0.9.5
   Compiling equivalent v1.0.2
   Compiling smallvec v1.15.2
   Compiling labinius v0.1.0 (/home/ubuntu/labinius/crates/pcs)
   Compiling cpufeatures v0.2.17
   Compiling libm v0.2.16
   Compiling toml_write v0.1.2
   Compiling wasmtime-internal-core v48.0.1
   Compiling winnow v0.7.15
   Compiling autocfg v1.5.1
   Compiling zmij v1.0.23
   Compiling foldhash v0.1.5
   Compiling rand_core v0.9.5
   Compiling serde_json v1.0.151
   Compiling memchr v2.8.3
   Compiling fixedbitset v0.5.7
   Compiling itoa v1.0.18
   Compiling rustc-hash v2.1.3
   Compiling sponge-cursor v0.1.0
   Compiling hex-literal v1.1.0
   Compiling keccak v0.2.2
   Compiling cc v1.4.4
   Compiling chacha20 v0.10.2
   Compiling hashbrown v0.17.1
   Compiling hashbrown v0.15.5
   Compiling array-util v1.0.2
   Compiling tracing-core v0.1.36
   Compiling ctutils v0.4.2
   Compiling itertools v0.15.0
   Compiling generic-array v0.14.7
   Compiling num-traits v0.2.19
   Compiling rand v0.10.2
   Compiling syn v3.0.4
   Compiling syn v2.0.119
   Compiling indexmap v2.14.1
   Compiling hybrid-array v0.4.14
   Compiling blake3 v1.8.7
   Compiling sha2-asm v0.6.4
   Compiling num-integer v0.1.47
   Compiling num-bigint v0.5.1
   Compiling block-buffer v0.12.1
   Compiling crypto-common v0.2.2
   Compiling crypto-common v0.1.7
   Compiling block-buffer v0.10.4
   Compiling rayon v1.12.0
   Compiling digest v0.10.7
   Compiling sha2 v0.10.9
   Compiling cranelift-bitset v0.135.1
   Compiling petgraph v0.8.3
   Compiling cranelift-entity v0.135.1
   Compiling digest v0.11.3
   Compiling sha2 v0.11.0
   Compiling sha3 v0.12.0
   Compiling thiserror-impl v2.0.20
   Compiling bytemuck_derive v1.12.0
   Compiling trait-set v0.5.0
   Compiling serde_derive v1.0.229
   Compiling bytemuck v1.25.2
   Compiling binius-compute v0.1.0 (https://github.com/IrreducibleOSS/binius64?rev=37e9cd64e82243cde0e79c7d8ac0dc319f1cbeb4#37e9cd64)
   Compiling flock-parallel v0.1.0 (https://github.com/succinctlabs/flock?rev=a4a0b4a9dd555f9b58853951c133d7c990af5dad#a4a0b4a9)
   Compiling flock-multilinear v0.1.0 (https://github.com/succinctlabs/flock?rev=a4a0b4a9dd555f9b58853951c133d7c990af5dad#a4a0b4a9)
   Compiling binius-hash v0.1.0 (https://github.com/IrreducibleOSS/binius64?rev=37e9cd64e82243cde0e79c7d8ac0dc319f1cbeb4#37e9cd64)
   Compiling derive_more-impl v2.1.1
   Compiling tracing-attributes v0.1.31
   Compiling auto_impl v1.3.0
   Compiling getset v0.1.7
   Compiling serde_spanned v0.6.9
   Compiling toml_datetime v0.6.11
   Compiling flock-hash v0.1.0 (https://github.com/succinctlabs/flock?rev=a4a0b4a9dd555f9b58853951c133d7c990af5dad#a4a0b4a9)
   Compiling flock-field v0.1.0 (https://github.com/succinctlabs/flock?rev=a4a0b4a9dd555f9b58853951c133d7c990af5dad#a4a0b4a9)
   Compiling bincode v1.3.3
   Compiling flock-merkle v0.1.0 (https://github.com/succinctlabs/flock?rev=a4a0b4a9dd555f9b58853951c133d7c990af5dad#a4a0b4a9)
   Compiling toml_edit v0.22.27
   Compiling flock-transcript v0.1.0 (https://github.com/succinctlabs/flock?rev=a4a0b4a9dd555f9b58853951c133d7c990af5dad#a4a0b4a9)
   Compiling tracing v0.1.44
   Compiling derive_more v2.1.1
   Compiling binius-field v0.1.0 (https://github.com/IrreducibleOSS/binius64?rev=37e9cd64e82243cde0e79c7d8ac0dc319f1cbeb4#37e9cd64)
   Compiling toml v0.8.23
   Compiling binius-core v0.1.0 (https://github.com/IrreducibleOSS/binius64?rev=37e9cd64e82243cde0e79c7d8ac0dc319f1cbeb4#37e9cd64)
   Compiling binius-math v0.1.0 (https://github.com/IrreducibleOSS/binius64?rev=37e9cd64e82243cde0e79c7d8ac0dc319f1cbeb4#37e9cd64)
   Compiling binius-transcript v0.1.0 (https://github.com/IrreducibleOSS/binius64?rev=37e9cd64e82243cde0e79c7d8ac0dc319f1cbeb4#37e9cd64)
   Compiling binius-spartan-frontend v0.1.0 (https://github.com/IrreducibleOSS/binius64?rev=37e9cd64e82243cde0e79c7d8ac0dc319f1cbeb4#37e9cd64)
   Compiling binius-hash-prover v0.1.0 (https://github.com/IrreducibleOSS/binius64?rev=37e9cd64e82243cde0e79c7d8ac0dc319f1cbeb4#37e9cd64)
   Compiling flock-core v0.1.0 (https://github.com/succinctlabs/flock?rev=a4a0b4a9dd555f9b58853951c133d7c990af5dad#a4a0b4a9)
   Compiling binius-frontend v0.1.0 (https://github.com/IrreducibleOSS/binius64?rev=37e9cd64e82243cde0e79c7d8ac0dc319f1cbeb4#37e9cd64)
   Compiling binius-ip v0.1.0 (https://github.com/IrreducibleOSS/binius64?rev=37e9cd64e82243cde0e79c7d8ac0dc319f1cbeb4#37e9cd64)
   Compiling binius-iop v0.1.0 (https://github.com/IrreducibleOSS/binius64?rev=37e9cd64e82243cde0e79c7d8ac0dc319f1cbeb4#37e9cd64)
   Compiling binius-ip-prover v0.1.0 (https://github.com/IrreducibleOSS/binius64?rev=37e9cd64e82243cde0e79c7d8ac0dc319f1cbeb4#37e9cd64)
   Compiling binius-circuits v0.1.0 (https://github.com/IrreducibleOSS/binius64?rev=37e9cd64e82243cde0e79c7d8ac0dc319f1cbeb4#37e9cd64)
   Compiling binius-spartan-verifier v0.1.0 (https://github.com/IrreducibleOSS/binius64?rev=37e9cd64e82243cde0e79c7d8ac0dc319f1cbeb4#37e9cd64)
   Compiling binius-verifier v0.1.0 (https://github.com/IrreducibleOSS/binius64?rev=37e9cd64e82243cde0e79c7d8ac0dc319f1cbeb4#37e9cd64)
   Compiling binius-iop-prover v0.1.0 (https://github.com/IrreducibleOSS/binius64?rev=37e9cd64e82243cde0e79c7d8ac0dc319f1cbeb4#37e9cd64)
   Compiling binius-spartan-prover v0.1.0 (https://github.com/IrreducibleOSS/binius64?rev=37e9cd64e82243cde0e79c7d8ac0dc319f1cbeb4#37e9cd64)
   Compiling binius-prover v0.1.0 (https://github.com/IrreducibleOSS/binius64?rev=37e9cd64e82243cde0e79c7d8ac0dc319f1cbeb4#37e9cd64)
   Compiling flock-prover v0.1.0 (https://github.com/succinctlabs/flock?rev=a4a0b4a9dd555f9b58853951c133d7c990af5dad#a4a0b4a9)
   Compiling labinius-bench v0.1.0 (/home/ubuntu/labinius/crates/bench)
   Compiling pcs-competitors v0.1.0 (/home/ubuntu/labinius/crates/competitors)
   Compiling labinius-flock v0.1.0 (/home/ubuntu/labinius/crates/flock)
   Compiling labinius-binius v0.1.0 (/home/ubuntu/labinius/crates/binius)
warning: function `recursive` is never used
   --> crates/bench/src/bin/labinius.rs:370:4
    |
370 | fn recursive(suite: &Suite) {
    |    ^^^^^^^^^
    |
    = note: `#[warn(dead_code)]` (part of `#[warn(unused)]`) on by default

warning: `labinius-bench` (bin "labinius") generated 1 warning
    Finished `release` profile [optimized + debuginfo] target(s) in 52.79s
   Compiling labinius v0.1.0 (/home/ubuntu/labinius/crates/pcs)
   Compiling labinius-bench v0.1.0 (/home/ubuntu/labinius/crates/bench)
   Compiling pcs-competitors v0.1.0 (/home/ubuntu/labinius/crates/competitors)
   Compiling labinius-binius v0.1.0 (/home/ubuntu/labinius/crates/binius)
   Compiling labinius-flock v0.1.0 (/home/ubuntu/labinius/crates/flock)
warning: function `plain` is never used
  --> crates/bench/src/bin/labinius.rs:60:4
   |
60 | fn plain(suite: &Suite) {
   |    ^^^^^
   |
   = note: `#[warn(dead_code)]` (part of `#[warn(unused)]`) on by default

warning: function `plain_bd` is never used
   --> crates/bench/src/bin/labinius.rs:214:4
    |
214 | fn plain_bd(suite: &Suite) {
    |    ^^^^^^^^

warning: `labinius-bench` (bin "labinius") generated 2 warnings
error: failed to write bytecode to /home/ubuntu/labinius/target/release/deps/labinius_binius-cdae6d05d3bd3ef3.labinius_binius.a661dbd653b07a1e-cgu.0.rcgu.bc: No space left on device (os error 28)

rustc-LLVM ERROR: IO failure on output stream: No space left on device
error: could not compile `pcs-competitors` (bin "pcs-competitors")

Caused by:
  process didn't exit successfully: `/home/ubuntu/.rustup/toolchains/stable-x86_64-unknown-linux-gnu/bin/rustc --crate-name pcs_competitors --edition=2021 crates/competitors/src/bin/pcs-competitors.rs --error-format=json --json=diagnostic-rendered-ansi,artifacts,future-incompat --crate-type bin --emit=dep-info,link -C opt-level=3 -C panic=abort -C lto=fat -C codegen-units=1 -C debuginfo=1 --check-cfg 'cfg(docsrs,test)' --check-cfg 'cfg(feature, values())' -C metadata=e6c149bba207fbb6 -C extra-filename=-0b48e4a2a99764fa --out-dir /home/ubuntu/labinius/target/release/deps -C linker=gcc -L dependency=/home/ubuntu/labinius/target/release/deps --extern binius_compute=/home/ubuntu/labinius/target/release/deps/libbinius_compute-26ca3db58c4de4bc.rlib --extern binius_core=/home/ubuntu/labinius/target/release/deps/libbinius_core-045c85023ab94f37.rlib --extern binius_field=/home/ubuntu/labinius/target/release/deps/libbinius_field-5417f9ee849661e1.rlib --extern binius_hash=/home/ubuntu/labinius/target/release/deps/libbinius_hash-0012757f8cfd7007.rlib --extern binius_iop=/home/ubuntu/labinius/target/release/deps/libbinius_iop-2151e31abcf59528.rlib --extern binius_iop_prover=/home/ubuntu/labinius/target/release/deps/libbinius_iop_prover-d0be56645d053a95.rlib --extern binius_ip=/home/ubuntu/labinius/target/release/deps/libbinius_ip-2aec16e8f12524a1.rlib --extern binius_ip_prover=/home/ubuntu/labinius/target/release/deps/libbinius_ip_prover-12e0a7439e2c0d21.rlib --extern binius_math=/home/ubuntu/labinius/target/release/deps/libbinius_math-3ee3f50f7682f5f1.rlib --extern binius_prover=/home/ubuntu/labinius/target/release/deps/libbinius_prover-4b128e3ab4aebb03.rlib --extern binius_transcript=/home/ubuntu/labinius/target/release/deps/libbinius_transcript-c40f4430fed65327.rlib --extern binius_verifier=/home/ubuntu/labinius/target/release/deps/libbinius_verifier-f7f1b8c59a30098f.rlib --extern flock_core=/home/ubuntu/labinius/target/release/deps/libflock_core-2826b9ec58f24a55.rlib --extern labinius=/home/ubuntu/labinius/target/release/deps/liblabinius-a8e264cc5cd2f3a1.rlib --extern labinius_bench=/home/ubuntu/labinius/target/release/deps/liblabinius_bench-54128f280b24d3bf.rlib --extern pcs_competitors=/home/ubuntu/labinius/target/release/deps/libpcs_competitors-82cf7112ffa9e20a.rlib -C target-cpu=native -L native=/home/ubuntu/labinius/target/release/build/blake3-ea03019e05699083/out -L native=/home/ubuntu/labinius/target/release/build/blake3-ea03019e05699083/out -L native=/home/ubuntu/labinius/target/release/build/sha2-asm-de55c607ccfd5c49/out -L native=/home/ubuntu/labinius/target/release/build/sha2-asm-de55c607ccfd5c49/out -L native=/home/ubuntu/labinius/target/release/build/labinius-3024b92114dcab25/out -L native=/home/ubuntu/labinius/crates/pcs/labrador` (exit status: 101)
warning: build failed, waiting for other jobs to finish...
error: could not compile `labinius-binius` (lib) due to 1 previous error
rustc-LLVM ERROR: IO failure on output stream: No space left on device
error: could not compile `labinius-flock` (bin "hashes-flock")

Caused by:
  process didn't exit successfully: `/home/ubuntu/.rustup/toolchains/stable-x86_64-unknown-linux-gnu/bin/rustc --crate-name hashes_flock --edition=2021 crates/flock/src/bin/hashes-flock.rs --error-format=json --json=diagnostic-rendered-ansi,artifacts,future-incompat --crate-type bin --emit=dep-info,link -C opt-level=3 -C panic=abort -C lto=fat -C codegen-units=1 -C debuginfo=1 --check-cfg 'cfg(docsrs,test)' --check-cfg 'cfg(feature, values())' -C metadata=48b07e8e31237c9e -C extra-filename=-5faaf4c1cda88793 --out-dir /home/ubuntu/labinius/target/release/deps -C linker=gcc -L dependency=/home/ubuntu/labinius/target/release/deps --extern bincode=/home/ubuntu/labinius/target/release/deps/libbincode-043dd816da54c2a4.rlib --extern blake3=/home/ubuntu/labinius/target/release/deps/libblake3-d202ff3352b379fc.rlib --extern flock_core=/home/ubuntu/labinius/target/release/deps/libflock_core-2826b9ec58f24a55.rlib --extern flock_field=/home/ubuntu/labinius/target/release/deps/libflock_field-8ed67bed2a968bec.rlib --extern flock_prover=/home/ubuntu/labinius/target/release/deps/libflock_prover-e04a9d8b0e504066.rlib --extern flock_transcript=/home/ubuntu/labinius/target/release/deps/libflock_transcript-c2e6ff1e2eb0c115.rlib --extern labinius=/home/ubuntu/labinius/target/release/deps/liblabinius-a8e264cc5cd2f3a1.rlib --extern labinius_bench=/home/ubuntu/labinius/target/release/deps/liblabinius_bench-54128f280b24d3bf.rlib --extern labinius_flock=/home/ubuntu/labinius/target/release/deps/liblabinius_flock-621751829bfedde3.rlib --extern serde=/home/ubuntu/labinius/target/release/deps/libserde-1be8df9aa7dbd424.rlib -C target-cpu=native -L native=/home/ubuntu/labinius/target/release/build/blake3-ea03019e05699083/out -L native=/home/ubuntu/labinius/target/release/build/blake3-ea03019e05699083/out -L native=/home/ubuntu/labinius/target/release/build/sha2-asm-de55c607ccfd5c49/out -L native=/home/ubuntu/labinius/target/release/build/sha2-asm-de55c607ccfd5c49/out -L native=/home/ubuntu/labinius/target/release/build/labinius-3024b92114dcab25/out -L native=/home/ubuntu/labinius/crates/pcs/labrador` (exit status: 101)
