labinius over flock BLAKE3, core 3, one thread, size sizexl
131072 compressions of BLAKE3: m = 31, k_log = 14, 11707 useful bits per block, 16777216 committed
stock union: log_inv_rate 1, profile Fast, Ligerito over the compacted stack, dense m = 31 in 12058624 F128
stock core:  log_inv_rate 1, profile Fast, Ligerito over the padded buffer, m = 31 in 16777216 F128
recursion off: 2^24 F162 in 1024 columns, moduli 3889, 2917, 9721
recursion on:  2^24 F162 in 2048 columns, moduli 3889, 2917, 9721
bit-drop:      2^24 F162 in 1024 columns, moduli 3889, 2917, 4861, 7 bits dropped

                                          stock        stock    recursion    recursion             
                                          union         core          off           on     bit-drop

SETUP (once, not per proof)
  R1CS and PCS parameters               1439.61      1439.61      1439.61      1439.61      1439.61 ms
  commitment key                              —            —      1805.32      2026.12      1848.05 ms

PROVER
  witness                                198.28       198.28       198.28       198.28       198.28 ms
  lift to F162                                —            —       102.70       103.13       104.11 ms
  commit, bind, zerocheck, lincheck            —      1242.66            —            —            — ms
  commit                                      —            —       609.63       647.42       672.42 ms
  bind the commitment                         —            —         4.01         0.06         3.71 ms
  zerocheck                                   —            —       599.58       600.47       575.51 ms
  lincheck                                    —            —        60.17        60.61        60.56 ms
  ring-switch / cross-field switch            —            —      1702.99      1705.46      1695.63 ms
  opening                                     —      1049.34       173.16      1292.17       169.18 ms
  rest                                        —            —        -2.45         0.25         0.61 ms
  proof after the witness                     —      2292.00      3249.78      4409.57      3281.72 ms
  total, witness included               2432.34      2490.28      3448.06      4607.85      3479.99 ms

VERIFIER
  zerocheck and lincheck                      —        25.17        27.21        25.54        26.37 ms
  ring-switch / cross-field switch            —            —         0.75         0.74         0.70 ms
  decode the opening                          —            —         0.94            —         0.89 ms
  Ligerito / our opening                      —         1.83         5.08       710.71         6.85 ms
  total                                   26.96        27.00        36.94       737.51        38.94 ms

SIZES
  zerocheck                                   —         3.07         3.07         3.07         3.07 KB
  lincheck                                    —         1.37         1.37         1.37         1.37 KB
  cross-field switch                          —         4.05         4.95         4.95         4.95 KB
  commitment (wire form)                      —         4.00      3078.00         4.50      2430.00 KB
  opening                                     —       483.02      2689.23        82.76      2749.07 KB
  total                                  434.93       495.52      5776.62        96.65      5188.45 KB

peak resident set: 22648 MB

labinius over flock SHA-256, core 3, one thread, size sizexl
65536 compressions of SHA-256: m = 31, k_log = 15, 25470 useful bits per block, 16777216 committed
stock union: log_inv_rate 1, profile Fast, Ligerito over the compacted stack, dense m = 31 in 13107200 F128
stock core:  log_inv_rate 1, profile Fast, Ligerito over the padded buffer, m = 31 in 16777216 F128
recursion off: 2^24 F162 in 1024 columns, moduli 3889, 2917, 9721
recursion on:  2^24 F162 in 2048 columns, moduli 3889, 2917, 9721
bit-drop:      2^24 F162 in 1024 columns, moduli 3889, 2917, 4861, 7 bits dropped

                                          stock        stock    recursion    recursion             
                                          union         core          off           on     bit-drop

SETUP (once, not per proof)
  R1CS and PCS parameters               2397.22      2397.22      2397.22      2397.22      2397.22 ms
  commitment key                              —            —      1797.95      2040.44      1805.60 ms

PROVER
  witness                                236.28       236.28       236.28       236.28       236.28 ms
  lift to F162                                —            —       102.11       106.17       107.10 ms
  commit, bind, zerocheck, lincheck            —      1338.29            —            —            — ms
  commit                                      —            —       613.96       650.12       654.85 ms
  bind the commitment                         —            —         4.16         0.09         3.82 ms
  zerocheck                                   —            —       671.97       667.45       650.59 ms
  lincheck                                    —            —        62.64        62.75        62.77 ms
  ring-switch / cross-field switch            —            —      1736.17      1731.28      1719.89 ms
  opening                                     —      1036.05       170.41      1344.56       168.51 ms
  rest                                        —            —       -10.58         3.19         1.32 ms
  proof after the witness                     —      2374.34      3350.84      4565.62      3368.86 ms
  total, witness included               2661.72      2610.62      3587.12      4801.91      3605.14 ms

VERIFIER
  zerocheck and lincheck                      —        25.83        27.62        25.97        26.92 ms
  ring-switch / cross-field switch            —            —         0.73         0.71         0.66 ms
  decode the opening                          —            —         0.94            —         0.95 ms
  Ligerito / our opening                      —         1.85         4.59       717.70         6.46 ms
  total                                   27.47        27.68        37.35       744.63        39.18 ms

SIZES
  zerocheck                                   —         3.07         3.07         3.07         3.07 KB
  lincheck                                    —         1.41         1.41         1.41         1.41 KB
  cross-field switch                          —         4.05         4.95         4.95         4.95 KB
  commitment (wire form)                      —         4.00      3078.00         4.50      2430.00 KB
  opening                                     —       483.02      2509.69        82.80      2402.34 KB
  total                                  450.22       495.55      5597.11        96.73      4841.77 KB

peak resident set: 22953 MB

	Command being timed: "./target/release/hashes-flock --suite xl"
	User time (seconds): 382.37
	System time (seconds): 123.81
	Percent of CPU this job got: 99%
	Elapsed (wall clock) time (h:mm:ss or m:ss): 8:26.22
	Average shared text size (kbytes): 0
	Average unshared data size (kbytes): 0
	Average stack size (kbytes): 0
	Average total size (kbytes): 0
	Maximum resident set size (kbytes): 23504360
	Average resident set size (kbytes): 0
	Major (requiring I/O) page faults: 0
	Minor (reclaiming a frame) page faults: 205753701
	Voluntary context switches: 21975
	Involuntary context switches: 35584
	Swaps: 0
	File system inputs: 0
	File system outputs: 24
	Socket messages sent: 0
	Socket messages received: 0
	Signals delivered: 0
	Page size (bytes): 4096
	Exit status: 0
