labinius over flock BLAKE3, core 3, one thread, size sizel
32768 compressions of BLAKE3: m = 29, k_log = 14, 11707 useful bits per block, 4194304 committed
stock union: log_inv_rate 1, profile Fast, Ligerito over the compacted stack, dense m = 29 in 3014656 F128
stock core:  log_inv_rate 1, profile Fast, Ligerito over the padded buffer, m = 29 in 4194304 F128
recursion off: 2^22 F162 in 512 columns, moduli 3889, 2917, 4861
recursion on:  2^22 F162 in 1024 columns, moduli 3889, 2917, 4861
bit-drop:      2^22 F162 in 512 columns, moduli 3889, 2917, 4861, 8 bits dropped

                                          stock        stock    recursion    recursion             
                                          union         core          off           on     bit-drop

SETUP (once, not per proof)
  R1CS and PCS parameters               1325.31      1325.31      1325.31      1325.31      1325.31 ms
  commitment key                              —            —       465.22       561.19       460.48 ms

PROVER
  witness                                 47.16        47.16        47.16        47.16        47.16 ms
  lift to F162                                —            —        25.17        25.15        25.13 ms
  commit, bind, zerocheck, lincheck            —       288.42            —            —            — ms
  commit                                      —            —       160.02       179.72       167.89 ms
  bind the commitment                         —            —         2.22         0.05         1.81 ms
  zerocheck                                   —            —       137.60       142.82       143.88 ms
  lincheck                                    —            —        34.78        35.01        35.01 ms
  ring-switch / cross-field switch            —            —       438.58       452.16       456.00 ms
  opening                                     —       298.67        45.76       639.21        44.83 ms
  rest                                        —            —        -1.77         1.27        -1.31 ms
  proof after the witness                     —       587.09       842.36      1475.38       873.24 ms
  total, witness included                675.68       634.25       889.52      1522.54       920.39 ms

VERIFIER
  zerocheck and lincheck                      —        25.35        26.03        25.41        25.94 ms
  ring-switch / cross-field switch            —            —         0.63         0.65         0.63 ms
  decode the opening                          —            —         0.45            —         0.45 ms
  Ligerito / our opening                      —         2.24         2.41       399.32         2.89 ms
  total                                   27.70        27.59        30.90       425.73        32.03 ms

SIZES
  zerocheck                                   —         2.99         2.99         2.99         2.99 KB
  lincheck                                    —         1.37         1.37         1.37         1.37 KB
  cross-field switch                          —         4.05         4.87         4.87         4.87 KB
  commitment (wire form)                      —         4.00      1498.50         4.12      1174.50 KB
  opening                                     —       332.83      1312.17        86.12      1335.74 KB
  total                                  318.66       345.24      2819.90        99.47      2519.47 KB

peak resident set: 6580 MB

labinius over flock SHA-256, core 3, one thread, size sizel
16384 compressions of SHA-256: m = 29, k_log = 15, 25470 useful bits per block, 4194304 committed
stock union: log_inv_rate 1, profile Fast, Ligerito over the compacted stack, dense m = 29 in 3276800 F128
stock core:  log_inv_rate 1, profile Fast, Ligerito over the padded buffer, m = 29 in 4194304 F128
recursion off: 2^22 F162 in 512 columns, moduli 3889, 2917, 4861
recursion on:  2^22 F162 in 1024 columns, moduli 3889, 2917, 4861
bit-drop:      2^22 F162 in 512 columns, moduli 3889, 2917, 4861, 8 bits dropped

                                          stock        stock    recursion    recursion             
                                          union         core          off           on     bit-drop

SETUP (once, not per proof)
  R1CS and PCS parameters               1846.22      1846.22      1846.22      1846.22      1846.22 ms
  commitment key                              —            —       465.84       563.69       459.98 ms

PROVER
  witness                                 53.57        53.57        53.57        53.57        53.57 ms
  lift to F162                                —            —        25.30        25.16        25.13 ms
  commit, bind, zerocheck, lincheck            —       312.58            —            —            — ms
  commit                                      —            —       159.43       181.10       167.81 ms
  bind the commitment                         —            —         2.26         0.07         1.78 ms
  zerocheck                                   —            —       154.55       158.73       160.07 ms
  lincheck                                    —            —        35.41        35.72        35.63 ms
  ring-switch / cross-field switch            —            —       438.29       445.90       450.21 ms
  opening                                     —       300.49        46.32       630.25        43.95 ms
  rest                                        —            —         0.83         1.10         0.17 ms
  proof after the witness                     —       613.07       862.37      1478.03       884.75 ms
  total, witness included                705.82       666.64       915.94      1531.60       938.32 ms

VERIFIER
  zerocheck and lincheck                      —        25.59        26.54        26.19        26.49 ms
  ring-switch / cross-field switch            —            —         0.62         0.65         0.62 ms
  decode the opening                          —            —         0.45            —         0.45 ms
  Ligerito / our opening                      —         2.27         2.23       384.90         2.91 ms
  total                                   27.89        27.86        31.26       411.83        32.51 ms

SIZES
  zerocheck                                   —         2.99         2.99         2.99         2.99 KB
  lincheck                                    —         1.41         1.41         1.41         1.41 KB
  cross-field switch                          —         4.05         4.87         4.87         4.87 KB
  commitment (wire form)                      —         4.00      1498.50         4.12      1174.50 KB
  opening                                     —       332.83      1139.43        85.99      1142.58 KB
  total                                  326.32       345.28      2647.20        99.39      2326.35 KB

peak resident set: 6928 MB

	Command being timed: "./target/release/hashes-flock --suite l"
	User time (seconds): 132.76
	System time (seconds): 34.89
	Percent of CPU this job got: 99%
	Elapsed (wall clock) time (h:mm:ss or m:ss): 2:47.67
	Average shared text size (kbytes): 0
	Average unshared data size (kbytes): 0
	Average stack size (kbytes): 0
	Average total size (kbytes): 0
	Maximum resident set size (kbytes): 7094280
	Average resident set size (kbytes): 0
	Major (requiring I/O) page faults: 0
	Minor (reclaiming a frame) page faults: 51945194
	Voluntary context switches: 17330
	Involuntary context switches: 26615
	Swaps: 0
	File system inputs: 0
	File system outputs: 24
	Socket messages sent: 0
	Socket messages received: 0
	Signals delivered: 0
	Page size (bytes): 4096
	Exit status: 0
