labinius over binius64 keccak-256, core 3, one thread, size sizem
keccak-256 of 475319 bytes: 3495 permutations, 2096980 AND constraints, 2096981 non-public words
stock binius64 at the example's defaults: --log-inv-rate 1, --hash-suite sha256, rayon off
recursion off: 2^20 F162 in 256 columns, moduli 3889, 2917, 4861
recursion on:  2^20 F162 in 512 columns, moduli 3889, 2917, 4861
bit-drop:      2^20 F162 in 256 columns, moduli 3889, 2917, 4861, 9 bits dropped

                                          stock    recursion    recursion             
                                       binius64          off           on     bit-drop

SETUP (once, not per proof)
  circuit                               7614.58      7614.58      7614.58      7614.58 ms
  commitment key and constraints        1343.38      1244.68      1301.23      1240.99 ms

PROVER
  witness                                 22.08        22.08        22.08        22.08 ms
  packing                                     —         3.87         1.65         1.61 ms
  commit                                  25.57        43.87        49.74        45.03 ms
  BitAnd check                           150.66       235.32       158.96       165.35 ms
  shift reduction                        490.23       500.02       500.77       501.40 ms
  ring-switch / cross-field switch        13.69        58.83        54.38        55.98 ms
  opening                                     —        12.34       304.18        12.20 ms
  rest                                    11.57         2.23         1.27         2.99 ms
  total                                  691.72       856.48      1070.95       784.56 ms

VERIFIER
  read the commitment                         —         0.64         0.01         0.89 ms
  reductions                               6.79         6.79         6.80         6.79 ms
  ring-switch / cross-field switch         0.00         0.25         0.28         0.27 ms
  decode the opening                          —         0.23            —         0.23 ms
  BaseFold / our opening                   0.44         1.05       194.59         1.46 ms
  wiring check (native)                  382.86       374.15       374.32       374.22 ms
  total                                  390.62       383.46       576.43       384.22 ms

SIZES
  binius64 LIOP                               —         6.03         6.03         6.03 KB
  cross-field switch                          —         3.25         3.25         3.25 KB
  commitment (wire form)                      —       749.25         4.12       587.25 KB
  opening                                     —       660.63        72.85       676.87 KB
  total                                  310.11      1419.17        86.26      1273.40 KB
  the tape carries T_Y as its polx image, 11.0 KB, rather than the wire form above

peak resident set: 10483 MB

labinius over binius64 sha-256, core 3, one thread, size sizem
sha-256 of 290487 bytes: 4539 compressions, 1652197 AND constraints, 2097040 non-public words
stock binius64 at the example's defaults: --log-inv-rate 1, --hash-suite sha256, rayon off
recursion off: 2^20 F162 in 256 columns, moduli 3889, 2917, 4861
recursion on:  2^20 F162 in 512 columns, moduli 3889, 2917, 4861
bit-drop:      2^20 F162 in 256 columns, moduli 3889, 2917, 4861, 9 bits dropped

                                          stock    recursion    recursion             
                                       binius64          off           on     bit-drop

SETUP (once, not per proof)
  circuit                               3436.21      3436.21      3436.21      3436.21 ms
  commitment key and constraints         404.96       392.12       507.91       532.19 ms

PROVER
  witness                                 11.73        11.73        11.73        11.73 ms
  packing                                     —         4.08         1.65         1.60 ms
  commit                                  25.41        44.25        50.14        45.16 ms
  BitAnd check                            78.16       102.98        90.91        90.02 ms
  shift reduction                        177.75       198.17       194.35       193.13 ms
  ring-switch / cross-field switch        13.56        60.62        55.69        44.32 ms
  opening                                     —        12.62       311.13        12.66 ms
  rest                                    12.56         4.37         4.92         3.73 ms
  total                                  307.44       427.09       708.78       390.61 ms

VERIFIER
  read the commitment                         —         0.63         0.01         0.89 ms
  reductions                               4.56         4.56         4.56         4.56 ms
  ring-switch / cross-field switch         0.00         0.25         0.26         0.25 ms
  decode the opening                          —         0.23            —         0.23 ms
  BaseFold / our opening                   0.44         1.06       182.75         1.51 ms
  wiring check (native)                  140.62       145.90       147.05       145.80 ms
  total                                  146.12       153.06       335.10       153.66 ms

SIZES
  binius64 LIOP                               —         6.06         6.06         6.06 KB
  cross-field switch                          —         3.25         3.25         3.25 KB
  commitment (wire form)                      —       749.25         4.12       587.25 KB
  opening                                     —       697.97        72.68       631.25 KB
  total                                  310.14      1456.53        86.12      1227.81 KB
  the tape carries T_Y as its polx image, 11.0 KB, rather than the wire form above

peak resident set: 10483 MB

labinius over binius64 blake3, core 3, one thread, size sizem
blake3 of 495488 bytes: 8225 compressions, 1380916 AND constraints, 2097034 non-public words
stock binius64 at the example's defaults: --log-inv-rate 1, --hash-suite sha256, rayon off
recursion off: 2^20 F162 in 256 columns, moduli 3889, 2917, 4861
recursion on:  2^20 F162 in 512 columns, moduli 3889, 2917, 4861
bit-drop:      2^20 F162 in 256 columns, moduli 3889, 2917, 4861, 9 bits dropped

                                          stock    recursion    recursion             
                                       binius64          off           on     bit-drop

SETUP (once, not per proof)
  circuit                               3309.61      3309.61      3309.61      3309.61 ms
  commitment key and constraints         555.40       538.59       708.87       714.25 ms

PROVER
  witness                                  8.51         8.51         8.51         8.51 ms
  packing                                     —         3.92         1.64         1.59 ms
  commit                                  25.37        43.70        50.10        45.22 ms
  BitAnd check                            95.50       117.24       107.96        94.09 ms
  shift reduction                        273.45       294.81       296.15       275.37 ms
  ring-switch / cross-field switch        13.55        58.72        57.78        44.23 ms
  opening                                     —        12.12       311.81        12.74 ms
  rest                                    14.24         5.02         7.16         4.98 ms
  total                                  422.11       535.53       832.61       478.22 ms

VERIFIER
  read the commitment                         —         0.63         0.01         0.90 ms
  reductions                               7.61         7.61         7.62         7.61 ms
  ring-switch / cross-field switch         0.00         0.25         0.27         0.26 ms
  decode the opening                          —         0.23            —         0.23 ms
  BaseFold / our opening                   0.44         1.06       178.63         1.45 ms
  wiring check (native)                  194.80       195.67       196.40       194.92 ms
  total                                  203.88       206.16       383.48       206.08 ms

SIZES
  binius64 LIOP                               —         6.06         6.06         6.06 KB
  cross-field switch                          —         3.25         3.25         3.25 KB
  commitment (wire form)                      —       749.25         4.12       587.25 KB
  opening                                     —       649.02        72.59       696.38 KB
  total                                  310.14      1407.58        86.03      1292.94 KB
  the tape carries T_Y as its polx image, 11.0 KB, rather than the wire form above

peak resident set: 10483 MB

	Command being timed: "./target/release/hashes-binius --suite m"
	User time (seconds): 133.51
	System time (seconds): 10.17
	Percent of CPU this job got: 99%
	Elapsed (wall clock) time (h:mm:ss or m:ss): 2:23.69
	Average shared text size (kbytes): 0
	Average unshared data size (kbytes): 0
	Average stack size (kbytes): 0
	Average total size (kbytes): 0
	Maximum resident set size (kbytes): 10734120
	Average resident set size (kbytes): 0
	Major (requiring I/O) page faults: 0
	Minor (reclaiming a frame) page faults: 16683527
	Voluntary context switches: 10615
	Involuntary context switches: 25676
	Swaps: 0
	File system inputs: 0
	File system outputs: 40
	Socket messages sent: 0
	Socket messages received: 0
	Signals delivered: 0
	Page size (bytes): 4096
	Exit status: 0
