labinius over binius64 keccak-256, core 3, one thread, size sizel
keccak-256 of 1901415 bytes: 13981 permutations, 8388580 AND constraints, 8388581 non-public words
stock binius64 at the example's defaults: --log-inv-rate 1, --hash-suite sha256, rayon off
recursion off: 2^22 F162 in 512 columns, moduli 3889, 2917, 4861
recursion on:  2^22 F162 in 1024 columns, moduli 3889, 2917, 4861
bit-drop:      2^22 F162 in 512 columns, moduli 3889, 2917, 4861, 8 bits dropped

                                          stock    recursion    recursion             
                                       binius64          off           on     bit-drop

SETUP (once, not per proof)
  circuit                              32129.87     32129.87     32129.87     32129.87 ms
  commitment key and constraints        5236.04      4943.23      5081.20      4965.62 ms

PROVER
  witness                                 92.75        92.75        92.75        92.75 ms
  packing                                     —        22.50        21.82         6.45 ms
  commit                                 110.76       171.57       191.24       179.48 ms
  BitAnd check                           589.12       993.39       977.53       982.70 ms
  shift reduction                       1963.64      2027.53      2026.65      2032.05 ms
  ring-switch / cross-field switch        54.59       270.61       269.84       272.67 ms
  opening                                     —        43.19       626.38        44.34 ms
  rest                                    47.43        12.38        11.07        10.40 ms
  total                                 2765.53      3541.18      4124.52      3528.08 ms

VERIFIER
  read the commitment                         —         1.27         0.01         1.80 ms
  reductions                              26.95        26.94        26.94        26.93 ms
  ring-switch / cross-field switch         0.01         0.28         0.29         0.28 ms
  decode the opening                          —         0.46            —         0.45 ms
  BaseFold / our opening                   0.56         2.10       365.06         3.22 ms
  wiring check (native)                 1534.69      1542.50      1543.50      1543.62 ms
  total                                 1562.98      1574.87      1937.15      1577.63 ms

SIZES
  binius64 LIOP                               —         6.22         6.22         6.22 KB
  cross-field switch                          —         3.38         3.38         3.38 KB
  commitment (wire form)                      —      1498.50         4.12      1174.50 KB
  opening                                     —      1379.21        86.19      1398.14 KB
  total                                  390.17      2887.31        99.91      2582.24 KB
  the tape carries T_Y as its polx image, 11.0 KB, rather than the wire form above

peak resident set: 41664 MB

labinius over binius64 sha-256, core 3, one thread, size sizel
sha-256 of 1162039 bytes: 18157 compressions, 6609149 AND constraints, 8388556 non-public words
stock binius64 at the example's defaults: --log-inv-rate 1, --hash-suite sha256, rayon off
recursion off: 2^22 F162 in 512 columns, moduli 3889, 2917, 4861
recursion on:  2^22 F162 in 1024 columns, moduli 3889, 2917, 4861
bit-drop:      2^22 F162 in 512 columns, moduli 3889, 2917, 4861, 8 bits dropped

                                          stock    recursion    recursion             
                                       binius64          off           on     bit-drop

SETUP (once, not per proof)
  circuit                              14455.16     14455.16     14455.16     14455.16 ms
  commitment key and constraints        1646.85      1586.07      1935.66      2316.02 ms

PROVER
  witness                                 47.76        47.76        47.76        47.76 ms
  packing                                     —        23.89        16.75         6.40 ms
  commit                                 110.98       175.32       193.42       168.78 ms
  BitAnd check                           316.23       405.42       402.70       397.02 ms
  shift reduction                        719.11       806.77       804.42       805.48 ms
  ring-switch / cross-field switch        54.12       267.71       266.08       246.43 ms
  opening                                     —        46.33       637.88        45.34 ms
  rest                                    50.27        14.81        10.80        13.97 ms
  total                                 1250.72      1740.25      2332.05      1683.42 ms

VERIFIER
  read the commitment                         —         1.26         0.01         1.76 ms
  reductions                              18.01        18.02        17.96        17.97 ms
  ring-switch / cross-field switch         0.01         0.28         0.30         0.29 ms
  decode the opening                          —         0.45            —         0.45 ms
  BaseFold / our opening                   0.56         2.11       343.29         2.98 ms
  wiring check (native)                  565.51       564.41       564.49       564.53 ms
  total                                  585.56       588.13       927.63       589.59 ms

SIZES
  binius64 LIOP                               —         6.25         6.25         6.25 KB
  cross-field switch                          —         3.38         3.38         3.38 KB
  commitment (wire form)                      —      1498.50         4.12      1174.50 KB
  opening                                     —      1414.46        86.12      1365.49 KB
  total                                  390.20      2922.59        99.88      2549.61 KB
  the tape carries T_Y as its polx image, 11.0 KB, rather than the wire form above

peak resident set: 41664 MB

labinius over binius64 blake3, core 3, one thread, size sizel
blake3 of 1982120 bytes: 32906 compressions, 5524440 AND constraints, 8388608 non-public words
stock binius64 at the example's defaults: --log-inv-rate 1, --hash-suite sha256, rayon off
recursion off: 2^22 F162 in 512 columns, moduli 3889, 2917, 4861
recursion on:  2^22 F162 in 1024 columns, moduli 3889, 2917, 4861
bit-drop:      2^22 F162 in 512 columns, moduli 3889, 2917, 4861, 8 bits dropped

                                          stock    recursion    recursion             
                                       binius64          off           on     bit-drop

SETUP (once, not per proof)
  circuit                              13426.34     13426.34     13426.34     13426.34 ms
  commitment key and constraints        2338.95      2279.44      2877.66      3061.22 ms

PROVER
  witness                                 34.40        34.40        34.40        34.40 ms
  packing                                     —        23.39        16.36         6.43 ms
  commit                                 110.70       172.52       192.84       181.25 ms
  BitAnd check                           382.71       466.91       467.74       476.99 ms
  shift reduction                       1099.77      1186.85      1184.83      1196.37 ms
  ring-switch / cross-field switch        54.20       262.39       262.92       268.12 ms
  opening                                     —        45.56       619.44        45.29 ms
  rest                                    57.97        18.06        16.80        18.96 ms
  total                                 1705.35      2175.68      2760.92      2193.42 ms

VERIFIER
  read the commitment                         —         1.28         0.01         1.79 ms
  reductions                              30.30        30.34        30.26        30.24 ms
  ring-switch / cross-field switch         0.01         0.28         0.29         0.28 ms
  decode the opening                          —         0.45            —         0.45 ms
  BaseFold / our opening                   0.57         2.12       363.10         3.11 ms
  wiring check (native)                  787.99       832.01       834.58       831.94 ms
  total                                  821.36       869.19      1231.23       870.56 ms

SIZES
  binius64 LIOP                               —         6.25         6.25         6.25 KB
  cross-field switch                          —         3.38         3.38         3.38 KB
  commitment (wire form)                      —      1498.50         4.12      1174.50 KB
  opening                                     —      1530.16        86.01      1334.13 KB
  total                                  390.20      3038.28        99.76      2518.26 KB
  the tape carries T_Y as its polx image, 11.0 KB, rather than the wire form above

peak resident set: 41664 MB

	Command being timed: "./target/release/hashes-binius --suite l"
	User time (seconds): 518.79
	System time (seconds): 47.26
	Percent of CPU this job got: 99%
	Elapsed (wall clock) time (h:mm:ss or m:ss): 9:26.11
	Average shared text size (kbytes): 0
	Average unshared data size (kbytes): 0
	Average stack size (kbytes): 0
	Average total size (kbytes): 0
	Maximum resident set size (kbytes): 42664376
	Average resident set size (kbytes): 0
	Major (requiring I/O) page faults: 0
	Minor (reclaiming a frame) page faults: 75976113
	Voluntary context switches: 12888
	Involuntary context switches: 36344
	Swaps: 0
	File system inputs: 0
	File system outputs: 40
	Socket messages sent: 0
	Socket messages received: 0
	Signals delivered: 0
	Page size (bytes): 4096
	Exit status: 0
