labinius over binius64 keccak-256, core 3, one thread, size sizes
keccak-256 of 118727 bytes: 873 permutations, 523780 AND constraints, 523781 non-public words
stock binius64 at the example's defaults: --log-inv-rate 1, --hash-suite sha256, rayon off
recursion off: 2^18 F162 in 128 columns, moduli 9721, 12637
recursion on:  2^18 F162 in 256 columns, moduli 9721, 12637
bit-drop:      2^18 F162 in 128 columns, moduli 3889, 2917, 4861, 10 bits dropped

                                          stock    recursion    recursion             
                                       binius64          off           on     bit-drop

SETUP (once, not per proof)
  circuit                               1873.09      1873.09      1873.09      1873.09 ms
  commitment key and constraints         316.12       309.07       323.83       307.36 ms

PROVER
  witness                                  5.79         5.79         5.79         5.79 ms
  packing                                     —         0.40         0.43         0.41 ms
  commit                                   5.73         7.56        10.39        12.65 ms
  BitAnd check                            36.60        37.08        36.61        36.91 ms
  shift reduction                        121.22       121.77       121.08       121.26 ms
  ring-switch / cross-field switch         3.42        10.39        10.46        10.45 ms
  opening                                     —         3.73       108.68         3.70 ms
  rest                                     2.91         0.82         0.73         0.92 ms
  total                                  169.88       181.75       288.38       186.30 ms

VERIFIER
  read the commitment                         —         0.21         0.01         0.39 ms
  reductions                               1.74         1.75         1.76         1.76 ms
  ring-switch / cross-field switch         0.00         0.22         0.26         0.24 ms
  decode the opening                          —         0.12            —         0.12 ms
  BaseFold / our opening                   0.34         0.43        74.03         0.78 ms
  wiring check (native)                   93.43        93.45        93.53        93.52 ms
  total                                   95.63        96.28       169.66        96.91 ms

SIZES
  binius64 LIOP                               —         5.84         5.84         5.84 KB
  cross-field switch                          —         3.12         3.12         3.12 KB
  commitment (wire form)                      —       283.50         4.12       283.50 KB
  opening                                     —       302.87        75.47       302.29 KB
  total                                  243.83       595.34        88.56       594.76 KB
  the tape carries T_Y as its polx image, 11.0 KB, rather than the wire form above

peak resident set: 2728 MB

labinius over binius64 sha-256, core 3, one thread, size sizes
sha-256 of 72567 bytes: 1134 compressions, 412777 AND constraints, 523915 non-public words
stock binius64 at the example's defaults: --log-inv-rate 1, --hash-suite sha256, rayon off
recursion off: 2^18 F162 in 128 columns, moduli 9721, 12637
recursion on:  2^18 F162 in 256 columns, moduli 9721, 12637
bit-drop:      2^18 F162 in 128 columns, moduli 3889, 2917, 4861, 10 bits dropped

                                          stock    recursion    recursion             
                                       binius64          off           on     bit-drop

SETUP (once, not per proof)
  circuit                                841.81       841.81       841.81       841.81 ms
  commitment key and constraints          99.56        95.07       111.76       113.63 ms

PROVER
  witness                                  2.81         2.81         2.81         2.81 ms
  packing                                     —         0.40         0.43         0.40 ms
  commit                                   5.69         7.54        10.60        12.52 ms
  BitAnd check                            19.27        18.90        18.66        18.58 ms
  shift reduction                         43.66        43.42        43.52        43.63 ms
  ring-switch / cross-field switch         3.41        10.45        10.58        10.42 ms
  opening                                     —         3.77       113.81         3.72 ms
  rest                                     3.26         1.13         0.61         1.32 ms
  total                                   75.29        85.62       198.21        90.60 ms

VERIFIER
  read the commitment                         —         0.21         0.01         0.40 ms
  reductions                               1.19         1.20         1.20         1.19 ms
  ring-switch / cross-field switch         0.00         0.23         0.26         0.24 ms
  decode the opening                          —         0.11            —         0.12 ms
  BaseFold / our opening                   0.35         0.44        76.10         0.68 ms
  wiring check (native)                   35.04        35.05        35.30        35.04 ms
  total                                   36.76        37.35       112.95        37.76 ms

SIZES
  binius64 LIOP                               —         5.88         5.88         5.88 KB
  cross-field switch                          —         3.12         3.12         3.12 KB
  commitment (wire form)                      —       283.50         4.12       283.50 KB
  opening                                     —       307.69        75.44       292.11 KB
  total                                  243.86       600.19        88.57       584.61 KB
  the tape carries T_Y as its polx image, 11.0 KB, rather than the wire form above

peak resident set: 2728 MB

labinius over binius64 blake3, core 3, one thread, size sizes
blake3 of 123840 bytes: 2055 compressions, 345080 AND constraints, 524126 non-public words
stock binius64 at the example's defaults: --log-inv-rate 1, --hash-suite sha256, rayon off
recursion off: 2^18 F162 in 128 columns, moduli 9721, 12637
recursion on:  2^18 F162 in 256 columns, moduli 9721, 12637
bit-drop:      2^18 F162 in 128 columns, moduli 3889, 2917, 4861, 10 bits dropped

                                          stock    recursion    recursion             
                                       binius64          off           on     bit-drop

SETUP (once, not per proof)
  circuit                                809.30       809.30       809.30       809.30 ms
  commitment key and constraints         137.17       130.94       150.20       182.68 ms

PROVER
  witness                                  2.05         2.05         2.05         2.05 ms
  packing                                     —         0.41         0.44         0.41 ms
  commit                                   5.70         7.60        10.52        12.46 ms
  BitAnd check                            23.67        23.32        23.79        23.55 ms
  shift reduction                         67.89        66.98        67.39        67.40 ms
  ring-switch / cross-field switch         3.42        10.55        10.60        10.50 ms
  opening                                     —         3.79       130.61         3.78 ms
  rest                                     3.66         1.30         0.77         1.47 ms
  total                                  104.34       113.94       244.13       119.56 ms

VERIFIER
  read the commitment                         —         0.21         0.01         0.39 ms
  reductions                               1.95         1.95         1.96         1.95 ms
  ring-switch / cross-field switch         0.00         0.23         0.25         0.24 ms
  decode the opening                          —         0.12            —         0.12 ms
  BaseFold / our opening                   0.36         0.44        86.46         0.68 ms
  wiring check (native)                   48.52        48.60        49.78        48.58 ms
  total                                   51.19        51.72       138.64        52.11 ms

SIZES
  binius64 LIOP                               —         5.88         5.88         5.88 KB
  cross-field switch                          —         3.12         3.12         3.12 KB
  commitment (wire form)                      —       283.50         4.12       283.50 KB
  opening                                     —       296.68        75.56       299.52 KB
  total                                  243.86       589.18        88.69       592.02 KB
  the tape carries T_Y as its polx image, 11.0 KB, rather than the wire form above

peak resident set: 2728 MB

	Command being timed: "./target/release/hashes-binius --suite s"
	User time (seconds): 34.82
	System time (seconds): 1.73
	Percent of CPU this job got: 99%
	Elapsed (wall clock) time (h:mm:ss or m:ss): 0:36.57
	Average shared text size (kbytes): 0
	Average unshared data size (kbytes): 0
	Average stack size (kbytes): 0
	Average total size (kbytes): 0
	Maximum resident set size (kbytes): 2793700
	Average resident set size (kbytes): 0
	Major (requiring I/O) page faults: 0
	Minor (reclaiming a frame) page faults: 2664109
	Voluntary context switches: 8458
	Involuntary context switches: 15043
	Swaps: 0
	File system inputs: 0
	File system outputs: 24
	Socket messages sent: 0
	Socket messages received: 0
	Signals delivered: 0
	Page size (bytes): 4096
	Exit status: 0
