labinius over flock BLAKE3, core 3, one thread, size sizem
8192 compressions of BLAKE3: m = 27, k_log = 14, 11707 useful bits per block, 1048576 committed
stock union: log_inv_rate 1, profile Fast, Ligerito over the compacted stack, dense m = 27 in 753664 F128
stock core:  log_inv_rate 1, profile Fast, Ligerito over the padded buffer, m = 27 in 1048576 F128
recursion off: 2^20 F162 in 256 columns, moduli 3889, 2917, 4861
recursion on:  2^20 F162 in 512 columns, moduli 3889, 2917, 4861
bit-drop:      2^20 F162 in 256 columns, moduli 3889, 2917, 4861, 9 bits dropped

                                          stock        stock    recursion    recursion             
                                          union         core          off           on     bit-drop

SETUP (once, not per proof)
  R1CS and PCS parameters               1291.09      1291.09      1291.09      1291.09      1291.09 ms
  commitment key                              —            —       117.92       172.20       120.07 ms

PROVER
  witness                                  9.60         9.60         9.60         9.60         9.60 ms
  lift to F162                                —            —         4.40         1.59         4.37 ms
  commit, bind, zerocheck, lincheck            —        83.62            —            —            — ms
  commit                                      —            —        41.51        50.67        45.64 ms
  bind the commitment                         —            —         1.15         0.04         1.09 ms
  zerocheck                                   —            —        28.85        28.98        28.87 ms
  lincheck                                    —            —        28.20        28.14        28.13 ms
  ring-switch / cross-field switch            —            —       104.58       101.89       106.53 ms
  opening                                     —        65.79        12.97       305.18        12.88 ms
  rest                                        —            —         0.06         1.14         0.40 ms
  proof after the witness                     —       149.42       221.72       517.63       227.91 ms
  total, witness included                172.71       159.01       231.32       527.22       237.51 ms

VERIFIER
  zerocheck and lincheck                      —        25.02        25.60        25.48        25.24 ms
  ring-switch / cross-field switch            —            —         0.61         0.63         0.61 ms
  decode the opening                          —            —         0.23            —         0.23 ms
  Ligerito / our opening                      —         2.09         1.25       200.84         1.57 ms
  total                                   26.96        27.11        28.41       227.00        28.74 ms

SIZES
  zerocheck                                   —         2.91         2.91         2.91         2.91 KB
  lincheck                                    —         1.37         1.37         1.37         1.37 KB
  cross-field switch                          —         4.05         4.79         4.79         4.79 KB
  commitment (wire form)                      —         4.00       749.25         4.12       587.25 KB
  opening                                     —       399.26       590.80        72.71       587.41 KB
  total                                  350.38       411.59      1349.12        85.91      1183.73 KB

peak resident set: 2387 MB

labinius over flock SHA-256, core 3, one thread, size sizem
4096 compressions of SHA-256: m = 27, k_log = 15, 25470 useful bits per block, 1048576 committed
stock union: log_inv_rate 1, profile Fast, Ligerito over the compacted stack, dense m = 27 in 819200 F128
stock core:  log_inv_rate 1, profile Fast, Ligerito over the padded buffer, m = 27 in 1048576 F128
recursion off: 2^20 F162 in 256 columns, moduli 3889, 2917, 4861
recursion on:  2^20 F162 in 512 columns, moduli 3889, 2917, 4861
bit-drop:      2^20 F162 in 256 columns, moduli 3889, 2917, 4861, 9 bits dropped

                                          stock        stock    recursion    recursion             
                                          union         core          off           on     bit-drop

SETUP (once, not per proof)
  R1CS and PCS parameters               1614.47      1614.47      1614.47      1614.47      1614.47 ms
  commitment key                              —            —       117.90       171.23       119.85 ms

PROVER
  witness                                  6.93         6.93         6.93         6.93         6.93 ms
  lift to F162                                —            —         1.53         1.56         1.52 ms
  commit, bind, zerocheck, lincheck            —        89.09            —            —            — ms
  commit                                      —            —        41.34        51.21        44.96 ms
  bind the commitment                         —            —         1.09         0.03         0.89 ms
  zerocheck                                   —            —        33.99        34.05        33.97 ms
  lincheck                                    —            —        29.26        29.16        28.73 ms
  ring-switch / cross-field switch            —            —        97.96        99.16        85.82 ms
  opening                                     —        64.38        12.95       305.73        12.95 ms
  rest                                        —            —        -0.07         0.85         0.01 ms
  proof after the witness                     —       153.47       218.04       521.75       208.86 ms
  total, witness included                186.17       160.40       224.97       528.68       215.79 ms

VERIFIER
  zerocheck and lincheck                      —        25.65        26.34        26.10        26.23 ms
  ring-switch / cross-field switch            —            —         0.58         0.59         0.57 ms
  decode the opening                          —            —         0.23            —         0.24 ms
  Ligerito / our opening                      —         2.11         1.13       176.01         1.46 ms
  total                                   27.54        27.76        28.91       202.57        29.56 ms

SIZES
  zerocheck                                   —         2.91         2.91         2.91         2.91 KB
  lincheck                                    —         1.41         1.41         1.41         1.41 KB
  cross-field switch                          —         4.05         4.79         4.79         4.79 KB
  commitment (wire form)                      —         4.00       749.25         4.12       587.25 KB
  opening                                     —       399.26       560.45        72.71       539.19 KB
  total                                  365.67       411.63      1318.81        85.95      1135.55 KB

peak resident set: 2728 MB

	Command being timed: "./target/release/hashes-flock --suite m"
	User time (seconds): 64.30
	System time (seconds): 7.14
	Percent of CPU this job got: 99%
	Elapsed (wall clock) time (h:mm:ss or m:ss): 1:11.45
	Average shared text size (kbytes): 0
	Average unshared data size (kbytes): 0
	Average stack size (kbytes): 0
	Average total size (kbytes): 0
	Maximum resident set size (kbytes): 2793264
	Average resident set size (kbytes): 0
	Major (requiring I/O) page faults: 0
	Minor (reclaiming a frame) page faults: 10840428
	Voluntary context switches: 9985
	Involuntary context switches: 17496
	Swaps: 0
	File system inputs: 0
	File system outputs: 24
	Socket messages sent: 0
	Socket messages received: 0
	Signals delivered: 0
	Page size (bytes): 4096
	Exit status: 0
