=== size sizexl ===
=== short challenge: weight 28, canonical bound 12, 1000 samples ===
  acceptance rate: 0.6562 (1 in 1.52)


=== recursion on ===
witness: 2^24 F162 = 4194304 ring elements of R_648, 2048 columns of 8192 F162
  public parameters              240.12 ms
  key-time buffers                  244 MB
  witness: 24 vectors, 105792 polynomials of Z_Q[X]/(X^64+1)
  commitment ranks: kappa_Y 12, kappa_u 4, kappa_R 9

PROVER
  commit (with T_Y)             1575.24 ms
  row_evaluate                    25.98 ms
  commit_left_expansion            1.28 ms
  prove_opening                 1406.12 ms
    fold                         242.92 ms
    encoding                      62.61 ms
    T_R                            8.45 ms
    masks                         31.29 ms
    constraint phi                18.67 ms
    statement build               85.36 ms
    labrador::prove              945.49 ms
  total                         3008.62 ms

STATEMENT
  derive_evaluation_point          0.01 ms
  mle_evaluate                    26.01 ms
  total                           26.02 ms

VERIFIER
  derive_folding_challenges        1.70 ms
  statement rebuild              159.15 ms
    layout                        13.44 ms
    no-wrap bound                  9.27 ms
    constraint phi                18.62 ms
    statement build               85.82 ms
  labrador::verify               532.88 ms
  total                          702.26 ms

wire: T_Y 4.5 KB, T_u 1.5 KB, T_R 3.4 KB, norms 0.2 KB, labrador 77.9 KB
proof: 87.4 KB total, per-proof phi 11 MB
verification: accepted

peak resident set: 16544 MB
	Command being timed: "./target/release/labinius --suite xl"
	User time (seconds): 30.51
	System time (seconds): 19.31
	Percent of CPU this job got: 99%
	Elapsed (wall clock) time (h:mm:ss or m:ss): 0:49.83
	Average shared text size (kbytes): 0
	Average unshared data size (kbytes): 0
	Average stack size (kbytes): 0
	Average total size (kbytes): 0
	Maximum resident set size (kbytes): 16941096
	Average resident set size (kbytes): 0
	Major (requiring I/O) page faults: 0
	Minor (reclaiming a frame) page faults: 34289284
	Voluntary context switches: 11
	Involuntary context switches: 281
	Swaps: 0
	File system inputs: 0
	File system outputs: 16
	Socket messages sent: 0
	Socket messages received: 0
	Signals delivered: 0
	Page size (bytes): 4096
	Exit status: 0
