=== size sizel ===
=== short challenge: weight 28, canonical bound 12, 1000 samples ===
  acceptance rate: 0.6562 (1 in 1.52)


=== recursion on ===
witness: 2^22 F162 = 1048576 ring elements of R_648, 1024 columns of 4096 F162
  public parameters               91.94 ms
  key-time buffers                  124 MB
  witness: 24 vectors, 53472 polynomials of Z_Q[X]/(X^64+1)
  commitment ranks: kappa_Y 11, kappa_u 4, kappa_R 9

PROVER
  commit (with T_Y)              414.30 ms
  row_evaluate                     6.56 ms
  commit_left_expansion            0.67 ms
  prove_opening                  605.60 ms
    fold                          62.07 ms
    encoding                      21.65 ms
    T_R                            4.16 ms
    masks                          6.31 ms
    constraint phi                 9.32 ms
    statement build               42.10 ms
    labrador::prove              455.92 ms
  total                         1027.12 ms

STATEMENT
  derive_evaluation_point          0.01 ms
  mle_evaluate                     6.40 ms
  total                            6.41 ms

VERIFIER
  derive_folding_challenges        1.10 ms
  statement rebuild               70.97 ms
    layout                         6.74 ms
    no-wrap bound                  5.68 ms
    constraint phi                 9.24 ms
    statement build               43.10 ms
  labrador::verify               280.00 ms
  total                          355.48 ms

wire: T_Y 4.1 KB, T_u 1.5 KB, T_R 3.4 KB, norms 0.2 KB, labrador 81.0 KB
proof: 90.2 KB total, per-proof phi 6 MB
verification: accepted

peak resident set: 4418 MB
	Command being timed: "./target/release/labinius --suite l"
	User time (seconds): 11.87
	System time (seconds): 5.63
	Percent of CPU this job got: 99%
	Elapsed (wall clock) time (h:mm:ss or m:ss): 0:17.51
	Average shared text size (kbytes): 0
	Average unshared data size (kbytes): 0
	Average stack size (kbytes): 0
	Average total size (kbytes): 0
	Maximum resident set size (kbytes): 4523896
	Average resident set size (kbytes): 0
	Major (requiring I/O) page faults: 0
	Minor (reclaiming a frame) page faults: 9862634
	Voluntary context switches: 11
	Involuntary context switches: 117
	Swaps: 0
	File system inputs: 0
	File system outputs: 8
	Socket messages sent: 0
	Socket messages received: 0
	Signals delivered: 0
	Page size (bytes): 4096
	Exit status: 0
