=== size sizem ===
=== short challenge: weight 28, canonical bound 12, 1000 samples ===
  acceptance rate: 0.6562 (1 in 1.52)


=== recursion on ===
witness: 2^20 F162 = 262144 ring elements of R_648, 512 columns of 2048 F162
  public parameters               43.72 ms
  key-time buffers                   64 MB
  witness: 24 vectors, 27296 polynomials of Z_Q[X]/(X^64+1)
  commitment ranks: kappa_Y 11, kappa_u 4, kappa_R 8

PROVER
  commit (with T_Y)              107.28 ms
  row_evaluate                     0.79 ms
  commit_left_expansion            0.32 ms
  prove_opening                  307.10 ms
    fold                          17.41 ms
    encoding                      10.52 ms
    T_R                            2.11 ms
    masks                          3.33 ms
    constraint phi                 4.54 ms
    statement build               21.69 ms
    labrador::prove              245.29 ms
  total                          415.48 ms

STATEMENT
  derive_evaluation_point          0.01 ms
  mle_evaluate                     0.80 ms
  total                            0.81 ms

VERIFIER
  derive_folding_challenges        0.55 ms
  statement rebuild               37.41 ms
    layout                         3.64 ms
    no-wrap bound                  3.77 ms
    constraint phi                 4.48 ms
    statement build               22.21 ms
  labrador::verify               155.07 ms
  total                          196.29 ms

wire: T_Y 4.1 KB, T_u 1.5 KB, T_R 3.0 KB, norms 0.2 KB, labrador 67.9 KB
proof: 76.7 KB total, per-proof phi 3 MB
verification: accepted

peak resident set: 1222 MB
	Command being timed: "./target/release/labinius --suite m"
	User time (seconds): 5.32
	System time (seconds): 1.97
	Percent of CPU this job got: 99%
	Elapsed (wall clock) time (h:mm:ss or m:ss): 0:07.30
	Average shared text size (kbytes): 0
	Average unshared data size (kbytes): 0
	Average stack size (kbytes): 0
	Average total size (kbytes): 0
	Maximum resident set size (kbytes): 1251704
	Average resident set size (kbytes): 0
	Major (requiring I/O) page faults: 0
	Minor (reclaiming a frame) page faults: 3358894
	Voluntary context switches: 11
	Involuntary context switches: 58
	Swaps: 0
	File system inputs: 0
	File system outputs: 8
	Socket messages sent: 0
	Socket messages received: 0
	Signals delivered: 0
	Page size (bytes): 4096
	Exit status: 0
