=== size sizes ===
=== short challenge: weight 28, canonical bound 12, 1000 samples ===
  acceptance rate: 0.6562 (1 in 1.52)


=== recursion on ===
witness: 2^18 F162 = 65536 ring elements of R_648, 256 columns of 1024 F162
  public parameters               16.35 ms
  key-time buffers                   24 MB
  witness: 18 vectors, 10816 polynomials of Z_Q[X]/(X^64+1)
  commitment ranks: kappa_Y 11, kappa_u 3, kappa_R 8

PROVER
  commit (with T_Y)               24.19 ms
  row_evaluate                     0.18 ms
  commit_left_expansion            0.15 ms
  prove_opening                  123.29 ms
    fold                           5.87 ms
    encoding                       3.96 ms
    T_R                            1.13 ms
    masks                          1.37 ms
    constraint phi                 2.13 ms
    statement build                4.48 ms
    labrador::prove              104.31 ms
  total                          147.81 ms

STATEMENT
  derive_evaluation_point          0.01 ms
  mle_evaluate                     0.19 ms
  total                            0.20 ms

VERIFIER
  derive_folding_challenges        0.25 ms
  statement rebuild               15.77 ms
    layout                         0.95 ms
    no-wrap bound                  1.71 ms
    constraint phi                 2.11 ms
    statement build                9.12 ms
  labrador::verify                68.82 ms
  total                           87.07 ms

wire: T_Y 4.1 KB, T_u 1.1 KB, T_R 3.0 KB, norms 0.1 KB, labrador 71.0 KB
proof: 79.4 KB total, per-proof phi 1 MB
verification: accepted

peak resident set: 369 MB
	Command being timed: "./target/release/labinius --suite s"
	User time (seconds): 2.06
	System time (seconds): 0.65
	Percent of CPU this job got: 99%
	Elapsed (wall clock) time (h:mm:ss or m:ss): 0:02.72
	Average shared text size (kbytes): 0
	Average unshared data size (kbytes): 0
	Average stack size (kbytes): 0
	Average total size (kbytes): 0
	Maximum resident set size (kbytes): 378268
	Average resident set size (kbytes): 0
	Major (requiring I/O) page faults: 0
	Minor (reclaiming a frame) page faults: 996097
	Voluntary context switches: 11
	Involuntary context switches: 34
	Swaps: 0
	File system inputs: 0
	File system outputs: 8
	Socket messages sent: 0
	Socket messages received: 0
	Signals delivered: 0
	Page size (bytes): 4096
	Exit status: 0
