=== size sizel ===
=== short challenge: weight 28, canonical bound 12, 1000 samples ===
  acceptance rate: 0.6562 (1 in 1.52)

labinius, core 3, one thread, moduli 3889, 2917, 4861

=== recursion off ===
witness: 2^22 F162 = 1048576 ring elements of R_648, 512 columns of 8192 F162
folded witness: 2048 ring elements of R_648, 512 F162 of row evaluation
  public parameters                5.57 ms

PROVER
  commit                         413.15 ms
  row_evaluate                     7.03 ms
  fold                            66.57 ms
  pack commitment, row             1.70 ms
  encode folded witness            2.38 ms
  total                          490.84 ms
  total except encode            488.45 ms

STATEMENT
  derive_evaluation_point          2.42 ms
  mle_evaluate                     7.04 ms
  total                            9.46 ms

VERIFIER
  derive_folding_challenges        0.60 ms
  decode                           0.45 ms
  fold_commitment                  0.16 ms
  fold_row_evaluation              0.01 ms
  verify_evaluation                0.01 ms
  verify_folded_opening            0.93 ms
  total                            2.16 ms
  total except decode              1.72 ms

wire: commitment 1498.5 KB, row evaluation 10.1 KB, folded witness 1486.5 KB, TOTAL 2995.2 KB
verification: accepted

=== plain-bd ===
witness: 2^22 F162 = 1048576 ring elements of R_648, 512 columns of 8192 F162
dropped bits 8, residual cap 202934108160 over the expectation 5.073e10
  public parameters                4.86 ms

PROVER
  commit (with the digits)       419.80 ms
  row_evaluate                     6.23 ms
  fold                            68.29 ms
  pack commitment, row             1.14 ms
  encode folded witness            2.34 ms
  total                          497.79 ms
  total except encode            495.45 ms

STATEMENT
  derive_evaluation_point          1.24 ms
  mle_evaluate                     6.16 ms
  total                            7.40 ms

VERIFIER
  derive_folding_challenges        0.55 ms
  decode                           1.32 ms
  fold_row_evaluation              0.01 ms
  verify_evaluation                0.01 ms
  verify_folded_opening            2.15 ms
  total                            4.04 ms
  total except decode              2.72 ms

wire: commitment 1174.5 KB, row evaluation 10.1 KB, folded witness 1384.8 KB, TOTAL 2569.4 KB
verification: accepted
tampered fold: rejected (the opening was rejected)

peak resident set: 4022 MB
	Command being timed: "./target/release/labinius --suite l"
	User time (seconds): 6.74
	System time (seconds): 9.08
	Percent of CPU this job got: 99%
	Elapsed (wall clock) time (h:mm:ss or m:ss): 0:15.82
	Average shared text size (kbytes): 0
	Average unshared data size (kbytes): 0
	Average stack size (kbytes): 0
	Average total size (kbytes): 0
	Maximum resident set size (kbytes): 4118740
	Average resident set size (kbytes): 0
	Major (requiring I/O) page faults: 0
	Minor (reclaiming a frame) page faults: 13512715
	Voluntary context switches: 1
	Involuntary context switches: 90
	Swaps: 0
	File system inputs: 0
	File system outputs: 8
	Socket messages sent: 0
	Socket messages received: 0
	Signals delivered: 0
	Page size (bytes): 4096
	Exit status: 0
