=== size sizexl ===
=== short challenge: weight 28, canonical bound 12, 1000 samples ===
  acceptance rate: 0.6562 (1 in 1.52)

labinius, core 3, one thread, moduli 3889, 2917, 9721

=== recursion off ===
witness: 2^24 F162 = 4194304 ring elements of R_648, 1024 columns of 16384 F162
folded witness: 4096 ring elements of R_648, 1024 F162 of row evaluation
  public parameters               11.06 ms

PROVER
  commit                        1587.65 ms
  row_evaluate                    23.02 ms
  fold                           242.21 ms
  pack commitment, row             3.45 ms
  encode folded witness            4.77 ms
  total                         1861.10 ms
  total except encode           1856.34 ms

STATEMENT
  derive_evaluation_point          4.83 ms
  mle_evaluate                    27.78 ms
  total                           32.61 ms

VERIFIER
  derive_folding_challenges        1.21 ms
  decode                           0.89 ms
  fold_commitment                  0.32 ms
  fold_row_evaluation              0.02 ms
  verify_evaluation                0.02 ms
  verify_folded_opening            1.89 ms
  total                            4.35 ms
  total except decode              3.46 ms

wire: commitment 3078.0 KB, row evaluation 20.2 KB, folded witness 3052.4 KB, TOTAL 6150.7 KB
verification: accepted

=== plain-bd ===
witness: 2^24 F162 = 4194304 ring elements of R_648, 1024 columns of 16384 F162
dropped bits 7, residual cap 101462409216 over the expectation 2.537e10
  public parameters                9.72 ms

PROVER
  commit (with the digits)      1600.59 ms
  row_evaluate                    21.91 ms
  fold                           242.44 ms
  pack commitment, row             2.31 ms
  encode folded witness            4.71 ms
  total                         1871.96 ms
  total except encode           1867.25 ms

STATEMENT
  derive_evaluation_point          2.65 ms
  mle_evaluate                    22.60 ms
  total                           25.25 ms

VERIFIER
  derive_folding_challenges        1.28 ms
  decode                           2.38 ms
  fold_row_evaluation              0.02 ms
  verify_evaluation                0.02 ms
  verify_folded_opening            4.83 ms
  total                            8.54 ms
  total except decode              6.16 ms

wire: commitment 2430.0 KB, row evaluation 20.2 KB, folded witness 2907.1 KB, TOTAL 5357.3 KB
verification: accepted
tampered fold: rejected (the opening was rejected)

peak resident set: 16022 MB
	Command being timed: "./target/release/labinius --suite xl"
	User time (seconds): 26.20
	System time (seconds): 32.79
	Percent of CPU this job got: 99%
	Elapsed (wall clock) time (h:mm:ss or m:ss): 0:59.00
	Average shared text size (kbytes): 0
	Average unshared data size (kbytes): 0
	Average stack size (kbytes): 0
	Average total size (kbytes): 0
	Maximum resident set size (kbytes): 16406396
	Average resident set size (kbytes): 0
	Major (requiring I/O) page faults: 0
	Minor (reclaiming a frame) page faults: 53901343
	Voluntary context switches: 1
	Involuntary context switches: 281
	Swaps: 0
	File system inputs: 0
	File system outputs: 16
	Socket messages sent: 0
	Socket messages received: 0
	Signals delivered: 0
	Page size (bytes): 4096
	Exit status: 0
