labinius over flock BLAKE3, core 3, one thread, size sizes
2048 compressions of BLAKE3: m = 25, k_log = 14, 11707 useful bits per block, 262144 committed
stock union: log_inv_rate 1, profile Fast, Ligerito over the compacted stack, dense m = 25 in 188416 F128
stock core:  log_inv_rate 1, profile Fast, Ligerito over the padded buffer, m = 25 in 262144 F128
recursion off: 2^18 F162 in 128 columns, moduli 9721, 12637
recursion on:  2^18 F162 in 256 columns, moduli 9721, 12637
bit-drop:      2^18 F162 in 128 columns, moduli 3889, 2917, 4861, 10 bits dropped

                                          stock        stock    recursion    recursion             
                                          union         core          off           on     bit-drop

SETUP (once, not per proof)
  R1CS and PCS parameters               2023.69      2023.69      2023.69      2023.69      2023.69 ms
  commitment key                              —            —        43.42        78.42        49.70 ms

PROVER
  witness                                  3.35         3.35         3.35         3.35         3.35 ms
  lift to F162                                —            —         0.78         1.10         1.03 ms
  commit, bind, zerocheck, lincheck            —        45.90            —            —            — ms
  commit                                      —            —        13.31        18.30        20.36 ms
  bind the commitment                         —            —         0.38         0.08         0.61 ms
  zerocheck                                   —            —        11.10        11.12        11.07 ms
  lincheck                                    —            —        24.85        24.91        24.83 ms
  ring-switch / cross-field switch            —            —        34.79        33.88        32.94 ms
  opening                                     —        43.48         6.29       206.81         5.93 ms
  rest                                        —            —         0.01         0.01         0.01 ms
  proof after the witness                     —        89.38        91.51       296.20        96.77 ms
  total, witness included                103.95        92.72        94.85       299.55       100.11 ms

VERIFIER
  zerocheck and lincheck                      —        23.94        24.05        24.06        25.10 ms
  ring-switch / cross-field switch            —            —         0.67         0.67         0.65 ms
  decode the opening                          —            —         0.13            —         0.14 ms
  Ligerito / our opening                      —         2.12         0.91       127.52         1.42 ms
  total                                   25.69        26.06        26.14       152.32        28.53 ms

SIZES
  zerocheck                                   —         2.84         2.84         2.84         2.84 KB
  lincheck                                    —         1.37         1.37         1.37         1.37 KB
  cross-field switch                          —         4.05         4.71         4.71         4.71 KB
  commitment (wire form)                      —         4.00       283.50         4.12       283.50 KB
  opening                                     —       373.13       284.47        75.47       271.38 KB
  total                                  323.87       385.39       576.89        88.51       563.79 KB

peak resident set: 1120 MB

labinius over flock SHA-256, core 3, one thread, size sizes
1024 compressions of SHA-256: m = 25, k_log = 15, 25470 useful bits per block, 262144 committed
stock union: log_inv_rate 1, profile Fast, Ligerito over the compacted stack, dense m = 25 in 204800 F128
stock core:  log_inv_rate 1, profile Fast, Ligerito over the padded buffer, m = 25 in 262144 F128
recursion off: 2^18 F162 in 128 columns, moduli 9721, 12637
recursion on:  2^18 F162 in 256 columns, moduli 9721, 12637
bit-drop:      2^18 F162 in 128 columns, moduli 3889, 2917, 4861, 10 bits dropped

                                          stock        stock    recursion    recursion             
                                          union         core          off           on     bit-drop

SETUP (once, not per proof)
  R1CS and PCS parameters               1633.58      1633.58      1633.58      1633.58      1633.58 ms
  commitment key                              —            —        43.40        70.03        50.14 ms

PROVER
  witness                                  2.41         2.41         2.41         2.41         2.41 ms
  lift to F162                                —            —         1.38         0.90         1.06 ms
  commit, bind, zerocheck, lincheck            —        50.74            —            —            — ms
  commit                                      —            —        13.49        18.02        20.17 ms
  bind the commitment                         —            —         0.34         0.03         0.60 ms
  zerocheck                                   —            —        12.26        12.18        12.14 ms
  lincheck                                    —            —        27.31        27.27        27.36 ms
  ring-switch / cross-field switch            —            —        35.31        29.38        34.05 ms
  opening                                     —        26.17         6.35       191.42         5.81 ms
  rest                                        —            —         0.01         0.01         0.01 ms
  proof after the witness                     —        76.91        96.45       279.20       101.19 ms
  total, witness included                100.27        79.32        98.86       281.61       103.60 ms

VERIFIER
  zerocheck and lincheck                      —        26.00        26.05        25.72        26.02 ms
  ring-switch / cross-field switch            —            —         0.65         0.67         0.66 ms
  decode the opening                          —            —         0.14            —         0.24 ms
  Ligerito / our opening                      —         2.14         0.71       122.85         1.50 ms
  total                                   27.89        28.13        27.94       149.28        29.33 ms

SIZES
  zerocheck                                   —         2.84         2.84         2.84         2.84 KB
  lincheck                                    —         1.41         1.41         1.41         1.41 KB
  cross-field switch                          —         4.05         4.71         4.71         4.71 KB
  commitment (wire form)                      —         4.00       283.50         4.12       283.50 KB
  opening                                     —       373.13       250.26        75.16       247.89 KB
  total                                  339.16       385.43       542.71        88.24       540.35 KB

peak resident set: 1443 MB

	Command being timed: "./target/release/hashes-flock --suite s"
	User time (seconds): 5.31
	System time (seconds): 0.62
	Percent of CPU this job got: 99%
	Elapsed (wall clock) time (h:mm:ss or m:ss): 0:05.94
	Average shared text size (kbytes): 0
	Average unshared data size (kbytes): 0
	Average stack size (kbytes): 0
	Average total size (kbytes): 0
	Maximum resident set size (kbytes): 1477664
	Average resident set size (kbytes): 0
	Major (requiring I/O) page faults: 0
	Minor (reclaiming a frame) page faults: 618422
	Voluntary context switches: 850
	Involuntary context switches: 1948
	Swaps: 0
	File system inputs: 0
	File system outputs: 16
	Socket messages sent: 0
	Socket messages received: 0
	Signals delivered: 0
	Page size (bytes): 4096
	Exit status: 0
