labinius over binius64 keccak-256, core 3, one thread, size sizel
keccak-256 of 1901415 bytes: 13981 permutations, 8388580 AND constraints, 8388581 non-public words
stock binius64 at the example's defaults: --log-inv-rate 1, --hash-suite sha256, rayon off
recursion off: 2^22 F162 in 512 columns, moduli 3889, 2917, 4861
recursion on:  2^22 F162 in 1024 columns, moduli 3889, 2917, 4861
bit-drop:      2^22 F162 in 512 columns, moduli 3889, 2917, 4861, 8 bits dropped

                                          stock    recursion    recursion             
                                       binius64          off           on     bit-drop

SETUP (once, not per proof)
  circuit                              35572.22     35572.22     35572.22     35572.22 ms
  commitment key and constraints        7900.65      7535.98      7687.52      7504.95 ms

PROVER
  witness                                133.45       133.45       133.45       133.45 ms
  packing                                     —        36.34        35.39        35.32 ms
  commit                                 208.70       315.47       340.22       325.60 ms
  BitAnd check                          1135.44      1078.45      1087.21      1090.33 ms
  shift reduction                       2392.57      2447.35      2446.07      2456.39 ms
  ring-switch / cross-field switch        64.39       384.91       386.23       388.02 ms
  opening                                     —        76.18       991.04        77.72 ms
  rest                                   104.29        15.17        11.79        15.01 ms
  total                                 3905.39      4353.88      5297.96      4388.40 ms

VERIFIER
  read the commitment                         —         2.35         0.01         2.48 ms
  reductions                              37.82        37.80        38.56        37.82 ms
  ring-switch / cross-field switch         0.01         0.35         0.38         0.36 ms
  decode the opening                          —         0.56            —         0.55 ms
  BaseFold / our opening                   0.74         3.18       590.18         4.84 ms
  wiring check (native)                 1288.01      1282.99      1284.78      1291.96 ms
  total                                 1327.19      1329.37      1915.94      1340.11 ms

SIZES
  binius64 LIOP                               —         6.22         6.22         6.22 KB
  cross-field switch                          —         3.38         3.38         3.38 KB
  commitment (wire form)                      —      1498.50         4.12      1174.50 KB
  opening                                     —      1379.21        86.19      1398.14 KB
  total                                  390.17      2887.31        99.91      2582.24 KB
  the tape carries T_Y as its polx image, 11.0 KB, rather than the wire form above

peak resident set: 41913 MB

labinius over binius64 sha-256, core 3, one thread, size sizel
sha-256 of 1162039 bytes: 18157 compressions, 6609149 AND constraints, 8388556 non-public words
stock binius64 at the example's defaults: --log-inv-rate 1, --hash-suite sha256, rayon off
recursion off: 2^22 F162 in 512 columns, moduli 3889, 2917, 4861
recursion on:  2^22 F162 in 1024 columns, moduli 3889, 2917, 4861
bit-drop:      2^22 F162 in 512 columns, moduli 3889, 2917, 4861, 8 bits dropped

                                          stock    recursion    recursion             
                                       binius64          off           on     bit-drop

SETUP (once, not per proof)
  circuit                              16053.05     16053.05     16053.05     16053.05 ms
  commitment key and constraints        2316.04      2326.04      2835.92      3406.20 ms

PROVER
  witness                                 74.57        74.57        74.57        74.57 ms
  packing                                     —        36.23        36.36        36.35 ms
  commit                                 173.96       317.58       341.81       326.23 ms
  BitAnd check                           495.40       568.99       577.30       582.12 ms
  shift reduction                        913.29      1020.60      1015.57      1013.36 ms
  ring-switch / cross-field switch        67.38       386.06       390.72       379.26 ms
  opening                                     —        78.49      1045.05        78.52 ms
  rest                                    89.40        19.36        15.14        18.83 ms
  total                                 1739.43      2427.31      3421.95      2434.67 ms

VERIFIER
  read the commitment                         —         2.26         0.01         2.52 ms
  reductions                              24.43        24.52        24.48        24.54 ms
  ring-switch / cross-field switch         0.01         0.35         0.37         0.37 ms
  decode the opening                          —         0.55            —         0.55 ms
  BaseFold / our opening                   0.70         2.97       594.09         4.75 ms
  wiring check (native)                  467.62       527.72       531.95       527.59 ms
  total                                  493.37       560.92      1153.35       562.84 ms

SIZES
  binius64 LIOP                               —         6.25         6.25         6.25 KB
  cross-field switch                          —         3.38         3.38         3.38 KB
  commitment (wire form)                      —      1498.50         4.12      1174.50 KB
  opening                                     —      1414.46        86.12      1365.49 KB
  total                                  390.20      2922.59        99.88      2549.61 KB
  the tape carries T_Y as its polx image, 11.0 KB, rather than the wire form above

peak resident set: 41913 MB

labinius over binius64 blake3, core 3, one thread, size sizel
blake3 of 1982120 bytes: 32906 compressions, 5524440 AND constraints, 8388608 non-public words
stock binius64 at the example's defaults: --log-inv-rate 1, --hash-suite sha256, rayon off
recursion off: 2^22 F162 in 512 columns, moduli 3889, 2917, 4861
recursion on:  2^22 F162 in 1024 columns, moduli 3889, 2917, 4861
bit-drop:      2^22 F162 in 512 columns, moduli 3889, 2917, 4861, 8 bits dropped

                                          stock    recursion    recursion             
                                       binius64          off           on     bit-drop

SETUP (once, not per proof)
  circuit                              15382.18     15382.18     15382.18     15382.18 ms
  commitment key and constraints        3034.48      3036.13      4111.31      4399.79 ms

PROVER
  witness                                 52.69        52.69        52.69        52.69 ms
  packing                                     —        35.54        38.48        25.41 ms
  commit                                 175.11       318.03       344.25       326.10 ms
  BitAnd check                           602.43       655.58       662.58       656.66 ms
  shift reduction                       1398.99      1519.11      1512.45      1514.93 ms
  ring-switch / cross-field switch        68.95       376.47       384.75       381.75 ms
  opening                                     —        78.49      1003.81        76.91 ms
  rest                                    98.60        26.01        22.61        25.65 ms
  total                                 2344.08      3009.22      3968.93      3007.41 ms

VERIFIER
  read the commitment                         —         2.35         0.01         2.56 ms
  reductions                              41.61        41.99        41.59        41.49 ms
  ring-switch / cross-field switch         0.01         0.35         0.37         0.35 ms
  decode the opening                          —         0.55            —         0.56 ms
  BaseFold / our opening                   0.73         2.98       563.46         4.67 ms
  wiring check (native)                  648.30       703.83       706.63       703.03 ms
  total                                  692.62       756.39      1316.29       756.78 ms

SIZES
  binius64 LIOP                               —         6.25         6.25         6.25 KB
  cross-field switch                          —         3.38         3.38         3.38 KB
  commitment (wire form)                      —      1498.50         4.12      1174.50 KB
  opening                                     —      1530.16        86.01      1334.13 KB
  total                                  390.20      3038.28        99.76      2518.26 KB
  the tape carries T_Y as its polx image, 11.0 KB, rather than the wire form above

peak resident set: 41913 MB

	Command being timed: "./target/release/hashes-binius --suite l"
	User time (seconds): 164.18
	System time (seconds): 28.86
	Percent of CPU this job got: 99%
	Elapsed (wall clock) time (h:mm:ss or m:ss): 3:13.15
	Average shared text size (kbytes): 0
	Average unshared data size (kbytes): 0
	Average stack size (kbytes): 0
	Average total size (kbytes): 0
	Maximum resident set size (kbytes): 42918896
	Average resident set size (kbytes): 0
	Major (requiring I/O) page faults: 0
	Minor (reclaiming a frame) page faults: 31232238
	Voluntary context switches: 1335
	Involuntary context switches: 7305
	Swaps: 0
	File system inputs: 0
	File system outputs: 40
	Socket messages sent: 0
	Socket messages received: 0
	Signals delivered: 0
	Page size (bytes): 4096
	Exit status: 0
