labinius over flock BLAKE3, core 3, one thread, size sizel
32768 compressions of BLAKE3: m = 29, k_log = 14, 11707 useful bits per block, 4194304 committed
stock union: log_inv_rate 1, profile Fast, Ligerito over the compacted stack, dense m = 29 in 3014656 F128
stock core:  log_inv_rate 1, profile Fast, Ligerito over the padded buffer, m = 29 in 4194304 F128
recursion off: 2^22 F162 in 512 columns, moduli 3889, 2917, 4861
recursion on:  2^22 F162 in 1024 columns, moduli 3889, 2917, 4861
bit-drop:      2^22 F162 in 512 columns, moduli 3889, 2917, 4861, 8 bits dropped

                                          stock        stock    recursion    recursion             
                                          union         core          off           on     bit-drop

SETUP (once, not per proof)
  R1CS and PCS parameters               2346.94      2346.94      2346.94      2346.94      2346.94 ms
  commitment key                              —            —       744.30       923.45       739.36 ms

PROVER
  witness                                 60.28        60.28        60.28        60.28        60.28 ms
  lift to F162                                —            —        40.61        40.74        41.00 ms
  commit, bind, zerocheck, lincheck            —       426.60            —            —            — ms
  commit                                      —            —       287.67       314.14       297.76 ms
  bind the commitment                         —            —         2.27         0.16         2.40 ms
  zerocheck                                   —            —       176.03       176.12       175.27 ms
  lincheck                                    —            —        37.86        37.76        37.73 ms
  ring-switch / cross-field switch            —            —       609.18       603.40       599.28 ms
  opening                                     —       402.34        77.16       987.79        76.33 ms
  rest                                        —            —         0.01         0.01         0.01 ms
  proof after the witness                     —       828.94      1230.80      2160.12      1229.76 ms
  total, witness included                900.85       889.21      1291.08      2220.40      1290.04 ms

VERIFIER
  zerocheck and lincheck                      —        24.06        24.85        23.78        24.60 ms
  ring-switch / cross-field switch            —            —         0.72         0.73         0.73 ms
  decode the opening                          —            —         0.48            —         0.49 ms
  Ligerito / our opening                      —         3.48         3.23       578.75         5.77 ms
  total                                   26.46        27.54        31.44       603.35        34.98 ms

SIZES
  zerocheck                                   —         2.99         2.99         2.99         2.99 KB
  lincheck                                    —         1.37         1.37         1.37         1.37 KB
  cross-field switch                          —         4.05         4.87         4.87         4.87 KB
  commitment (wire form)                      —         4.00      1498.50         4.12      1174.50 KB
  opening                                     —       332.83      1312.17        86.12      1335.74 KB
  total                                  318.66       345.24      2819.90        99.47      2519.47 KB

peak resident set: 6365 MB

labinius over flock SHA-256, core 3, one thread, size sizel
16384 compressions of SHA-256: m = 29, k_log = 15, 25470 useful bits per block, 4194304 committed
stock union: log_inv_rate 1, profile Fast, Ligerito over the compacted stack, dense m = 29 in 3276800 F128
stock core:  log_inv_rate 1, profile Fast, Ligerito over the padded buffer, m = 29 in 4194304 F128
recursion off: 2^22 F162 in 512 columns, moduli 3889, 2917, 4861
recursion on:  2^22 F162 in 1024 columns, moduli 3889, 2917, 4861
bit-drop:      2^22 F162 in 512 columns, moduli 3889, 2917, 4861, 8 bits dropped

                                          stock        stock    recursion    recursion             
                                          union         core          off           on     bit-drop

SETUP (once, not per proof)
  R1CS and PCS parameters               1885.57      1885.57      1885.57      1885.57      1885.57 ms
  commitment key                              —            —       733.29       899.98       742.57 ms

PROVER
  witness                                 50.50        50.50        50.50        50.50        50.50 ms
  lift to F162                                —            —        40.49        40.58        40.33 ms
  commit, bind, zerocheck, lincheck            —       550.34            —            —            — ms
  commit                                      —            —       288.77       316.17       302.07 ms
  bind the commitment                         —            —         2.31         0.18         2.39 ms
  zerocheck                                   —            —       208.42       196.62       197.09 ms
  lincheck                                    —            —        44.03        42.82        42.81 ms
  ring-switch / cross-field switch            —            —       610.88       616.13       605.51 ms
  opening                                     —       409.54        78.03       991.31        76.75 ms
  rest                                        —            —         0.01         0.01         0.01 ms
  proof after the witness                     —       959.87      1272.95      2203.83      1266.96 ms
  total, witness included               1041.48      1010.37      1323.45      2254.32      1317.46 ms

VERIFIER
  zerocheck and lincheck                      —        26.01        26.82        25.89        26.52 ms
  ring-switch / cross-field switch            —            —         0.76         0.76         0.75 ms
  decode the opening                          —            —         0.50            —         0.50 ms
  Ligerito / our opening                      —         3.54         3.11       576.95         4.86 ms
  total                                   31.30        29.55        33.47       603.69        35.98 ms

SIZES
  zerocheck                                   —         2.99         2.99         2.99         2.99 KB
  lincheck                                    —         1.41         1.41         1.41         1.41 KB
  cross-field switch                          —         4.05         4.87         4.87         4.87 KB
  commitment (wire form)                      —         4.00      1498.50         4.12      1174.50 KB
  opening                                     —       332.83      1139.43        85.99      1142.58 KB
  total                                  326.32       345.28      2647.20        99.39      2326.35 KB

peak resident set: 6967 MB

	Command being timed: "./target/release/hashes-flock --suite l"
	User time (seconds): 19.17
	System time (seconds): 5.00
	Percent of CPU this job got: 99%
	Elapsed (wall clock) time (h:mm:ss or m:ss): 0:24.18
	Average shared text size (kbytes): 0
	Average unshared data size (kbytes): 0
	Average stack size (kbytes): 0
	Average total size (kbytes): 0
	Maximum resident set size (kbytes): 7134648
	Average resident set size (kbytes): 0
	Major (requiring I/O) page faults: 0
	Minor (reclaiming a frame) page faults: 5388733
	Voluntary context switches: 1764
	Involuntary context switches: 3267
	Swaps: 0
	File system inputs: 0
	File system outputs: 16
	Socket messages sent: 0
	Socket messages received: 0
	Signals delivered: 0
	Page size (bytes): 4096
	Exit status: 0
