labinius over flock BLAKE3, core 3, one thread, size sizem
8192 compressions of BLAKE3: m = 27, k_log = 14, 11707 useful bits per block, 1048576 committed
stock union: log_inv_rate 1, profile Fast, Ligerito over the compacted stack, dense m = 27 in 753664 F128
stock core:  log_inv_rate 1, profile Fast, Ligerito over the padded buffer, m = 27 in 1048576 F128
recursion off: 2^20 F162 in 256 columns, moduli 3889, 2917, 4861
recursion on:  2^20 F162 in 512 columns, moduli 3889, 2917, 4861
bit-drop:      2^20 F162 in 256 columns, moduli 3889, 2917, 4861, 9 bits dropped

                                          stock        stock    recursion    recursion             
                                          union         core          off           on     bit-drop

SETUP (once, not per proof)
  R1CS and PCS parameters               2094.97      2094.97      2094.97      2094.97      2094.97 ms
  commitment key                              —            —       188.91       280.21       186.35 ms

PROVER
  witness                                 14.58        14.58        14.58        14.58        14.58 ms
  lift to F162                                —            —         6.99         7.94         3.97 ms
  commit, bind, zerocheck, lincheck            —       118.22            —            —            — ms
  commit                                      —            —        71.59        84.30        75.94 ms
  bind the commitment                         —            —         1.18         0.04         1.27 ms
  zerocheck                                   —            —        43.49        43.41        43.39 ms
  lincheck                                    —            —        27.48        27.47        27.49 ms
  ring-switch / cross-field switch            —            —       143.11       146.50       142.18 ms
  opening                                     —        94.15        19.98       483.97        19.79 ms
  rest                                        —            —         0.01         0.01         0.01 ms
  proof after the witness                     —       212.37       313.83       793.65       314.04 ms
  total, witness included                239.79       226.95       328.42       808.23       328.63 ms

VERIFIER
  zerocheck and lincheck                      —        24.52        24.40        23.78        24.17 ms
  ring-switch / cross-field switch            —            —         0.71         0.70         0.71 ms
  decode the opening                          —            —         0.25            —         0.25 ms
  Ligerito / our opening                      —         3.23         1.74       311.94         2.47 ms
  total                                   26.32        27.76        28.19       336.53        29.52 ms

SIZES
  zerocheck                                   —         2.91         2.91         2.91         2.91 KB
  lincheck                                    —         1.37         1.37         1.37         1.37 KB
  cross-field switch                          —         4.05         4.79         4.79         4.79 KB
  commitment (wire form)                      —         4.00       749.25         4.12       587.25 KB
  opening                                     —       399.26       590.80        72.71       587.41 KB
  total                                  350.38       411.59      1349.12        85.91      1183.73 KB

peak resident set: 2342 MB

labinius over flock SHA-256, core 3, one thread, size sizem
4096 compressions of SHA-256: m = 27, k_log = 15, 25470 useful bits per block, 1048576 committed
stock union: log_inv_rate 1, profile Fast, Ligerito over the compacted stack, dense m = 27 in 819200 F128
stock core:  log_inv_rate 1, profile Fast, Ligerito over the padded buffer, m = 27 in 1048576 F128
recursion off: 2^20 F162 in 256 columns, moduli 3889, 2917, 4861
recursion on:  2^20 F162 in 512 columns, moduli 3889, 2917, 4861
bit-drop:      2^20 F162 in 256 columns, moduli 3889, 2917, 4861, 9 bits dropped

                                          stock        stock    recursion    recursion             
                                          union         core          off           on     bit-drop

SETUP (once, not per proof)
  R1CS and PCS parameters               1673.02      1673.02      1673.02      1673.02      1673.02 ms
  commitment key                              —            —       184.20       257.27       189.61 ms

PROVER
  witness                                  9.62         9.62         9.62         9.62         9.62 ms
  lift to F162                                —            —         6.34         7.69         4.02 ms
  commit, bind, zerocheck, lincheck            —       130.78            —            —            — ms
  commit                                      —            —        71.47        85.56        78.20 ms
  bind the commitment                         —            —         1.13         0.05         1.19 ms
  zerocheck                                   —            —        47.81        47.73        47.75 ms
  lincheck                                    —            —        30.39        30.34        30.54 ms
  ring-switch / cross-field switch            —            —       145.86       146.32       141.85 ms
  opening                                     —        83.84        20.25       501.79        19.86 ms
  rest                                        —            —         0.01         0.01         0.01 ms
  proof after the witness                     —       214.62       323.26       819.49       323.42 ms
  total, witness included                253.00       224.24       332.88       829.10       333.04 ms

VERIFIER
  zerocheck and lincheck                      —        25.99        26.36        25.74        26.19 ms
  ring-switch / cross-field switch            —            —         0.71         0.70         0.70 ms
  decode the opening                          —            —         0.24            —         0.25 ms
  Ligerito / our opening                      —         3.24         1.65       295.63         2.51 ms
  total                                   27.97        29.23        30.04       322.10        31.36 ms

SIZES
  zerocheck                                   —         2.91         2.91         2.91         2.91 KB
  lincheck                                    —         1.41         1.41         1.41         1.41 KB
  cross-field switch                          —         4.05         4.79         4.79         4.79 KB
  commitment (wire form)                      —         4.00       749.25         4.12       587.25 KB
  opening                                     —       399.26       560.45        72.71       539.19 KB
  total                                  365.67       411.63      1318.81        85.95      1135.55 KB

peak resident set: 2697 MB

	Command being timed: "./target/release/hashes-flock --suite m"
	User time (seconds): 8.47
	System time (seconds): 1.47
	Percent of CPU this job got: 99%
	Elapsed (wall clock) time (h:mm:ss or m:ss): 0:09.95
	Average shared text size (kbytes): 0
	Average unshared data size (kbytes): 0
	Average stack size (kbytes): 0
	Average total size (kbytes): 0
	Maximum resident set size (kbytes): 2761476
	Average resident set size (kbytes): 0
	Major (requiring I/O) page faults: 0
	Minor (reclaiming a frame) page faults: 1523727
	Voluntary context switches: 1030
	Involuntary context switches: 2303
	Swaps: 0
	File system inputs: 0
	File system outputs: 16
	Socket messages sent: 0
	Socket messages received: 0
	Signals delivered: 0
	Page size (bytes): 4096
	Exit status: 0
