labinius over binius64 keccak-256, core 3, one thread, size sizes
keccak-256 of 118727 bytes: 873 permutations, 523780 AND constraints, 523781 non-public words
stock binius64 at the example's defaults: --log-inv-rate 1, --hash-suite sha256, rayon off
recursion off: 2^18 F162 in 128 columns, moduli 9721, 12637
recursion on:  2^18 F162 in 256 columns, moduli 9721, 12637
bit-drop:      2^18 F162 in 128 columns, moduli 3889, 2917, 4861, 10 bits dropped

                                          stock    recursion    recursion             
                                       binius64          off           on     bit-drop

SETUP (once, not per proof)
  circuit                               1946.05      1946.05      1946.05      1946.05 ms
  commitment key and constraints         477.82       472.80       500.21       471.91 ms

PROVER
  witness                                  8.47         8.47         8.47         8.47 ms
  packing                                     —         0.76         0.84         1.00 ms
  commit                                   9.73        14.54        18.43        20.70 ms
  BitAnd check                            69.46        66.05        60.01        58.59 ms
  shift reduction                        146.37       142.80       143.74       145.23 ms
  ring-switch / cross-field switch         4.05        16.04        16.14        16.62 ms
  opening                                     —         5.72       186.73         5.73 ms
  rest                                     5.13         1.42         0.81         1.58 ms
  total                                  234.73       247.34       426.69       249.44 ms

VERIFIER
  read the commitment                         —         0.37         0.01         0.63 ms
  reductions                               2.41         2.45         2.45         2.43 ms
  ring-switch / cross-field switch         0.00         0.29         0.32         0.32 ms
  decode the opening                          —         0.13            —         0.14 ms
  BaseFold / our opening                   0.44         0.65       103.43         1.19 ms
  wiring check (native)                   76.41        76.34        76.47        76.39 ms
  total                                   81.68        80.38       182.80        81.25 ms

SIZES
  binius64 LIOP                               —         5.84         5.84         5.84 KB
  cross-field switch                          —         3.12         3.12         3.12 KB
  commitment (wire form)                      —       283.50         4.12       283.50 KB
  opening                                     —       302.87        75.47       302.29 KB
  total                                  243.83       595.34        88.56       594.76 KB
  the tape carries T_Y as its polx image, 11.0 KB, rather than the wire form above

peak resident set: 2730 MB

labinius over binius64 sha-256, core 3, one thread, size sizes
sha-256 of 72567 bytes: 1134 compressions, 412777 AND constraints, 523915 non-public words
stock binius64 at the example's defaults: --log-inv-rate 1, --hash-suite sha256, rayon off
recursion off: 2^18 F162 in 128 columns, moduli 9721, 12637
recursion on:  2^18 F162 in 256 columns, moduli 9721, 12637
bit-drop:      2^18 F162 in 128 columns, moduli 3889, 2917, 4861, 10 bits dropped

                                          stock    recursion    recursion             
                                       binius64          off           on     bit-drop

SETUP (once, not per proof)
  circuit                                949.66       949.66       949.66       949.66 ms
  commitment key and constraints         143.01       143.90       167.85       171.26 ms

PROVER
  witness                                  4.37         4.37         4.37         4.37 ms
  packing                                     —         0.66         0.83         0.95 ms
  commit                                   8.03        14.30        18.34        20.50 ms
  BitAnd check                            28.77        27.36        27.82        27.30 ms
  shift reduction                         54.79        54.16        54.53        53.67 ms
  ring-switch / cross-field switch         4.03        16.09        16.02        16.05 ms
  opening                                     —         5.83       175.96         5.77 ms
  rest                                     5.59         1.48         1.03         1.82 ms
  total                                  101.19       119.89       294.53       126.06 ms

VERIFIER
  read the commitment                         —         0.37         0.01         0.60 ms
  reductions                               1.61         1.64         1.62         1.63 ms
  ring-switch / cross-field switch         0.00         0.30         0.32         0.31 ms
  decode the opening                          —         0.14            —         0.14 ms
  BaseFold / our opening                   0.46         0.67       106.92         1.20 ms
  wiring check (native)                   29.11        30.49        29.11        29.05 ms
  total                                   31.29        33.80       138.15        33.11 ms

SIZES
  binius64 LIOP                               —         5.88         5.88         5.88 KB
  cross-field switch                          —         3.12         3.12         3.12 KB
  commitment (wire form)                      —       283.50         4.12       283.50 KB
  opening                                     —       307.69        75.44       292.11 KB
  total                                  243.86       600.19        88.57       584.61 KB
  the tape carries T_Y as its polx image, 11.0 KB, rather than the wire form above

peak resident set: 2730 MB

labinius over binius64 blake3, core 3, one thread, size sizes
blake3 of 123840 bytes: 2055 compressions, 345080 AND constraints, 524126 non-public words
stock binius64 at the example's defaults: --log-inv-rate 1, --hash-suite sha256, rayon off
recursion off: 2^18 F162 in 128 columns, moduli 9721, 12637
recursion on:  2^18 F162 in 256 columns, moduli 9721, 12637
bit-drop:      2^18 F162 in 128 columns, moduli 3889, 2917, 4861, 10 bits dropped

                                          stock    recursion    recursion             
                                       binius64          off           on     bit-drop

SETUP (once, not per proof)
  circuit                                894.28       894.28       894.28       894.28 ms
  commitment key and constraints         189.89       188.02       212.21       246.52 ms

PROVER
  witness                                  3.34         3.34         3.34         3.34 ms
  packing                                     —         0.73         0.87         0.95 ms
  commit                                   8.20        14.13        18.37        20.66 ms
  BitAnd check                            40.39        40.24        33.40        33.18 ms
  shift reduction                         82.86        83.47        83.96        83.63 ms
  ring-switch / cross-field switch         4.04        16.20        16.23        16.04 ms
  opening                                     —         5.80       203.97         5.80 ms
  rest                                     5.74         2.12         1.48         2.26 ms
  total                                  141.23       162.69       358.28       162.51 ms

VERIFIER
  read the commitment                         —         0.38         0.01         0.61 ms
  reductions                               2.66         2.67         2.67         2.66 ms
  ring-switch / cross-field switch         0.01         0.30         0.30         0.31 ms
  decode the opening                          —         0.14            —         0.14 ms
  BaseFold / our opening                   0.46         0.67       105.59         1.18 ms
  wiring check (native)                   39.84        40.07        39.74        40.06 ms
  total                                   43.59        44.50       148.57        45.25 ms

SIZES
  binius64 LIOP                               —         5.88         5.88         5.88 KB
  cross-field switch                          —         3.12         3.12         3.12 KB
  commitment (wire form)                      —       283.50         4.12       283.50 KB
  opening                                     —       296.68        75.56       299.52 KB
  total                                  243.86       589.18        88.69       592.02 KB
  the tape carries T_Y as its polx image, 11.0 KB, rather than the wire form above

peak resident set: 2730 MB

	Command being timed: "./target/release/hashes-binius --suite s"
	User time (seconds): 10.33
	System time (seconds): 1.44
	Percent of CPU this job got: 99%
	Elapsed (wall clock) time (h:mm:ss or m:ss): 0:11.78
	Average shared text size (kbytes): 0
	Average unshared data size (kbytes): 0
	Average stack size (kbytes): 0
	Average total size (kbytes): 0
	Maximum resident set size (kbytes): 2795148
	Average resident set size (kbytes): 0
	Major (requiring I/O) page faults: 0
	Minor (reclaiming a frame) page faults: 1494576
	Voluntary context switches: 888
	Involuntary context switches: 2751
	Swaps: 0
	File system inputs: 0
	File system outputs: 24
	Socket messages sent: 0
	Socket messages received: 0
	Signals delivered: 0
	Page size (bytes): 4096
	Exit status: 0
