labinius over flock BLAKE3, core 3, one thread, size sizexl
131072 compressions of BLAKE3: m = 31, k_log = 14, 11707 useful bits per block, 16777216 committed
stock union: log_inv_rate 1, profile Fast, Ligerito over the compacted stack, dense m = 31 in 12058624 F128
stock core:  log_inv_rate 1, profile Fast, Ligerito over the padded buffer, m = 31 in 16777216 F128
recursion off: 2^24 F162 in 1024 columns, moduli 3889, 2917, 9721
recursion on:  2^24 F162 in 2048 columns, moduli 3889, 2917, 9721
bit-drop:      2^24 F162 in 1024 columns, moduli 3889, 2917, 4861, 7 bits dropped

                                          stock        stock    recursion    recursion             
                                          union         core          off           on     bit-drop

SETUP (once, not per proof)
  R1CS and PCS parameters               3371.27      3371.27      3371.27      3371.27      3371.27 ms
  commitment key                              —            —      2935.79      3333.08      2899.72 ms

PROVER
  witness                                242.56       242.56       242.56       242.56       242.56 ms
  lift to F162                                —            —       162.43       163.71       168.90 ms
  commit, bind, zerocheck, lincheck            —      1970.26            —            —            — ms
  commit                                      —            —      1180.02      1232.92      1169.65 ms
  bind the commitment                         —            —         4.04         0.30         4.89 ms
  zerocheck                                   —            —       768.16       831.76       831.68 ms
  lincheck                                    —            —        78.32        78.83        78.49 ms
  ring-switch / cross-field switch            —            —      2495.91      2491.20      2477.09 ms
  opening                                     —      1314.65       294.18      2122.11       292.58 ms
  rest                                        —            —         0.01         0.01         0.01 ms
  proof after the witness                     —      3284.92      4983.07      6920.84      5023.28 ms
  total, witness included               3149.98      3527.48      5225.63      7163.40      5265.84 ms

VERIFIER
  zerocheck and lincheck                      —        24.07        25.91        23.81        25.08 ms
  ring-switch / cross-field switch            —            —         0.85         0.88         0.82 ms
  decode the opening                          —            —         1.04            —         0.97 ms
  Ligerito / our opening                      —         2.98         6.57      1149.24         9.80 ms
  total                                   26.29        27.05        38.42      1174.09        43.22 ms

SIZES
  zerocheck                                   —         3.07         3.07         3.07         3.07 KB
  lincheck                                    —         1.37         1.37         1.37         1.37 KB
  cross-field switch                          —         4.05         4.95         4.95         4.95 KB
  commitment (wire form)                      —         4.00      3078.00         4.50      2430.00 KB
  opening                                     —       483.02      2689.23        82.76      2749.07 KB
  total                                  434.93       495.52      5776.62        96.65      5188.45 KB

peak resident set: 21920 MB

labinius over flock SHA-256, core 3, one thread, size sizexl
65536 compressions of SHA-256: m = 31, k_log = 15, 25470 useful bits per block, 16777216 committed
stock union: log_inv_rate 1, profile Fast, Ligerito over the compacted stack, dense m = 31 in 13107200 F128
stock core:  log_inv_rate 1, profile Fast, Ligerito over the padded buffer, m = 31 in 16777216 F128
recursion off: 2^24 F162 in 1024 columns, moduli 3889, 2917, 9721
recursion on:  2^24 F162 in 2048 columns, moduli 3889, 2917, 9721
bit-drop:      2^24 F162 in 1024 columns, moduli 3889, 2917, 4861, 7 bits dropped

                                          stock        stock    recursion    recursion             
                                          union         core          off           on     bit-drop

SETUP (once, not per proof)
  R1CS and PCS parameters               2873.51      2873.51      2873.51      2873.51      2873.51 ms
  commitment key                              —            —      2924.10      3271.18      2906.33 ms

PROVER
  witness                                201.29       201.29       201.29       201.29       201.29 ms
  lift to F162                                —            —       163.26       163.06       162.59 ms
  commit, bind, zerocheck, lincheck            —      2185.97            —            —            — ms
  commit                                      —            —      1185.98      1248.10      1182.21 ms
  bind the commitment                         —            —         4.26         0.57         4.91 ms
  zerocheck                                   —            —      1012.51       962.64       963.27 ms
  lincheck                                    —            —        93.10        92.86        92.86 ms
  ring-switch / cross-field switch            —            —      2481.63      2491.04      2459.35 ms
  opening                                     —      1313.76       296.34      2218.78       293.42 ms
  rest                                        —            —         0.01         0.01         0.01 ms
  proof after the witness                     —      3499.73      5237.09      7177.05      5158.60 ms
  total, witness included               3761.83      3701.02      5438.38      7378.34      5359.89 ms

VERIFIER
  zerocheck and lincheck                      —        26.14        27.82        25.77        27.18 ms
  ring-switch / cross-field switch            —            —         0.92         0.79         0.79 ms
  decode the opening                          —            —         0.96            —         0.95 ms
  Ligerito / our opening                      —         2.97         6.12      1146.42         9.97 ms
  total                                   28.03        29.10        40.09      1173.10        45.35 ms

SIZES
  zerocheck                                   —         3.07         3.07         3.07         3.07 KB
  lincheck                                    —         1.41         1.41         1.41         1.41 KB
  cross-field switch                          —         4.05         4.95         4.95         4.95 KB
  commitment (wire form)                      —         4.00      3078.00         4.50      2430.00 KB
  opening                                     —       483.02      2509.69        82.80      2402.34 KB
  total                                  450.22       495.55      5597.11        96.73      4841.77 KB

peak resident set: 22623 MB

	Command being timed: "./target/release/hashes-flock --suite xl"
	User time (seconds): 58.23
	System time (seconds): 19.24
	Percent of CPU this job got: 99%
	Elapsed (wall clock) time (h:mm:ss or m:ss): 1:17.51
	Average shared text size (kbytes): 0
	Average unshared data size (kbytes): 0
	Average stack size (kbytes): 0
	Average total size (kbytes): 0
	Maximum resident set size (kbytes): 23166348
	Average resident set size (kbytes): 0
	Major (requiring I/O) page faults: 0
	Minor (reclaiming a frame) page faults: 21031580
	Voluntary context switches: 2217
	Involuntary context switches: 4532
	Swaps: 0
	File system inputs: 0
	File system outputs: 24
	Socket messages sent: 0
	Socket messages received: 0
	Signals delivered: 0
	Page size (bytes): 4096
	Exit status: 0
