labinius over binius64 keccak-256, core 3, one thread, size sizem
keccak-256 of 475319 bytes: 3495 permutations, 2096980 AND constraints, 2096981 non-public words
stock binius64 at the example's defaults: --log-inv-rate 1, --hash-suite sha256, rayon off
recursion off: 2^20 F162 in 256 columns, moduli 3889, 2917, 4861
recursion on:  2^20 F162 in 512 columns, moduli 3889, 2917, 4861
bit-drop:      2^20 F162 in 256 columns, moduli 3889, 2917, 4861, 9 bits dropped

                                          stock    recursion    recursion             
                                       binius64          off           on     bit-drop

SETUP (once, not per proof)
  circuit                               8172.46      8172.46      8172.46      8172.46 ms
  commitment key and constraints        1979.54      1863.65      1948.02      1847.42 ms

PROVER
  witness                                 33.90        33.90        33.90        33.90 ms
  packing                                     —         5.90         6.07         3.64 ms
  commit                                  46.52        77.85        91.23        79.19 ms
  BitAnd check                           280.97       271.71       267.50       268.64 ms
  shift reduction                        589.25       601.36       605.62       615.13 ms
  ring-switch / cross-field switch        16.09        81.25        82.31        84.69 ms
  opening                                     —        19.49       487.70        19.60 ms
  rest                                    22.57         4.47         3.15         4.59 ms
  total                                  955.39      1062.04      1543.59      1075.50 ms

VERIFIER
  read the commitment                         —         1.12         0.01         1.21 ms
  reductions                               9.49         9.60         9.49         9.54 ms
  ring-switch / cross-field switch         0.01         0.32         0.31         0.32 ms
  decode the opening                          —         0.26            —         0.25 ms
  BaseFold / our opening                   0.54         1.56       297.84         2.38 ms
  wiring check (native)                  320.44       305.98       305.78       306.02 ms
  total                                  331.39       319.40       613.94       320.25 ms

SIZES
  binius64 LIOP                               —         6.03         6.03         6.03 KB
  cross-field switch                          —         3.25         3.25         3.25 KB
  commitment (wire form)                      —       749.25         4.12       587.25 KB
  opening                                     —       660.63        72.85       676.87 KB
  total                                  310.11      1419.17        86.26      1273.40 KB
  the tape carries T_Y as its polx image, 11.0 KB, rather than the wire form above

peak resident set: 10709 MB

labinius over binius64 sha-256, core 3, one thread, size sizem
sha-256 of 290487 bytes: 4539 compressions, 1652197 AND constraints, 2097040 non-public words
stock binius64 at the example's defaults: --log-inv-rate 1, --hash-suite sha256, rayon off
recursion off: 2^20 F162 in 256 columns, moduli 3889, 2917, 4861
recursion on:  2^20 F162 in 512 columns, moduli 3889, 2917, 4861
bit-drop:      2^20 F162 in 256 columns, moduli 3889, 2917, 4861, 9 bits dropped

                                          stock    recursion    recursion             
                                       binius64          off           on     bit-drop

SETUP (once, not per proof)
  circuit                               3702.42      3702.42      3702.42      3702.42 ms
  commitment key and constraints         583.18       582.09       738.16       803.06 ms

PROVER
  witness                                 17.62        17.62        17.62        17.62 ms
  packing                                     —         3.42         3.49         3.64 ms
  commit                                  37.58        78.67        87.98        79.67 ms
  BitAnd check                           117.98       144.73       136.29       110.28 ms
  shift reduction                        235.11       250.38       251.45       232.25 ms
  ring-switch / cross-field switch        16.02        90.06        89.60        68.20 ms
  opening                                     —        19.77       488.81        19.86 ms
  rest                                    22.35         5.45         5.04         5.46 ms
  total                                  429.03       592.48      1062.66       519.36 ms

VERIFIER
  read the commitment                         —         1.14         0.01         1.31 ms
  reductions                               6.14         6.18         6.16         6.16 ms
  ring-switch / cross-field switch         0.01         0.32         0.33         0.32 ms
  decode the opening                          —         0.24            —         0.24 ms
  BaseFold / our opening                   0.56         1.49       280.35         2.38 ms
  wiring check (native)                  115.73       115.78       115.65       116.23 ms
  total                                  123.62       125.82       403.14       127.34 ms

SIZES
  binius64 LIOP                               —         6.06         6.06         6.06 KB
  cross-field switch                          —         3.25         3.25         3.25 KB
  commitment (wire form)                      —       749.25         4.12       587.25 KB
  opening                                     —       697.97        72.68       631.25 KB
  total                                  310.14      1456.53        86.12      1227.81 KB
  the tape carries T_Y as its polx image, 11.0 KB, rather than the wire form above

peak resident set: 10709 MB

labinius over binius64 blake3, core 3, one thread, size sizem
blake3 of 495488 bytes: 8225 compressions, 1380916 AND constraints, 2097034 non-public words
stock binius64 at the example's defaults: --log-inv-rate 1, --hash-suite sha256, rayon off
recursion off: 2^20 F162 in 256 columns, moduli 3889, 2917, 4861
recursion on:  2^20 F162 in 512 columns, moduli 3889, 2917, 4861
bit-drop:      2^20 F162 in 256 columns, moduli 3889, 2917, 4861, 9 bits dropped

                                          stock    recursion    recursion             
                                       binius64          off           on     bit-drop

SETUP (once, not per proof)
  circuit                               3665.57      3665.57      3665.57      3665.57 ms
  commitment key and constraints         763.94       767.55       970.02      1060.04 ms

PROVER
  witness                                 13.09        13.09        13.09        13.09 ms
  packing                                     —         4.65         6.04         3.57 ms
  commit                                  37.68        78.55        91.81        79.90 ms
  BitAnd check                           143.82       161.68       165.23       135.71 ms
  shift reduction                        347.43       372.35       375.94       349.87 ms
  ring-switch / cross-field switch        16.19        85.26        85.65        67.14 ms
  opening                                     —        19.78       493.56        19.83 ms
  rest                                    23.30         7.32         5.68         7.25 ms
  total                                  568.42       729.60      1223.91       663.28 ms

VERIFIER
  read the commitment                         —         1.13         0.01         1.32 ms
  reductions                              10.39        10.38        10.37        10.43 ms
  ring-switch / cross-field switch         0.01         0.32         0.36         0.35 ms
  decode the opening                          —         0.25            —         0.26 ms
  BaseFold / our opening                   0.55         1.52       275.76         2.44 ms
  wiring check (native)                  161.56       160.47       160.22       160.88 ms
  total                                  173.43       175.16       447.77       176.85 ms

SIZES
  binius64 LIOP                               —         6.06         6.06         6.06 KB
  cross-field switch                          —         3.25         3.25         3.25 KB
  commitment (wire form)                      —       749.25         4.12       587.25 KB
  opening                                     —       649.02        72.59       696.38 KB
  total                                  310.14      1407.58        86.03      1292.94 KB
  the tape carries T_Y as its polx image, 11.0 KB, rather than the wire form above

peak resident set: 10709 MB

	Command being timed: "./target/release/hashes-binius --suite m"
	User time (seconds): 40.88
	System time (seconds): 6.63
	Percent of CPU this job got: 99%
	Elapsed (wall clock) time (h:mm:ss or m:ss): 0:47.54
	Average shared text size (kbytes): 0
	Average unshared data size (kbytes): 0
	Average stack size (kbytes): 0
	Average total size (kbytes): 0
	Maximum resident set size (kbytes): 10965792
	Average resident set size (kbytes): 0
	Major (requiring I/O) page faults: 0
	Minor (reclaiming a frame) page faults: 7086188
	Voluntary context switches: 1145
	Involuntary context switches: 4638
	Swaps: 0
	File system inputs: 0
	File system outputs: 24
	Socket messages sent: 0
	Socket messages received: 0
	Signals delivered: 0
	Page size (bytes): 4096
	Exit status: 0
