=== size sizes ===
=== short challenge: weight 28, canonical bound 12, 1000 samples ===
  acceptance rate: 0.6562 (1 in 1.52)

labinius, core 3, one thread, moduli 9721, 12637

=== recursion off ===
witness: 2^18 F162 = 65536 ring elements of R_648, 128 columns of 2048 F162
folded witness: 512 ring elements of R_648, 128 F162 of row evaluation
  public parameters                1.45 ms

PROVER
  commit                          13.46 ms
  row_evaluate                     0.30 ms
  fold                             4.20 ms
  pack commitment, row             0.44 ms
  encode folded witness            0.83 ms
  total                           19.24 ms
  total except encode             18.41 ms

STATEMENT
  derive_evaluation_point          0.26 ms
  mle_evaluate                     0.31 ms
  total                            0.57 ms

VERIFIER
  derive_folding_challenges        0.14 ms
  decode                           0.14 ms
  fold_commitment                  0.04 ms
  fold_row_evaluation              0.00 ms
  verify_evaluation                0.00 ms
  verify_folded_opening            0.31 ms
  total                            0.63 ms
  total except decode              0.49 ms

wire: commitment 283.5 KB, row evaluation 2.5 KB, folded witness 305.0 KB, TOTAL 591.0 KB
verification: accepted

=== plain-bd ===
witness: 2^18 F162 = 65536 ring elements of R_648, 128 columns of 2048 F162
dropped bits 10, residual cap 811748044800 over the expectation 2.029e11
  public parameters                1.57 ms

PROVER
  commit (with the digits)        19.45 ms
  row_evaluate                     0.30 ms
  fold                             4.14 ms
  pack commitment, row             0.37 ms
  encode folded witness            0.86 ms
  total                           25.12 ms
  total except encode             24.26 ms

STATEMENT
  derive_evaluation_point          0.41 ms
  mle_evaluate                     0.31 ms
  total                            0.72 ms

VERIFIER
  derive_folding_challenges        0.16 ms
  decode                           0.46 ms
  fold_row_evaluation              0.00 ms
  verify_evaluation                0.00 ms
  verify_folded_opening            0.83 ms
  total                            1.46 ms
  total except decode              0.99 ms

wire: commitment 283.5 KB, row evaluation 2.5 KB, folded witness 324.5 KB, TOTAL 610.5 KB
verification: accepted
tampered fold: rejected (the opening was rejected)

peak resident set: 104 MB
	Command being timed: "./target/release/labinius --suite s"
	User time (seconds): 0.16
	System time (seconds): 0.04
	Percent of CPU this job got: 99%
	Elapsed (wall clock) time (h:mm:ss or m:ss): 0:00.21
	Average shared text size (kbytes): 0
	Average unshared data size (kbytes): 0
	Average stack size (kbytes): 0
	Average total size (kbytes): 0
	Maximum resident set size (kbytes): 106812
	Average resident set size (kbytes): 0
	Major (requiring I/O) page faults: 0
	Minor (reclaiming a frame) page faults: 50143
	Voluntary context switches: 1
	Involuntary context switches: 2
	Swaps: 0
	File system inputs: 0
	File system outputs: 8
	Socket messages sent: 0
	Socket messages received: 0
	Signals delivered: 0
	Page size (bytes): 4096
	Exit status: 0
