=== size sizem ===
=== short challenge: weight 28, canonical bound 12, 1000 samples ===
  acceptance rate: 0.6562 (1 in 1.52)


=== recursion on ===
witness: 2^20 F162 = 262144 ring elements of R_648, 512 columns of 2048 F162
  public parameters               94.37 ms
  key-time buffers                   64 MB
  witness: 24 vectors, 27296 polynomials of Z_Q[X]/(X^64+1)
  commitment ranks: kappa_Y 11, kappa_u 4, kappa_R 8

PROVER
  commit (with T_Y)               85.81 ms
  row_evaluate                     1.78 ms
  commit_left_expansion            0.46 ms
  prove_opening                  490.16 ms
    fold                          16.57 ms
    encoding                      18.00 ms
    T_R                            4.81 ms
    masks                         12.17 ms
    constraint phi                 4.75 ms
    statement build               36.03 ms
    labrador::prove              394.97 ms
  total                          578.21 ms

STATEMENT
  derive_evaluation_point          0.00 ms
  mle_evaluate                     1.81 ms
  total                            1.81 ms

VERIFIER
  derive_folding_challenges        0.62 ms
  statement rebuild               51.06 ms
    layout                         2.87 ms
    no-wrap bound                  5.17 ms
    constraint phi                 4.75 ms
    statement build               33.34 ms
  labrador::verify               246.17 ms
  total                          301.65 ms

wire: T_Y 4.1 KB, T_u 1.5 KB, T_R 3.0 KB, norms 0.2 KB, labrador 67.9 KB
proof: 76.7 KB total, per-proof phi 3 MB
verification: accepted

peak resident set: 842 MB
	Command being timed: "./target/release/labinius --suite m"
	User time (seconds): 0.96
	System time (seconds): 0.29
	Percent of CPU this job got: 99%
	Elapsed (wall clock) time (h:mm:ss or m:ss): 0:01.25
	Average shared text size (kbytes): 0
	Average unshared data size (kbytes): 0
	Average stack size (kbytes): 0
	Average total size (kbytes): 0
	Maximum resident set size (kbytes): 862656
	Average resident set size (kbytes): 0
	Major (requiring I/O) page faults: 0
	Minor (reclaiming a frame) page faults: 305236
	Voluntary context switches: 2
	Involuntary context switches: 18
	Swaps: 0
	File system inputs: 0
	File system outputs: 8
	Socket messages sent: 0
	Socket messages received: 0
	Signals delivered: 0
	Page size (bytes): 4096
	Exit status: 0
