=== size sizel ===
=== short challenge: weight 28, canonical bound 12, 1000 samples ===
  acceptance rate: 0.6562 (1 in 1.52)

labinius, core 3, one thread, moduli 3889, 2917, 4861

=== recursion off ===
witness: 2^22 F162 = 1048576 ring elements of R_648, 512 columns of 8192 F162
folded witness: 2048 ring elements of R_648, 512 F162 of row evaluation
  public parameters                8.46 ms

PROVER
  commit                         292.68 ms
  row_evaluate                     7.34 ms
  fold                            68.13 ms
  pack commitment, row             2.37 ms
  encode folded witness            3.38 ms
  total                          373.91 ms
  total except encode            370.53 ms

STATEMENT
  derive_evaluation_point          1.47 ms
  mle_evaluate                     7.36 ms
  total                            8.83 ms

VERIFIER
  derive_folding_challenges        0.64 ms
  decode                           0.60 ms
  fold_commitment                  0.26 ms
  fold_row_evaluation              0.01 ms
  verify_evaluation                0.01 ms
  verify_folded_opening            1.63 ms
  total                            3.16 ms
  total except decode              2.56 ms

wire: commitment 1498.5 KB, row evaluation 10.1 KB, folded witness 1486.5 KB, TOTAL 2995.2 KB
verification: accepted

=== plain-bd ===
witness: 2^22 F162 = 1048576 ring elements of R_648, 512 columns of 8192 F162
dropped bits 8, residual cap 202934108160 over the expectation 5.073e10
  public parameters                7.44 ms

PROVER
  commit (with the digits)       302.44 ms
  row_evaluate                     7.21 ms
  fold                            68.96 ms
  pack commitment, row             1.59 ms
  encode folded witness            3.38 ms
  total                          383.58 ms
  total except encode            380.20 ms

STATEMENT
  derive_evaluation_point          1.76 ms
  mle_evaluate                     7.23 ms
  total                            8.99 ms

VERIFIER
  derive_folding_challenges        0.61 ms
  decode                           1.86 ms
  fold_row_evaluation              0.01 ms
  verify_evaluation                0.01 ms
  verify_folded_opening            3.46 ms
  total                            5.95 ms
  total except decode              4.09 ms

wire: commitment 1174.5 KB, row evaluation 10.1 KB, folded witness 1384.8 KB, TOTAL 2569.4 KB
verification: accepted
tampered fold: rejected (the opening was rejected)

peak resident set: 1517 MB
	Command being timed: "./target/release/labinius --suite l"
	User time (seconds): 2.17
	System time (seconds): 0.84
	Percent of CPU this job got: 99%
	Elapsed (wall clock) time (h:mm:ss or m:ss): 0:03.02
	Average shared text size (kbytes): 0
	Average unshared data size (kbytes): 0
	Average stack size (kbytes): 0
	Average total size (kbytes): 0
	Maximum resident set size (kbytes): 1553468
	Average resident set size (kbytes): 0
	Major (requiring I/O) page faults: 0
	Minor (reclaiming a frame) page faults: 829823
	Voluntary context switches: 1
	Involuntary context switches: 36
	Swaps: 0
	File system inputs: 0
	File system outputs: 8
	Socket messages sent: 0
	Socket messages received: 0
	Signals delivered: 0
	Page size (bytes): 4096
	Exit status: 0
