=== size sizel ===
=== short challenge: weight 28, canonical bound 12, 1000 samples ===
  acceptance rate: 0.6562 (1 in 1.52)


=== recursion on ===
witness: 2^22 F162 = 1048576 ring elements of R_648, 1024 columns of 4096 F162
  public parameters              188.10 ms
  key-time buffers                  124 MB
  witness: 24 vectors, 53472 polynomials of Z_Q[X]/(X^64+1)
  commitment ranks: kappa_Y 11, kappa_u 4, kappa_R 9

PROVER
  commit (with T_Y)              318.49 ms
  row_evaluate                     7.13 ms
  commit_left_expansion            0.94 ms
  prove_opening                  978.11 ms
    fold                          63.06 ms
    encoding                      48.47 ms
    T_R                            9.74 ms
    masks                         23.72 ms
    constraint phi                 9.61 ms
    statement build               69.22 ms
    labrador::prove              749.59 ms
  total                         1304.68 ms

STATEMENT
  derive_evaluation_point          0.00 ms
  mle_evaluate                     7.38 ms
  total                            7.39 ms

VERIFIER
  derive_folding_challenges        1.21 ms
  statement rebuild              102.38 ms
    layout                         5.72 ms
    no-wrap bound                  8.30 ms
    constraint phi                 9.54 ms
    statement build               69.20 ms
  labrador::verify               449.38 ms
  total                          557.25 ms

wire: T_Y 4.1 KB, T_u 1.5 KB, T_R 3.4 KB, norms 0.2 KB, labrador 81.0 KB
proof: 90.2 KB total, per-proof phi 6 MB
verification: accepted

peak resident set: 2349 MB
	Command being timed: "./target/release/labinius --suite l"
	User time (seconds): 2.34
	System time (seconds): 0.74
	Percent of CPU this job got: 99%
	Elapsed (wall clock) time (h:mm:ss or m:ss): 0:03.09
	Average shared text size (kbytes): 0
	Average unshared data size (kbytes): 0
	Average stack size (kbytes): 0
	Average total size (kbytes): 0
	Maximum resident set size (kbytes): 2405648
	Average resident set size (kbytes): 0
	Major (requiring I/O) page faults: 0
	Minor (reclaiming a frame) page faults: 807293
	Voluntary context switches: 2
	Involuntary context switches: 37
	Swaps: 0
	File system inputs: 0
	File system outputs: 8
	Socket messages sent: 0
	Socket messages received: 0
	Signals delivered: 0
	Page size (bytes): 4096
	Exit status: 0
