=== size sizexl ===
=== short challenge: weight 28, canonical bound 12, 1000 samples ===
  acceptance rate: 0.6562 (1 in 1.52)

labinius, core 3, one thread, moduli 3889, 2917, 9721

=== recursion off ===
witness: 2^24 F162 = 4194304 ring elements of R_648, 1024 columns of 16384 F162
folded witness: 4096 ring elements of R_648, 1024 F162 of row evaluation
  public parameters               17.96 ms

PROVER
  commit                        1240.57 ms
  row_evaluate                    28.72 ms
  fold                           262.55 ms
  pack commitment, row             4.88 ms
  encode folded witness            6.68 ms
  total                         1543.41 ms
  total except encode           1536.73 ms

STATEMENT
  derive_evaluation_point          2.92 ms
  mle_evaluate                    28.74 ms
  total                           31.66 ms

VERIFIER
  derive_folding_challenges        1.30 ms
  decode                           1.43 ms
  fold_commitment                  0.53 ms
  fold_row_evaluation              0.03 ms
  verify_evaluation                0.03 ms
  verify_folded_opening            3.64 ms
  total                            6.96 ms
  total except decode              5.52 ms

wire: commitment 3078.0 KB, row evaluation 20.2 KB, folded witness 3052.4 KB, TOTAL 6150.7 KB
verification: accepted

=== plain-bd ===
witness: 2^24 F162 = 4194304 ring elements of R_648, 1024 columns of 16384 F162
dropped bits 7, residual cap 101462409216 over the expectation 2.537e10
  public parameters               13.88 ms

PROVER
  commit (with the digits)      1266.02 ms
  row_evaluate                    28.75 ms
  fold                           258.78 ms
  pack commitment, row             3.19 ms
  encode folded witness            6.72 ms
  total                         1563.46 ms
  total except encode           1556.74 ms

STATEMENT
  derive_evaluation_point          3.45 ms
  mle_evaluate                    28.81 ms
  total                           32.26 ms

VERIFIER
  derive_folding_challenges        1.37 ms
  decode                           3.88 ms
  fold_row_evaluation              0.02 ms
  verify_evaluation                0.03 ms
  verify_folded_opening           10.66 ms
  total                           15.96 ms
  total except decode             12.08 ms

wire: commitment 2430.0 KB, row evaluation 20.2 KB, folded witness 2907.1 KB, TOTAL 5357.3 KB
verification: accepted
tampered fold: rejected (the opening was rejected)

peak resident set: 6004 MB
	Command being timed: "./target/release/labinius --suite xl"
	User time (seconds): 8.41
	System time (seconds): 3.14
	Percent of CPU this job got: 99%
	Elapsed (wall clock) time (h:mm:ss or m:ss): 0:11.56
	Average shared text size (kbytes): 0
	Average unshared data size (kbytes): 0
	Average stack size (kbytes): 0
	Average total size (kbytes): 0
	Maximum resident set size (kbytes): 6148344
	Average resident set size (kbytes): 0
	Major (requiring I/O) page faults: 0
	Minor (reclaiming a frame) page faults: 3309362
	Voluntary context switches: 1
	Involuntary context switches: 155
	Swaps: 0
	File system inputs: 0
	File system outputs: 8
	Socket messages sent: 0
	Socket messages received: 0
	Signals delivered: 0
	Page size (bytes): 4096
	Exit status: 0
