=== size sizexl ===
=== short challenge: weight 28, canonical bound 12, 1000 samples ===
  acceptance rate: 0.6562 (1 in 1.52)


=== recursion on ===
witness: 2^24 F162 = 4194304 ring elements of R_648, 2048 columns of 8192 F162
  public parameters              400.07 ms
  key-time buffers                  244 MB
  witness: 24 vectors, 105792 polynomials of Z_Q[X]/(X^64+1)
  commitment ranks: kappa_Y 12, kappa_u 4, kappa_R 9

PROVER
  commit (with T_Y)             1251.80 ms
  row_evaluate                    28.87 ms
  commit_left_expansion            2.02 ms
  prove_opening                 2227.80 ms
    fold                         255.99 ms
    encoding                     105.27 ms
    T_R                           21.35 ms
    masks                         49.71 ms
    constraint phi                19.24 ms
    statement build              139.45 ms
    labrador::prove             1612.87 ms
  total                         3510.50 ms

STATEMENT
  derive_evaluation_point          0.00 ms
  mle_evaluate                    28.96 ms
  total                           28.96 ms

VERIFIER
  derive_folding_challenges        2.17 ms
  statement rebuild              253.43 ms
    layout                        25.16 ms
    no-wrap bound                 14.44 ms
    constraint phi                19.87 ms
    statement build              143.59 ms
  labrador::verify               882.80 ms
  total                         1156.86 ms

wire: T_Y 4.5 KB, T_u 1.5 KB, T_R 3.4 KB, norms 0.2 KB, labrador 77.9 KB
proof: 87.4 KB total, per-proof phi 11 MB
verification: accepted

peak resident set: 7453 MB
	Command being timed: "./target/release/labinius --suite xl"
	User time (seconds): 6.74
	System time (seconds): 2.31
	Percent of CPU this job got: 99%
	Elapsed (wall clock) time (h:mm:ss or m:ss): 0:09.06
	Average shared text size (kbytes): 0
	Average unshared data size (kbytes): 0
	Average stack size (kbytes): 0
	Average total size (kbytes): 0
	Maximum resident set size (kbytes): 7631504
	Average resident set size (kbytes): 0
	Major (requiring I/O) page faults: 0
	Minor (reclaiming a frame) page faults: 2471483
	Voluntary context switches: 2
	Involuntary context switches: 108
	Swaps: 0
	File system inputs: 0
	File system outputs: 8
	Socket messages sent: 0
	Socket messages received: 0
	Signals delivered: 0
	Page size (bytes): 4096
	Exit status: 0
