labinius over flock BLAKE3, core 3, one thread, size sizexl
131072 compressions of BLAKE3: m = 31, k_log = 14, 11707 useful bits per block, 16777216 committed
stock union: log_inv_rate 1, profile Fast, Ligerito over the compacted stack, dense m = 31 in 12058624 F128
stock core:  log_inv_rate 1, profile Fast, Ligerito over the padded buffer, m = 31 in 16777216 F128
recursion off: 2^24 F162 in 1024 columns, moduli 3889, 2917, 9721
recursion on:  2^24 F162 in 2048 columns, moduli 3889, 2917, 9721
bit-drop:      2^24 F162 in 1024 columns, moduli 3889, 2917, 4861, 7 bits dropped

                                          stock        stock    recursion    recursion             
                                          union         core          off           on     bit-drop

SETUP (once, not per proof)
  R1CS and PCS parameters               1366.92      1366.92      1366.92      1366.92      1366.92 ms
  commitment key                              —            —      2955.96      3283.70      2908.28 ms

PROVER
  witness                                299.07       299.07       299.07       299.07       299.07 ms
  lift to F162                                —            —       163.36       165.52       164.86 ms
  commit, bind, zerocheck, lincheck            —      2009.75            —            —            — ms
  commit                                      —            —      1185.50      1239.90      1168.74 ms
  bind the commitment                         —            —         4.14         0.32         4.90 ms
  zerocheck                                   —            —       881.30       880.50       880.02 ms
  lincheck                                    —            —        79.06        79.36        79.01 ms
  ring-switch / cross-field switch            —            —      2515.83      2494.64      2479.84 ms
  opening                                     —      1314.27       299.93      2094.20       297.78 ms
  rest                                        —            —        -0.49         0.80         4.54 ms
  proof after the witness                     —      3324.02      5128.64      6955.25      5079.70 ms
  total, witness included               3492.34      3623.09      5427.71      7254.32      5378.77 ms

VERIFIER
  zerocheck and lincheck                      —        23.86        25.74        23.97        25.04 ms
  ring-switch / cross-field switch            —            —         0.86         0.90         0.86 ms
  decode the opening                          —            —         1.02            —         0.98 ms
  Ligerito / our opening                      —         2.91         6.68      1138.22         9.96 ms
  total                                   25.84        26.78        37.85      1163.33        43.32 ms

SIZES
  zerocheck                                   —         3.07         3.07         3.07         3.07 KB
  lincheck                                    —         1.37         1.37         1.37         1.37 KB
  cross-field switch                          —         4.05         4.95         4.95         4.95 KB
  commitment (wire form)                      —         4.00      3078.00         4.50      2430.00 KB
  opening                                     —       483.02      2689.23        82.76      2749.07 KB
  total                                  434.93       495.52      5776.62        96.65      5188.45 KB

peak resident set: 22606 MB

labinius over flock SHA-256, core 3, one thread, size sizexl
65536 compressions of SHA-256: m = 31, k_log = 15, 25470 useful bits per block, 16777216 committed
stock union: log_inv_rate 1, profile Fast, Ligerito over the compacted stack, dense m = 31 in 13107200 F128
stock core:  log_inv_rate 1, profile Fast, Ligerito over the padded buffer, m = 31 in 16777216 F128
recursion off: 2^24 F162 in 1024 columns, moduli 3889, 2917, 9721
recursion on:  2^24 F162 in 2048 columns, moduli 3889, 2917, 9721
bit-drop:      2^24 F162 in 1024 columns, moduli 3889, 2917, 4861, 7 bits dropped

                                          stock        stock    recursion    recursion             
                                          union         core          off           on     bit-drop

SETUP (once, not per proof)
  R1CS and PCS parameters               2937.31      2937.31      2937.31      2937.31      2937.31 ms
  commitment key                              —            —      2957.60      3295.70      2904.88 ms

PROVER
  witness                                393.69       393.69       393.69       393.69       393.69 ms
  lift to F162                                —            —       163.89       167.65       166.34 ms
  commit, bind, zerocheck, lincheck            —      2107.30            —            —            — ms
  commit                                      —            —      1196.18      1265.22      1178.85 ms
  bind the commitment                         —            —         4.37         0.57         4.87 ms
  zerocheck                                   —            —       971.70       965.58       965.47 ms
  lincheck                                    —            —        92.42        92.57        92.71 ms
  ring-switch / cross-field switch            —            —      2508.06      2503.45      2479.51 ms
  opening                                     —      1325.65       296.89      2222.59       294.34 ms
  rest                                        —            —        -0.12        -1.89         1.28 ms
  proof after the witness                     —      3432.94      5233.39      7215.73      5183.38 ms
  total, witness included               3753.65      3826.63      5627.08      7609.42      5577.06 ms

VERIFIER
  zerocheck and lincheck                      —        30.51        33.39        31.10        31.86 ms
  ring-switch / cross-field switch            —            —         0.89         0.83         0.80 ms
  decode the opening                          —            —         1.01            —         1.04 ms
  Ligerito / our opening                      —         2.94         6.49      1129.96         9.60 ms
  total                                   27.61        33.45        45.56      1161.46        49.49 ms

SIZES
  zerocheck                                   —         3.07         3.07         3.07         3.07 KB
  lincheck                                    —         1.41         1.41         1.41         1.41 KB
  cross-field switch                          —         4.05         4.95         4.95         4.95 KB
  commitment (wire form)                      —         4.00      3078.00         4.50      2430.00 KB
  opening                                     —       483.02      2509.69        82.80      2402.34 KB
  total                                  450.22       495.55      5597.11        96.73      4841.77 KB

peak resident set: 22944 MB

	Command being timed: "./target/release/hashes-flock --suite xl"
	User time (seconds): 575.00
	System time (seconds): 192.49
	Percent of CPU this job got: 99%
	Elapsed (wall clock) time (h:mm:ss or m:ss): 12:47.84
	Average shared text size (kbytes): 0
	Average unshared data size (kbytes): 0
	Average stack size (kbytes): 0
	Average total size (kbytes): 0
	Maximum resident set size (kbytes): 23494384
	Average resident set size (kbytes): 0
	Major (requiring I/O) page faults: 0
	Minor (reclaiming a frame) page faults: 206539789
	Voluntary context switches: 21823
	Involuntary context switches: 43562
	Swaps: 0
	File system inputs: 0
	File system outputs: 24
	Socket messages sent: 0
	Socket messages received: 0
	Signals delivered: 0
	Page size (bytes): 4096
	Exit status: 0
