labinius over binius64 keccak-256, core 3, one thread, size sizel
keccak-256 of 1901415 bytes: 13981 permutations, 8388580 AND constraints, 8388581 non-public words
stock binius64 at the example's defaults: --log-inv-rate 1, --hash-suite sha256, rayon off
recursion off: 2^22 F162 in 512 columns, moduli 3889, 2917, 4861
recursion on:  2^22 F162 in 1024 columns, moduli 3889, 2917, 4861
bit-drop:      2^22 F162 in 512 columns, moduli 3889, 2917, 4861, 8 bits dropped

                                          stock    recursion    recursion             
                                       binius64          off           on     bit-drop

SETUP (once, not per proof)
  circuit                              35561.64     35561.64     35561.64     35561.64 ms
  commitment key and constraints        7900.93      7518.23      7647.71      7598.15 ms

PROVER
  witness                                134.18       134.18       134.18       134.18 ms
  packing                                     —        35.30        35.38        25.03 ms
  commit                                 177.44       318.17       342.87       326.88 ms
  BitAnd check                           960.14      1057.22      1049.91      1059.85 ms
  shift reduction                       2387.19      2477.93      2462.55      2461.53 ms
  ring-switch / cross-field switch        64.41       388.38       379.14       373.04 ms
  opening                                     —        76.54       993.98        76.31 ms
  rest                                    85.36        14.17        10.92        14.83 ms
  total                                 3674.55      4367.70      5274.73      4337.48 ms

VERIFIER
  read the commitment                         —         1.79         0.01         2.29 ms
  reductions                              37.82        37.70        37.67        37.66 ms
  ring-switch / cross-field switch         0.01         0.35         0.37         0.37 ms
  decode the opening                          —         0.55            —         0.55 ms
  BaseFold / our opening                   0.72         3.01       567.11         4.73 ms
  wiring check (native)                 1288.10      1286.69      1286.08      1285.99 ms
  total                                 1326.91      1332.18      1894.56      1335.04 ms

SIZES
  binius64 LIOP                               —         6.22         6.22         6.22 KB
  cross-field switch                          —         3.38         3.38         3.38 KB
  commitment (wire form)                      —      1498.50         4.12      1174.50 KB
  opening                                     —      1379.21        86.19      1398.14 KB
  total                                  390.17      2887.31        99.91      2582.24 KB
  the tape carries T_Y as its polx image, 11.0 KB, rather than the wire form above

peak resident set: 41903 MB

labinius over binius64 sha-256, core 3, one thread, size sizel
sha-256 of 1162039 bytes: 18157 compressions, 6609149 AND constraints, 8388556 non-public words
stock binius64 at the example's defaults: --log-inv-rate 1, --hash-suite sha256, rayon off
recursion off: 2^22 F162 in 512 columns, moduli 3889, 2917, 4861
recursion on:  2^22 F162 in 1024 columns, moduli 3889, 2917, 4861
bit-drop:      2^22 F162 in 512 columns, moduli 3889, 2917, 4861, 8 bits dropped

                                          stock    recursion    recursion             
                                       binius64          off           on     bit-drop

SETUP (once, not per proof)
  circuit                              16035.99     16035.99     16035.99     16035.99 ms
  commitment key and constraints        2333.24      2338.32      2844.37      3415.92 ms

PROVER
  witness                                 70.28        70.28        70.28        70.28 ms
  packing                                     —        35.91        36.61        25.99 ms
  commit                                 176.85       318.60       344.81       327.39 ms
  BitAnd check                           458.13       580.61       582.55       582.99 ms
  shift reduction                        912.81      1018.41      1020.14      1021.78 ms
  ring-switch / cross-field switch        63.97       388.51       386.82       388.17 ms
  opening                                     —        78.72      1045.24        78.54 ms
  rest                                    89.04        14.97        18.07        19.27 ms
  total                                 1700.80      2435.74      3434.24      2444.14 ms

VERIFIER
  read the commitment                         —         1.79         0.01         2.30 ms
  reductions                              24.53        24.54        24.45        24.46 ms
  ring-switch / cross-field switch         0.01         0.34         0.37         0.36 ms
  decode the opening                          —         0.56            —         0.56 ms
  BaseFold / our opening                   0.71         3.07       573.38         4.72 ms
  wiring check (native)                  465.95       528.04       527.88       526.71 ms
  total                                  493.22       560.97      1127.22       562.31 ms

SIZES
  binius64 LIOP                               —         6.25         6.25         6.25 KB
  cross-field switch                          —         3.38         3.38         3.38 KB
  commitment (wire form)                      —      1498.50         4.12      1174.50 KB
  opening                                     —      1414.46        86.12      1365.49 KB
  total                                  390.20      2922.59        99.88      2549.61 KB
  the tape carries T_Y as its polx image, 11.0 KB, rather than the wire form above

peak resident set: 41903 MB

labinius over binius64 blake3, core 3, one thread, size sizel
blake3 of 1982120 bytes: 32906 compressions, 5524440 AND constraints, 8388608 non-public words
stock binius64 at the example's defaults: --log-inv-rate 1, --hash-suite sha256, rayon off
recursion off: 2^22 F162 in 512 columns, moduli 3889, 2917, 4861
recursion on:  2^22 F162 in 1024 columns, moduli 3889, 2917, 4861
bit-drop:      2^22 F162 in 512 columns, moduli 3889, 2917, 4861, 8 bits dropped

                                          stock    recursion    recursion             
                                       binius64          off           on     bit-drop

SETUP (once, not per proof)
  circuit                              15298.55     15298.55     15298.55     15298.55 ms
  commitment key and constraints        3041.85      3037.99      4089.20      4415.02 ms

PROVER
  witness                                 53.31        53.31        53.31        53.31 ms
  packing                                     —        35.61        35.67        24.56 ms
  commit                                 176.08       316.95       345.30       327.16 ms
  BitAnd check                           552.62       675.08       674.28       673.44 ms
  shift reduction                       1423.51      1519.85      1502.65      1511.11 ms
  ring-switch / cross-field switch        64.04       383.20       384.09       376.95 ms
  opening                                     —        78.95      1012.34        77.14 ms
  rest                                    96.08        23.16        16.03        23.27 ms
  total                                 2312.33      3032.80      3970.36      3013.61 ms

VERIFIER
  read the commitment                         —         1.78         0.01         2.29 ms
  reductions                              41.47        41.45        41.50        41.60 ms
  ring-switch / cross-field switch         0.01         0.35         0.37         0.35 ms
  decode the opening                          —         0.57            —         0.56 ms
  BaseFold / our opening                   0.71         3.03       565.48         4.81 ms
  wiring check (native)                  644.85       705.56       705.10       704.32 ms
  total                                  690.76       757.09      1318.09       758.15 ms

SIZES
  binius64 LIOP                               —         6.25         6.25         6.25 KB
  cross-field switch                          —         3.38         3.38         3.38 KB
  commitment (wire form)                      —      1498.50         4.12      1174.50 KB
  opening                                     —      1530.16        86.01      1334.13 KB
  total                                  390.20      3038.28        99.76      2518.26 KB
  the tape carries T_Y as its polx image, 11.0 KB, rather than the wire form above

peak resident set: 41903 MB

	Command being timed: "./target/release/hashes-binius --suite l"
	User time (seconds): 614.24
	System time (seconds): 73.45
	Percent of CPU this job got: 99%
	Elapsed (wall clock) time (h:mm:ss or m:ss): 11:28.01
	Average shared text size (kbytes): 0
	Average unshared data size (kbytes): 0
	Average stack size (kbytes): 0
	Average total size (kbytes): 0
	Maximum resident set size (kbytes): 42909148
	Average resident set size (kbytes): 0
	Major (requiring I/O) page faults: 0
	Minor (reclaiming a frame) page faults: 78805969
	Voluntary context switches: 12657
	Involuntary context switches: 43392
	Swaps: 0
	File system inputs: 0
	File system outputs: 40
	Socket messages sent: 0
	Socket messages received: 0
	Signals delivered: 0
	Page size (bytes): 4096
	Exit status: 0
