=== size sizem ===
=== short challenge: weight 28, canonical bound 12, 1000 samples ===
  acceptance rate: 0.6562 (1 in 1.52)


=== recursion on ===
witness: 2^20 F162 = 262144 ring elements of R_648, 512 columns of 2048 F162
  public parameters               57.06 ms
  key-time buffers                   64 MB
  witness: 24 vectors, 27296 polynomials of Z_Q[X]/(X^64+1)
  commitment ranks: kappa_Y 11, kappa_u 4, kappa_R 8

PROVER
  commit (with T_Y)               86.87 ms
  row_evaluate                     1.69 ms
  commit_left_expansion            0.46 ms
  prove_opening                  500.30 ms
    fold                          16.06 ms
    encoding                      18.43 ms
    T_R                            4.97 ms
    masks                         11.40 ms
    constraint phi                 4.79 ms
    statement build               35.76 ms
    labrador::prove              400.75 ms
  total                          589.31 ms

STATEMENT
  derive_evaluation_point          0.01 ms
  mle_evaluate                     1.65 ms
  total                            1.66 ms

VERIFIER
  derive_folding_challenges        0.61 ms
  statement rebuild               61.15 ms
    layout                         3.01 ms
    no-wrap bound                  5.11 ms
    constraint phi                 4.79 ms
    statement build               35.67 ms
  labrador::verify               249.95 ms
  total                          318.78 ms

wire: T_Y 4.1 KB, T_u 1.5 KB, T_R 3.0 KB, norms 0.2 KB, labrador 67.9 KB
proof: 76.7 KB total, per-proof phi 3 MB
verification: accepted

peak resident set: 847 MB
	Command being timed: "./target/release/labinius --suite m"
	User time (seconds): 8.87
	System time (seconds): 1.86
	Percent of CPU this job got: 99%
	Elapsed (wall clock) time (h:mm:ss or m:ss): 0:10.75
	Average shared text size (kbytes): 0
	Average unshared data size (kbytes): 0
	Average stack size (kbytes): 0
	Average total size (kbytes): 0
	Maximum resident set size (kbytes): 867312
	Average resident set size (kbytes): 0
	Major (requiring I/O) page faults: 0
	Minor (reclaiming a frame) page faults: 1977250
	Voluntary context switches: 10
	Involuntary context switches: 169
	Swaps: 0
	File system inputs: 0
	File system outputs: 8
	Socket messages sent: 0
	Socket messages received: 0
	Signals delivered: 0
	Page size (bytes): 4096
	Exit status: 0
