=== size sizel ===
=== short challenge: weight 28, canonical bound 12, 1000 samples ===
  acceptance rate: 0.6562 (1 in 1.52)

labinius, core 3, one thread, moduli 3889, 2917, 4861

=== recursion off ===
witness: 2^22 F162 = 1048576 ring elements of R_648, 512 columns of 8192 F162
folded witness: 2048 ring elements of R_648, 512 F162 of row evaluation
  public parameters                7.81 ms

PROVER
  commit                         293.33 ms
  row_evaluate                     7.29 ms
  fold                            68.02 ms
  pack commitment, row             2.36 ms
  encode folded witness            3.79 ms
  total                          374.80 ms
  total except encode            371.00 ms

STATEMENT
  derive_evaluation_point          1.45 ms
  mle_evaluate                     7.32 ms
  total                            8.76 ms

VERIFIER
  derive_folding_challenges        0.65 ms
  decode                           0.59 ms
  fold_commitment                  0.26 ms
  fold_row_evaluation              0.01 ms
  verify_evaluation                0.01 ms
  verify_folded_opening            1.61 ms
  total                            3.13 ms
  total except decode              2.54 ms

wire: commitment 1498.5 KB, row evaluation 10.1 KB, folded witness 1486.5 KB, TOTAL 2995.2 KB
verification: accepted

=== plain-bd ===
witness: 2^22 F162 = 1048576 ring elements of R_648, 512 columns of 8192 F162
dropped bits 8, residual cap 202934108160 over the expectation 5.073e10
  public parameters                6.31 ms

PROVER
  commit (with the digits)       301.80 ms
  row_evaluate                     7.31 ms
  fold                            67.97 ms
  pack commitment, row             1.75 ms
  encode folded witness            3.29 ms
  total                          382.12 ms
  total except encode            378.83 ms

STATEMENT
  derive_evaluation_point          1.91 ms
  mle_evaluate                     7.33 ms
  total                            9.24 ms

VERIFIER
  derive_folding_challenges        0.61 ms
  decode                           2.11 ms
  fold_row_evaluation              0.01 ms
  verify_evaluation                0.01 ms
  verify_folded_opening            5.09 ms
  total                            7.84 ms
  total except decode              5.73 ms

wire: commitment 1174.5 KB, row evaluation 10.1 KB, folded witness 1384.8 KB, TOTAL 2569.4 KB
verification: accepted
tampered fold: rejected (the opening was rejected)

peak resident set: 1518 MB
	Command being timed: "./target/release/labinius --suite l"
	User time (seconds): 14.23
	System time (seconds): 0.91
	Percent of CPU this job got: 99%
	Elapsed (wall clock) time (h:mm:ss or m:ss): 0:15.15
	Average shared text size (kbytes): 0
	Average unshared data size (kbytes): 0
	Average stack size (kbytes): 0
	Average total size (kbytes): 0
	Maximum resident set size (kbytes): 1554088
	Average resident set size (kbytes): 0
	Major (requiring I/O) page faults: 0
	Minor (reclaiming a frame) page faults: 889548
	Voluntary context switches: 1
	Involuntary context switches: 185
	Swaps: 0
	File system inputs: 0
	File system outputs: 8
	Socket messages sent: 0
	Socket messages received: 0
	Signals delivered: 0
	Page size (bytes): 4096
	Exit status: 0
