=== size sizel ===
=== short challenge: weight 28, canonical bound 12, 1000 samples ===
  acceptance rate: 0.6562 (1 in 1.52)


=== recursion on ===
witness: 2^22 F162 = 1048576 ring elements of R_648, 1024 columns of 4096 F162
  public parameters              117.33 ms
  key-time buffers                  124 MB
  witness: 24 vectors, 53472 polynomials of Z_Q[X]/(X^64+1)
  commitment ranks: kappa_Y 11, kappa_u 4, kappa_R 9

PROVER
  commit (with T_Y)              324.71 ms
  row_evaluate                     7.20 ms
  commit_left_expansion            0.93 ms
  prove_opening                  985.81 ms
    fold                          61.68 ms
    encoding                      38.65 ms
    T_R                           10.06 ms
    masks                         22.83 ms
    constraint phi                 9.65 ms
    statement build               69.58 ms
    labrador::prove              761.08 ms
  total                         1318.65 ms

STATEMENT
  derive_evaluation_point          0.00 ms
  mle_evaluate                     7.23 ms
  total                            7.24 ms

VERIFIER
  derive_folding_challenges        1.22 ms
  statement rebuild              110.14 ms
    layout                        12.81 ms
    no-wrap bound                  8.23 ms
    constraint phi                 9.56 ms
    statement build               69.84 ms
  labrador::verify               462.07 ms
  total                          580.72 ms

wire: T_Y 4.1 KB, T_u 1.5 KB, T_R 3.4 KB, norms 0.2 KB, labrador 81.0 KB
proof: 90.2 KB total, per-proof phi 6 MB
verification: accepted

peak resident set: 2358 MB
	Command being timed: "./target/release/labinius --suite l"
	User time (seconds): 20.59
	System time (seconds): 3.57
	Percent of CPU this job got: 99%
	Elapsed (wall clock) time (h:mm:ss or m:ss): 0:24.18
	Average shared text size (kbytes): 0
	Average unshared data size (kbytes): 0
	Average stack size (kbytes): 0
	Average total size (kbytes): 0
	Maximum resident set size (kbytes): 2414984
	Average resident set size (kbytes): 0
	Major (requiring I/O) page faults: 0
	Minor (reclaiming a frame) page faults: 3832282
	Voluntary context switches: 7
	Involuntary context switches: 347
	Swaps: 0
	File system inputs: 0
	File system outputs: 8
	Socket messages sent: 0
	Socket messages received: 0
	Signals delivered: 0
	Page size (bytes): 4096
	Exit status: 0
