labinius over binius64 keccak-256, core 3, one thread, size sizel
keccak-256 of 1901415 bytes: 13981 permutations, 8388580 AND constraints, 8388581 non-public words
stock binius64 at the example's defaults: --log-inv-rate 1, --hash-suite sha256, rayon off
recursion off: 2^22 F162 in 512 columns, moduli 3889, 2917, 4861
recursion on:  2^22 F162 in 1024 columns, moduli 3889, 2917, 4861
bit-drop:      2^22 F162 in 512 columns, moduli 3889, 2917, 4861, 8 bits dropped

                                          stock    recursion    recursion             
                                       binius64          off           on     bit-drop

SETUP (once, not per proof)
  circuit                              34179.34     34179.34     34179.34     34179.34 ms
  commitment key and constraints        5704.19      5179.80      5291.72      5375.42 ms

PROVER
  witness                                 96.28        96.28        96.28        96.28 ms
  packing                                     —        24.72        24.52        24.59 ms
  commit                                 146.14       190.46       212.37       198.98 ms
  BitAnd check                           892.19       855.22       852.35       996.24 ms
  shift reduction                       2185.42      2228.13      2226.17      2254.89 ms
  ring-switch / cross-field switch        60.75       274.89       273.92       283.85 ms
  opening                                     —        47.01       654.26        58.85 ms
  rest                                    66.41        10.49         8.38        10.70 ms
  total                                 3350.91      3630.92      4251.96      3828.11 ms

VERIFIER
  read the commitment                         —         1.85         0.01         1.84 ms
  reductions                              30.17        30.18        30.19        30.24 ms
  ring-switch / cross-field switch         0.01         0.32         0.31         0.32 ms
  decode the opening                          —         0.51            —         0.51 ms
  BaseFold / our opening                   0.63         2.35       405.01         3.30 ms
  wiring check (native)                 1722.68      1719.36      1716.14      1717.29 ms
  total                                 1758.19      1756.09      2153.09      1754.97 ms

SIZES
  binius64 LIOP                               —         6.22         6.22         6.22 KB
  cross-field switch                          —         3.38         3.38         3.38 KB
  commitment (wire form)                      —      1498.50         4.12      1174.50 KB
  opening                                     —      1379.21        86.19      1398.14 KB
  total                                  390.17      2887.31        99.91      2582.24 KB
  the tape carries T_Y as its polx image, 11.0 KB, rather than the wire form above

peak resident set: 41665 MB

labinius over binius64 sha-256, core 3, one thread, size sizel
sha-256 of 1162039 bytes: 18157 compressions, 6609149 AND constraints, 8388556 non-public words
stock binius64 at the example's defaults: --log-inv-rate 1, --hash-suite sha256, rayon off
recursion off: 2^22 F162 in 512 columns, moduli 3889, 2917, 4861
recursion on:  2^22 F162 in 1024 columns, moduli 3889, 2917, 4861
bit-drop:      2^22 F162 in 512 columns, moduli 3889, 2917, 4861, 8 bits dropped

                                          stock    recursion    recursion             
                                       binius64          off           on     bit-drop

SETUP (once, not per proof)
  circuit                              15360.03     15360.03     15360.03     15360.03 ms
  commitment key and constraints        1826.97      1727.80      2121.70      2538.11 ms

PROVER
  witness                                 56.97        56.97        56.97        56.97 ms
  packing                                     —        27.35        27.41        17.53 ms
  commit                                 123.10       192.25       212.06       201.34 ms
  BitAnd check                           378.25       431.33       453.56       451.83 ms
  shift reduction                        794.40       883.62       882.79       879.61 ms
  ring-switch / cross-field switch        62.51       284.05       292.39       280.98 ms
  opening                                     —        48.22       693.60        47.08 ms
  rest                                    57.14        15.71        13.28        15.61 ms
  total                                 1415.39      1882.53      2575.09      1893.98 ms

VERIFIER
  read the commitment                         —         1.83         0.03         1.87 ms
  reductions                              20.18        20.22        20.14        20.19 ms
  ring-switch / cross-field switch         0.01         0.32         0.30         0.33 ms
  decode the opening                          —         0.51            —         0.52 ms
  BaseFold / our opening                   0.64         2.42       401.86         2.95 ms
  wiring check (native)                  631.35       682.02       679.35       678.61 ms
  total                                  654.08       709.12      1103.43       706.29 ms

SIZES
  binius64 LIOP                               —         6.25         6.25         6.25 KB
  cross-field switch                          —         3.38         3.38         3.38 KB
  commitment (wire form)                      —      1498.50         4.12      1174.50 KB
  opening                                     —      1414.46        86.12      1365.49 KB
  total                                  390.20      2922.59        99.88      2549.61 KB
  the tape carries T_Y as its polx image, 11.0 KB, rather than the wire form above

peak resident set: 41665 MB

labinius over binius64 blake3, core 3, one thread, size sizel
blake3 of 1982120 bytes: 32906 compressions, 5524440 AND constraints, 8388608 non-public words
stock binius64 at the example's defaults: --log-inv-rate 1, --hash-suite sha256, rayon off
recursion off: 2^22 F162 in 512 columns, moduli 3889, 2917, 4861
recursion on:  2^22 F162 in 1024 columns, moduli 3889, 2917, 4861
bit-drop:      2^22 F162 in 512 columns, moduli 3889, 2917, 4861, 8 bits dropped

                                          stock    recursion    recursion             
                                       binius64          off           on     bit-drop

SETUP (once, not per proof)
  circuit                              14342.61     14342.61     14342.61     14342.61 ms
  commitment key and constraints        2557.58      2478.69      3299.92      3429.96 ms

PROVER
  witness                                 38.80        38.80        38.80        38.80 ms
  packing                                     —        24.56        25.29        25.51 ms
  commit                                 123.86       191.13       213.33       199.66 ms
  BitAnd check                           457.97       501.42       510.74       514.04 ms
  shift reduction                       1213.17      1296.60      1296.93      1289.78 ms
  ring-switch / cross-field switch        64.77       276.35       281.48       284.93 ms
  opening                                     —        46.40       666.88        47.81 ms
  rest                                    62.37        21.40        18.59        21.26 ms
  total                                 1922.14      2357.85      3013.22      2383.01 ms

VERIFIER
  read the commitment                         —         1.84         0.01         1.89 ms
  reductions                              33.88        33.92        33.86        33.86 ms
  ring-switch / cross-field switch         0.01         0.30         0.31         0.31 ms
  decode the opening                          —         0.53            —         0.50 ms
  BaseFold / our opening                   0.63         2.32       410.52         3.34 ms
  wiring check (native)                  879.36       934.12       933.63       934.90 ms
  total                                  916.89       976.05      1381.32       977.82 ms

SIZES
  binius64 LIOP                               —         6.25         6.25         6.25 KB
  cross-field switch                          —         3.38         3.38         3.38 KB
  commitment (wire form)                      —      1498.50         4.12      1174.50 KB
  opening                                     —      1530.16        86.01      1334.13 KB
  total                                  390.20      3038.28        99.76      2518.26 KB
  the tape carries T_Y as its polx image, 11.0 KB, rather than the wire form above

peak resident set: 41665 MB

	Command being timed: "./target/release/hashes-binius --suite l"
	User time (seconds): 142.40
	System time (seconds): 21.43
	Percent of CPU this job got: 99%
	Elapsed (wall clock) time (h:mm:ss or m:ss): 2:43.84
	Average shared text size (kbytes): 0
	Average unshared data size (kbytes): 0
	Average stack size (kbytes): 0
	Average total size (kbytes): 0
	Maximum resident set size (kbytes): 42664732
	Average resident set size (kbytes): 0
	Major (requiring I/O) page faults: 0
	Minor (reclaiming a frame) page faults: 32878656
	Voluntary context switches: 1361
	Involuntary context switches: 5500
	Swaps: 0
	File system inputs: 0
	File system outputs: 40
	Socket messages sent: 0
	Socket messages received: 0
	Signals delivered: 0
	Page size (bytes): 4096
	Exit status: 0
