labinius over flock BLAKE3, core 3, one thread, size sizem
8192 compressions of BLAKE3: m = 27, k_log = 14, 11707 useful bits per block, 1048576 committed
stock union: log_inv_rate 1, profile Fast, Ligerito over the compacted stack, dense m = 27 in 753664 F128
stock core:  log_inv_rate 1, profile Fast, Ligerito over the padded buffer, m = 27 in 1048576 F128
recursion off: 2^20 F162 in 256 columns, moduli 3889, 2917, 4861
recursion on:  2^20 F162 in 512 columns, moduli 3889, 2917, 4861
bit-drop:      2^20 F162 in 256 columns, moduli 3889, 2917, 4861, 9 bits dropped

                                          stock        stock    recursion    recursion             
                                          union         core          off           on     bit-drop

SETUP (once, not per proof)
  R1CS and PCS parameters               2110.54      2110.54      2110.54      2110.54      2110.54 ms
  commitment key                              —            —       136.13       205.01       129.36 ms

PROVER
  witness                                  9.37         9.37         9.37         9.37         9.37 ms
  lift to F162                                —            —         3.76         4.82         1.72 ms
  commit, bind, zerocheck, lincheck            —        88.16            —            —            — ms
  commit                                      —            —        45.64        56.38        50.10 ms
  bind the commitment                         —            —         1.21         0.04         1.06 ms
  zerocheck                                   —            —        31.90        31.77        32.21 ms
  lincheck                                    —            —        26.59        26.58        26.49 ms
  ring-switch / cross-field switch            —            —       113.52       114.52       112.58 ms
  opening                                     —        81.44        13.44       330.39        13.38 ms
  rest                                        —            —         0.01         0.01         0.01 ms
  proof after the witness                     —       169.60       236.06       564.52       237.55 ms
  total, witness included                201.04       178.97       245.44       573.89       246.93 ms

VERIFIER
  zerocheck and lincheck                      —        24.15        24.41        23.85        24.51 ms
  ring-switch / cross-field switch            —            —         0.67         0.67         0.68 ms
  decode the opening                          —            —         0.26            —         0.28 ms
  Ligerito / our opening                      —         2.37         1.57       214.65         2.14 ms
  total                                   26.52        26.52        28.14       239.21        29.05 ms

SIZES
  zerocheck                                   —         2.91         2.91         2.91         2.91 KB
  lincheck                                    —         1.37         1.37         1.37         1.37 KB
  cross-field switch                          —         4.05         4.79         4.79         4.79 KB
  commitment (wire form)                      —         4.00       749.25         4.12       587.25 KB
  opening                                     —       399.26       590.80        72.71       587.41 KB
  total                                  350.38       411.59      1349.12        85.91      1183.73 KB

peak resident set: 2341 MB

labinius over flock SHA-256, core 3, one thread, size sizem
4096 compressions of SHA-256: m = 27, k_log = 15, 25470 useful bits per block, 1048576 committed
stock union: log_inv_rate 1, profile Fast, Ligerito over the compacted stack, dense m = 27 in 819200 F128
stock core:  log_inv_rate 1, profile Fast, Ligerito over the padded buffer, m = 27 in 1048576 F128
recursion off: 2^20 F162 in 256 columns, moduli 3889, 2917, 4861
recursion on:  2^20 F162 in 512 columns, moduli 3889, 2917, 4861
bit-drop:      2^20 F162 in 256 columns, moduli 3889, 2917, 4861, 9 bits dropped

                                          stock        stock    recursion    recursion             
                                          union         core          off           on     bit-drop

SETUP (once, not per proof)
  R1CS and PCS parameters               1936.97      1936.97      1936.97      1936.97      1936.97 ms
  commitment key                              —            —       130.24       188.34       128.51 ms

PROVER
  witness                                  7.76         7.76         7.76         7.76         7.76 ms
  lift to F162                                —            —         3.70         4.77         1.69 ms
  commit, bind, zerocheck, lincheck            —        98.58            —            —            — ms
  commit                                      —            —        45.97        56.48        49.93 ms
  bind the commitment                         —            —         1.13         0.04         1.01 ms
  zerocheck                                   —            —        39.92        39.91        40.30 ms
  lincheck                                    —            —        29.28        28.93        28.23 ms
  ring-switch / cross-field switch            —            —       112.33       114.63        95.47 ms
  opening                                     —        71.85        13.48       332.76        13.18 ms
  rest                                        —            —         0.01         0.01         0.01 ms
  proof after the witness                     —       170.42       245.82       577.52       229.82 ms
  total, witness included                208.15       178.19       253.58       585.28       237.58 ms

VERIFIER
  zerocheck and lincheck                      —        27.05        26.13        25.58        26.12 ms
  ring-switch / cross-field switch            —            —         0.70         0.69         0.69 ms
  decode the opening                          —            —         0.26            —         0.27 ms
  Ligerito / our opening                      —         2.39         1.36       190.84         1.79 ms
  total                                   28.35        29.44        29.71       217.14        30.11 ms

SIZES
  zerocheck                                   —         2.91         2.91         2.91         2.91 KB
  lincheck                                    —         1.41         1.41         1.41         1.41 KB
  cross-field switch                          —         4.05         4.79         4.79         4.79 KB
  commitment (wire form)                      —         4.00       749.25         4.12       587.25 KB
  opening                                     —       399.26       560.45        72.71       539.19 KB
  total                                  365.67       411.63      1318.81        85.95      1135.55 KB

peak resident set: 2697 MB

	Command being timed: "./target/release/hashes-flock --suite m"
	User time (seconds): 7.59
	System time (seconds): 1.06
	Percent of CPU this job got: 99%
	Elapsed (wall clock) time (h:mm:ss or m:ss): 0:08.66
	Average shared text size (kbytes): 0
	Average unshared data size (kbytes): 0
	Average stack size (kbytes): 0
	Average total size (kbytes): 0
	Maximum resident set size (kbytes): 2761992
	Average resident set size (kbytes): 0
	Major (requiring I/O) page faults: 0
	Minor (reclaiming a frame) page faults: 1475545
	Voluntary context switches: 1018
	Involuntary context switches: 2192
	Swaps: 0
	File system inputs: 0
	File system outputs: 16
	Socket messages sent: 0
	Socket messages received: 0
	Signals delivered: 0
	Page size (bytes): 4096
	Exit status: 0
