labinius over binius64 keccak-256, core 3, one thread, size sizes
keccak-256 of 118727 bytes: 873 permutations, 523780 AND constraints, 523781 non-public words
stock binius64 at the example's defaults: --log-inv-rate 1, --hash-suite sha256, rayon off
recursion off: 2^18 F162 in 128 columns, moduli 9721, 12637
recursion on:  2^18 F162 in 256 columns, moduli 9721, 12637
bit-drop:      2^18 F162 in 128 columns, moduli 3889, 2917, 4861, 10 bits dropped

                                          stock    recursion    recursion             
                                       binius64          off           on     bit-drop

SETUP (once, not per proof)
  circuit                               1988.31      1988.31      1988.31      1988.31 ms
  commitment key and constraints         341.91       344.45       356.84       321.99 ms

PROVER
  witness                                  5.73         5.73         5.73         5.73 ms
  packing                                     —         0.41         0.43         0.48 ms
  commit                                   7.90         8.96        11.72        13.81 ms
  BitAnd check                            55.07        63.28        40.12        39.95 ms
  shift reduction                        136.92       135.22       135.48       135.53 ms
  ring-switch / cross-field switch         3.86        11.85        11.80        11.80 ms
  opening                                     —         4.03       129.81         4.00 ms
  rest                                     3.51         0.98         0.59         1.16 ms
  total                                  207.26       224.73       329.94       206.72 ms

VERIFIER
  read the commitment                         —         0.32         0.01         0.44 ms
  reductions                               1.96         1.97         1.98         1.97 ms
  ring-switch / cross-field switch         0.01         0.26         0.27         0.29 ms
  decode the opening                          —         0.14            —         0.14 ms
  BaseFold / our opening                   0.40         0.54        74.92         0.93 ms
  wiring check (native)                  105.22       105.20       105.04       104.88 ms
  total                                  109.18       108.56       182.32       108.76 ms

SIZES
  binius64 LIOP                               —         5.84         5.84         5.84 KB
  cross-field switch                          —         3.12         3.12         3.12 KB
  commitment (wire form)                      —       283.50         4.12       283.50 KB
  opening                                     —       302.87        75.47       302.29 KB
  total                                  243.83       595.34        88.56       594.76 KB
  the tape carries T_Y as its polx image, 11.0 KB, rather than the wire form above

peak resident set: 2706 MB

labinius over binius64 sha-256, core 3, one thread, size sizes
sha-256 of 72567 bytes: 1134 compressions, 412777 AND constraints, 523915 non-public words
stock binius64 at the example's defaults: --log-inv-rate 1, --hash-suite sha256, rayon off
recursion off: 2^18 F162 in 128 columns, moduli 9721, 12637
recursion on:  2^18 F162 in 256 columns, moduli 9721, 12637
bit-drop:      2^18 F162 in 128 columns, moduli 3889, 2917, 4861, 10 bits dropped

                                          stock    recursion    recursion             
                                       binius64          off           on     bit-drop

SETUP (once, not per proof)
  circuit                                905.10       905.10       905.10       905.10 ms
  commitment key and constraints         110.44       101.65       124.03       124.38 ms

PROVER
  witness                                  3.58         3.58         3.58         3.58 ms
  packing                                     —         0.43         0.44         0.48 ms
  commit                                   6.64         8.61        11.96        14.04 ms
  BitAnd check                            21.03        20.30        20.62        20.29 ms
  shift reduction                         48.57        48.78        48.52        48.67 ms
  ring-switch / cross-field switch         3.91        11.69        11.64        11.68 ms
  opening                                     —         4.01       124.92         3.91 ms
  rest                                     3.71         1.24         0.89         1.49 ms
  total                                   83.86        95.06       218.99       100.55 ms

VERIFIER
  read the commitment                         —         0.32         0.01         0.43 ms
  reductions                               1.34         1.36         1.34         1.36 ms
  ring-switch / cross-field switch         0.01         0.26         0.28         0.26 ms
  decode the opening                          —         0.14            —         0.14 ms
  BaseFold / our opening                   0.40         0.56        78.59         0.87 ms
  wiring check (native)                   39.44        39.48        39.49        39.43 ms
  total                                   41.37        42.25       119.83        42.62 ms

SIZES
  binius64 LIOP                               —         5.88         5.88         5.88 KB
  cross-field switch                          —         3.12         3.12         3.12 KB
  commitment (wire form)                      —       283.50         4.12       283.50 KB
  opening                                     —       307.69        75.44       292.11 KB
  total                                  243.86       600.19        88.57       584.61 KB
  the tape carries T_Y as its polx image, 11.0 KB, rather than the wire form above

peak resident set: 2706 MB

labinius over binius64 blake3, core 3, one thread, size sizes
blake3 of 123840 bytes: 2055 compressions, 345080 AND constraints, 524126 non-public words
stock binius64 at the example's defaults: --log-inv-rate 1, --hash-suite sha256, rayon off
recursion off: 2^18 F162 in 128 columns, moduli 9721, 12637
recursion on:  2^18 F162 in 256 columns, moduli 9721, 12637
bit-drop:      2^18 F162 in 128 columns, moduli 3889, 2917, 4861, 10 bits dropped

                                          stock    recursion    recursion             
                                       binius64          off           on     bit-drop

SETUP (once, not per proof)
  circuit                                861.90       861.90       861.90       861.90 ms
  commitment key and constraints         150.27       147.77       165.57       197.96 ms

PROVER
  witness                                  2.41         2.41         2.41         2.41 ms
  packing                                     —         0.41         0.45         0.47 ms
  commit                                   6.72         9.22        12.35        13.82 ms
  BitAnd check                            26.12        31.26        25.97        25.72 ms
  shift reduction                         75.56        73.51        77.13        75.16 ms
  ring-switch / cross-field switch         3.84        11.77        11.91        11.77 ms
  opening                                     —         3.82       139.43         3.98 ms
  rest                                     4.03         1.72         1.23         1.80 ms
  total                                  116.28       131.71       268.46       132.72 ms

VERIFIER
  read the commitment                         —         0.32         0.01         0.43 ms
  reductions                               2.20         2.21         2.20         2.20 ms
  ring-switch / cross-field switch         0.00         0.27         0.27         0.27 ms
  decode the opening                          —         0.14            —         0.15 ms
  BaseFold / our opening                   0.40         0.53        74.99         0.85 ms
  wiring check (native)                   54.66        54.96        54.67        54.73 ms
  total                                   57.53        58.63       132.33        58.83 ms

SIZES
  binius64 LIOP                               —         5.88         5.88         5.88 KB
  cross-field switch                          —         3.12         3.12         3.12 KB
  commitment (wire form)                      —       283.50         4.12       283.50 KB
  opening                                     —       296.68        75.56       299.52 KB
  total                                  243.86       589.18        88.69       592.02 KB
  the tape carries T_Y as its polx image, 11.0 KB, rather than the wire form above

peak resident set: 2706 MB

	Command being timed: "./target/release/hashes-binius --suite s"
	User time (seconds): 9.01
	System time (seconds): 1.09
	Percent of CPU this job got: 99%
	Elapsed (wall clock) time (h:mm:ss or m:ss): 0:10.10
	Average shared text size (kbytes): 0
	Average unshared data size (kbytes): 0
	Average stack size (kbytes): 0
	Average total size (kbytes): 0
	Maximum resident set size (kbytes): 2770684
	Average resident set size (kbytes): 0
	Major (requiring I/O) page faults: 0
	Minor (reclaiming a frame) page faults: 1528024
	Voluntary context switches: 875
	Involuntary context switches: 2411
	Swaps: 0
	File system inputs: 0
	File system outputs: 24
	Socket messages sent: 0
	Socket messages received: 0
	Signals delivered: 0
	Page size (bytes): 4096
	Exit status: 0
