labinius over flock BLAKE3, core 3, one thread, size sizel
32768 compressions of BLAKE3: m = 29, k_log = 14, 11707 useful bits per block, 4194304 committed
stock union: log_inv_rate 1, profile Fast, Ligerito over the compacted stack, dense m = 29 in 3014656 F128
stock core:  log_inv_rate 1, profile Fast, Ligerito over the padded buffer, m = 29 in 4194304 F128
recursion off: 2^22 F162 in 512 columns, moduli 3889, 2917, 4861
recursion on:  2^22 F162 in 1024 columns, moduli 3889, 2917, 4861
bit-drop:      2^22 F162 in 512 columns, moduli 3889, 2917, 4861, 8 bits dropped

                                          stock        stock    recursion    recursion             
                                          union         core          off           on     bit-drop

SETUP (once, not per proof)
  R1CS and PCS parameters               2283.02      2283.02      2283.02      2283.02      2283.02 ms
  commitment key                              —            —       515.42       651.61       510.50 ms

PROVER
  witness                                 34.76        34.76        34.76        34.76        34.76 ms
  lift to F162                                —            —        26.35        27.37        27.00 ms
  commit, bind, zerocheck, lincheck            —       290.89            —            —            — ms
  commit                                      —            —       176.98       199.51       185.05 ms
  bind the commitment                         —            —         2.23         0.05         1.98 ms
  zerocheck                                   —            —       126.22       126.18       126.22 ms
  lincheck                                    —            —        35.90        35.02        36.00 ms
  ring-switch / cross-field switch            —            —       472.28       469.89       464.76 ms
  opening                                     —       343.50        47.65       661.33        47.25 ms
  rest                                        —            —         0.01         0.01         0.01 ms
  proof after the witness                     —       634.38       887.63      1519.37       888.27 ms
  total, witness included                707.88       669.14       922.39      1554.13       923.04 ms

VERIFIER
  zerocheck and lincheck                      —        25.67        27.15        26.10        27.10 ms
  ring-switch / cross-field switch            —            —         0.73         0.73         0.72 ms
  decode the opening                          —            —         0.51            —         0.53 ms
  Ligerito / our opening                      —         2.54         2.77       399.74         4.09 ms
  total                                   26.82        28.21        33.44       426.66        35.03 ms

SIZES
  zerocheck                                   —         2.99         2.99         2.99         2.99 KB
  lincheck                                    —         1.37         1.37         1.37         1.37 KB
  cross-field switch                          —         4.05         4.87         4.87         4.87 KB
  commitment (wire form)                      —         4.00      1498.50         4.12      1174.50 KB
  opening                                     —       332.83      1312.17        86.12      1335.74 KB
  total                                  318.66       345.24      2819.90        99.47      2519.47 KB

peak resident set: 6362 MB

labinius over flock SHA-256, core 3, one thread, size sizel
16384 compressions of SHA-256: m = 29, k_log = 15, 25470 useful bits per block, 4194304 committed
stock union: log_inv_rate 1, profile Fast, Ligerito over the compacted stack, dense m = 29 in 3276800 F128
stock core:  log_inv_rate 1, profile Fast, Ligerito over the padded buffer, m = 29 in 4194304 F128
recursion off: 2^22 F162 in 512 columns, moduli 3889, 2917, 4861
recursion on:  2^22 F162 in 1024 columns, moduli 3889, 2917, 4861
bit-drop:      2^22 F162 in 512 columns, moduli 3889, 2917, 4861, 8 bits dropped

                                          stock        stock    recursion    recursion             
                                          union         core          off           on     bit-drop

SETUP (once, not per proof)
  R1CS and PCS parameters               2081.16      2081.16      2081.16      2081.16      2081.16 ms
  commitment key                              —            —       519.10       629.93       505.93 ms

PROVER
  witness                                 38.52        38.52        38.52        38.52        38.52 ms
  lift to F162                                —            —        27.36        27.38        27.05 ms
  commit, bind, zerocheck, lincheck            —       380.52            —            —            — ms
  commit                                      —            —       177.28       203.42       187.39 ms
  bind the commitment                         —            —         2.31         0.08         1.99 ms
  zerocheck                                   —            —       160.04       144.53       145.20 ms
  lincheck                                    —            —        37.12        36.81        37.02 ms
  ring-switch / cross-field switch            —            —       475.49       473.81       468.14 ms
  opening                                     —       345.11        47.12       657.91        47.30 ms
  rest                                        —            —         0.01         0.01         0.01 ms
  proof after the witness                     —       725.63       926.74      1543.95       914.11 ms
  total, witness included                796.14       764.15       965.26      1582.47       952.63 ms

VERIFIER
  zerocheck and lincheck                      —        26.25        27.45        26.56        27.07 ms
  ring-switch / cross-field switch            —            —         0.71         0.72         0.70 ms
  decode the opening                          —            —         0.52            —         0.54 ms
  Ligerito / our opening                      —         2.58         2.73       395.28         3.72 ms
  total                                   28.53        28.83        33.89       422.61        34.59 ms

SIZES
  zerocheck                                   —         2.99         2.99         2.99         2.99 KB
  lincheck                                    —         1.41         1.41         1.41         1.41 KB
  cross-field switch                          —         4.05         4.87         4.87         4.87 KB
  commitment (wire form)                      —         4.00      1498.50         4.12      1174.50 KB
  opening                                     —       332.83      1139.43        85.99      1142.58 KB
  total                                  326.32       345.28      2647.20        99.39      2326.35 KB

peak resident set: 6968 MB

	Command being timed: "./target/release/hashes-flock --suite l"
	User time (seconds): 15.09
	System time (seconds): 3.73
	Percent of CPU this job got: 99%
	Elapsed (wall clock) time (h:mm:ss or m:ss): 0:18.83
	Average shared text size (kbytes): 0
	Average unshared data size (kbytes): 0
	Average stack size (kbytes): 0
	Average total size (kbytes): 0
	Maximum resident set size (kbytes): 7135392
	Average resident set size (kbytes): 0
	Major (requiring I/O) page faults: 0
	Minor (reclaiming a frame) page faults: 5392749
	Voluntary context switches: 1778
	Involuntary context switches: 3068
	Swaps: 0
	File system inputs: 0
	File system outputs: 16
	Socket messages sent: 0
	Socket messages received: 0
	Signals delivered: 0
	Page size (bytes): 4096
	Exit status: 0
