labinius over flock BLAKE3, core 3, one thread, size sizes
2048 compressions of BLAKE3: m = 25, k_log = 14, 11707 useful bits per block, 262144 committed
stock union: log_inv_rate 1, profile Fast, Ligerito over the compacted stack, dense m = 25 in 188416 F128
stock core:  log_inv_rate 1, profile Fast, Ligerito over the padded buffer, m = 25 in 262144 F128
recursion off: 2^18 F162 in 128 columns, moduli 9721, 12637
recursion on:  2^18 F162 in 256 columns, moduli 9721, 12637
bit-drop:      2^18 F162 in 128 columns, moduli 3889, 2917, 4861, 10 bits dropped

                                          stock        stock    recursion    recursion             
                                          union         core          off           on     bit-drop

SETUP (once, not per proof)
  R1CS and PCS parameters               2086.28      2086.28      2086.28      2086.28      2086.28 ms
  commitment key                              —            —        31.49        60.01        35.40 ms

PROVER
  witness                                  2.34         2.34         2.34         2.34         2.34 ms
  lift to F162                                —            —         0.33         0.43         0.42 ms
  commit, bind, zerocheck, lincheck            —        38.91            —            —            — ms
  commit                                      —            —         8.39        12.11        14.13 ms
  bind the commitment                         —            —         0.36         0.08         0.56 ms
  zerocheck                                   —            —         8.24         8.20         8.13 ms
  lincheck                                    —            —        24.90        25.25        25.33 ms
  ring-switch / cross-field switch            —            —        27.35        27.11        26.57 ms
  opening                                     —        33.93         4.13       144.55         4.09 ms
  rest                                        —            —         0.01         0.01         0.01 ms
  proof after the witness                     —        72.84        73.71       217.74        79.23 ms
  total, witness included                 91.47        75.18        76.05       220.08        81.57 ms

VERIFIER
  zerocheck and lincheck                      —        24.25        24.07        23.87        24.32 ms
  ring-switch / cross-field switch            —            —         0.65         0.65         0.68 ms
  decode the opening                          —            —         0.14            —         0.14 ms
  Ligerito / our opening                      —         1.56         0.88        91.42         1.25 ms
  total                                   26.12        25.81        26.12       116.02        27.25 ms

SIZES
  zerocheck                                   —         2.84         2.84         2.84         2.84 KB
  lincheck                                    —         1.37         1.37         1.37         1.37 KB
  cross-field switch                          —         4.05         4.71         4.71         4.71 KB
  commitment (wire form)                      —         4.00       283.50         4.12       283.50 KB
  opening                                     —       373.13       284.47        75.47       271.38 KB
  total                                  323.87       385.39       576.89        88.51       563.79 KB

peak resident set: 1119 MB

labinius over flock SHA-256, core 3, one thread, size sizes
1024 compressions of SHA-256: m = 25, k_log = 15, 25470 useful bits per block, 262144 committed
stock union: log_inv_rate 1, profile Fast, Ligerito over the compacted stack, dense m = 25 in 204800 F128
stock core:  log_inv_rate 1, profile Fast, Ligerito over the padded buffer, m = 25 in 262144 F128
recursion off: 2^18 F162 in 128 columns, moduli 9721, 12637
recursion on:  2^18 F162 in 256 columns, moduli 9721, 12637
bit-drop:      2^18 F162 in 128 columns, moduli 3889, 2917, 4861, 10 bits dropped

                                          stock        stock    recursion    recursion             
                                          union         core          off           on     bit-drop

SETUP (once, not per proof)
  R1CS and PCS parameters               1928.66      1928.66      1928.66      1928.66      1928.66 ms
  commitment key                              —            —        30.45        53.30        35.47 ms

PROVER
  witness                                  1.93         1.93         1.93         1.93         1.93 ms
  lift to F162                                —            —         0.81         0.42         0.42 ms
  commit, bind, zerocheck, lincheck            —        41.30            —            —            — ms
  commit                                      —            —         8.81        12.41        13.84 ms
  bind the commitment                         —            —         0.31         0.02         0.52 ms
  zerocheck                                   —            —         9.92        10.03         9.78 ms
  lincheck                                    —            —        26.44        26.38        26.46 ms
  ring-switch / cross-field switch            —            —        27.75        23.30        27.08 ms
  opening                                     —        22.09         3.98       134.17         3.98 ms
  rest                                        —            —         0.01         0.00         0.01 ms
  proof after the witness                     —        63.39        78.03       206.73        82.09 ms
  total, witness included                 88.17        65.32        79.96       208.66        84.02 ms

VERIFIER
  zerocheck and lincheck                      —        25.64        25.81        25.70        25.97 ms
  ring-switch / cross-field switch            —            —         0.62         0.63         0.62 ms
  decode the opening                          —            —         0.14            —         0.22 ms
  Ligerito / our opening                      —         1.53         0.65        87.45         1.23 ms
  total                                   26.94        27.17        27.66       113.81        28.80 ms

SIZES
  zerocheck                                   —         2.84         2.84         2.84         2.84 KB
  lincheck                                    —         1.41         1.41         1.41         1.41 KB
  cross-field switch                          —         4.05         4.71         4.71         4.71 KB
  commitment (wire form)                      —         4.00       283.50         4.12       283.50 KB
  opening                                     —       373.13       250.26        75.16       247.89 KB
  total                                  339.16       385.43       542.71        88.24       540.35 KB

peak resident set: 1442 MB

	Command being timed: "./target/release/hashes-flock --suite s"
	User time (seconds): 5.37
	System time (seconds): 0.46
	Percent of CPU this job got: 99%
	Elapsed (wall clock) time (h:mm:ss or m:ss): 0:05.84
	Average shared text size (kbytes): 0
	Average unshared data size (kbytes): 0
	Average stack size (kbytes): 0
	Average total size (kbytes): 0
	Maximum resident set size (kbytes): 1476940
	Average resident set size (kbytes): 0
	Major (requiring I/O) page faults: 0
	Minor (reclaiming a frame) page faults: 617739
	Voluntary context switches: 840
	Involuntary context switches: 1843
	Swaps: 0
	File system inputs: 0
	File system outputs: 16
	Socket messages sent: 0
	Socket messages received: 0
	Signals delivered: 0
	Page size (bytes): 4096
	Exit status: 0
