=== size sizem ===
=== short challenge: weight 28, canonical bound 12, 1000 samples ===
  acceptance rate: 0.6562 (1 in 1.52)


=== recursion on ===
witness: 2^20 F162 = 262144 ring elements of R_648, 512 columns of 2048 F162
  public parameters               76.45 ms
  key-time buffers                   64 MB
  witness: 24 vectors, 27296 polynomials of Z_Q[X]/(X^64+1)
  commitment ranks: kappa_Y 11, kappa_u 4, kappa_R 8

PROVER
  commit (with T_Y)               54.68 ms
  row_evaluate                     0.94 ms
  commit_left_expansion            0.35 ms
  prove_opening                  337.61 ms
    fold                           9.45 ms
    encoding                      12.14 ms
    T_R                            3.01 ms
    masks                          9.82 ms
    constraint phi                 5.01 ms
    statement build               25.68 ms
    labrador::prove              269.78 ms
  total                          393.60 ms

STATEMENT
  derive_evaluation_point          0.01 ms
  mle_evaluate                     1.05 ms
  total                            1.06 ms

VERIFIER
  derive_folding_challenges        0.63 ms
  statement rebuild               38.52 ms
    layout                         2.16 ms
    no-wrap bound                  4.11 ms
    constraint phi                 4.98 ms
    statement build               23.11 ms
  labrador::verify               168.26 ms
  total                          210.75 ms

wire: T_Y 4.1 KB, T_u 1.5 KB, T_R 3.0 KB, norms 0.2 KB, labrador 67.9 KB
proof: 76.7 KB total, per-proof phi 3 MB
verification: accepted

peak resident set: 843 MB
	Command being timed: "./target/release/labinius --suite m"
	User time (seconds): 0.65
	System time (seconds): 0.23
	Percent of CPU this job got: 99%
	Elapsed (wall clock) time (h:mm:ss or m:ss): 0:00.88
	Average shared text size (kbytes): 0
	Average unshared data size (kbytes): 0
	Average stack size (kbytes): 0
	Average total size (kbytes): 0
	Maximum resident set size (kbytes): 863000
	Average resident set size (kbytes): 0
	Major (requiring I/O) page faults: 0
	Minor (reclaiming a frame) page faults: 305240
	Voluntary context switches: 2
	Involuntary context switches: 7
	Swaps: 0
	File system inputs: 0
	File system outputs: 8
	Socket messages sent: 0
	Socket messages received: 0
	Signals delivered: 0
	Page size (bytes): 4096
	Exit status: 0
