=== size sizexl ===
=== short challenge: weight 28, canonical bound 12, 1000 samples ===
  acceptance rate: 0.6562 (1 in 1.52)

labinius, core 3, one thread, moduli 3889, 2917, 9721

=== recursion off ===
witness: 2^24 F162 = 4194304 ring elements of R_648, 1024 columns of 16384 F162
folded witness: 4096 ring elements of R_648, 1024 F162 of row evaluation
  public parameters               13.27 ms

PROVER
  commit                         684.82 ms
  row_evaluate                    23.79 ms
  fold                           148.51 ms
  pack commitment, row             3.86 ms
  encode folded witness            5.33 ms
  total                          866.31 ms
  total except encode            860.98 ms

STATEMENT
  derive_evaluation_point          5.41 ms
  mle_evaluate                    23.79 ms
  total                           29.20 ms

VERIFIER
  derive_folding_challenges        1.36 ms
  decode                           1.05 ms
  fold_commitment                  0.36 ms
  fold_row_evaluation              0.02 ms
  verify_evaluation                0.02 ms
  verify_folded_opening            2.27 ms
  total                            5.09 ms
  total except decode              4.04 ms

wire: commitment 3078.0 KB, row evaluation 20.2 KB, folded witness 3052.4 KB, TOTAL 6150.7 KB
verification: accepted

=== plain-bd ===
witness: 2^24 F162 = 4194304 ring elements of R_648, 1024 columns of 16384 F162
dropped bits 7, residual cap 101462409216 over the expectation 2.537e10
  public parameters               13.23 ms

PROVER
  commit (with the digits)       730.69 ms
  row_evaluate                    28.67 ms
  fold                           147.76 ms
  pack commitment, row             2.59 ms
  encode folded witness            5.37 ms
  total                          915.07 ms
  total except encode            909.71 ms

STATEMENT
  derive_evaluation_point          2.85 ms
  mle_evaluate                    28.59 ms
  total                           31.45 ms

VERIFIER
  derive_folding_challenges        1.43 ms
  decode                           2.76 ms
  fold_row_evaluation              0.02 ms
  verify_evaluation                0.02 ms
  verify_folded_opening            5.75 ms
  total                            9.99 ms
  total except decode              7.23 ms

wire: commitment 2430.0 KB, row evaluation 20.2 KB, folded witness 2907.1 KB, TOTAL 5357.3 KB
verification: accepted
tampered fold: rejected (the opening was rejected)

peak resident set: 6004 MB
	Command being timed: "./target/release/labinius --suite xl"
	User time (seconds): 5.32
	System time (seconds): 2.70
	Percent of CPU this job got: 99%
	Elapsed (wall clock) time (h:mm:ss or m:ss): 0:08.03
	Average shared text size (kbytes): 0
	Average unshared data size (kbytes): 0
	Average stack size (kbytes): 0
	Average total size (kbytes): 0
	Maximum resident set size (kbytes): 6148352
	Average resident set size (kbytes): 0
	Major (requiring I/O) page faults: 0
	Minor (reclaiming a frame) page faults: 3301388
	Voluntary context switches: 1
	Involuntary context switches: 37
	Swaps: 0
	File system inputs: 0
	File system outputs: 8
	Socket messages sent: 0
	Socket messages received: 0
	Signals delivered: 0
	Page size (bytes): 4096
	Exit status: 0
