=== size sizel ===
=== short challenge: weight 28, canonical bound 12, 1000 samples ===
  acceptance rate: 0.6562 (1 in 1.52)

labinius, core 3, one thread, moduli 3889, 2917, 4861

=== recursion off ===
witness: 2^22 F162 = 1048576 ring elements of R_648, 512 columns of 8192 F162
folded witness: 2048 ring elements of R_648, 512 F162 of row evaluation
  public parameters                6.60 ms

PROVER
  commit                         178.12 ms
  row_evaluate                     7.17 ms
  fold                            38.39 ms
  pack commitment, row             1.91 ms
  encode folded witness            2.67 ms
  total                          228.26 ms
  total except encode            225.59 ms

STATEMENT
  derive_evaluation_point          2.71 ms
  mle_evaluate                     7.17 ms
  total                            9.88 ms

VERIFIER
  derive_folding_challenges        0.68 ms
  decode                           0.52 ms
  fold_commitment                  0.18 ms
  fold_row_evaluation              0.01 ms
  verify_evaluation                0.01 ms
  verify_folded_opening            1.07 ms
  total                            2.47 ms
  total except decode              1.95 ms

wire: commitment 1498.5 KB, row evaluation 10.1 KB, folded witness 1486.5 KB, TOTAL 2995.2 KB
verification: accepted

=== plain-bd ===
witness: 2^22 F162 = 1048576 ring elements of R_648, 512 columns of 8192 F162
dropped bits 8, residual cap 202934108160 over the expectation 5.073e10
  public parameters                5.90 ms

PROVER
  commit (with the digits)       189.96 ms
  row_evaluate                     6.86 ms
  fold                            38.30 ms
  pack commitment, row             1.28 ms
  encode folded witness            2.68 ms
  total                          239.08 ms
  total except encode            236.40 ms

STATEMENT
  derive_evaluation_point          1.40 ms
  mle_evaluate                     6.92 ms
  total                            8.32 ms

VERIFIER
  derive_folding_challenges        0.62 ms
  decode                           1.51 ms
  fold_row_evaluation              0.01 ms
  verify_evaluation                0.01 ms
  verify_folded_opening            2.41 ms
  total                            4.56 ms
  total except decode              3.05 ms

wire: commitment 1174.5 KB, row evaluation 10.1 KB, folded witness 1384.8 KB, TOTAL 2569.4 KB
verification: accepted
tampered fold: rejected (the opening was rejected)

peak resident set: 1515 MB
	Command being timed: "./target/release/labinius --suite l"
	User time (seconds): 1.51
	System time (seconds): 0.72
	Percent of CPU this job got: 99%
	Elapsed (wall clock) time (h:mm:ss or m:ss): 0:02.23
	Average shared text size (kbytes): 0
	Average unshared data size (kbytes): 0
	Average stack size (kbytes): 0
	Average total size (kbytes): 0
	Maximum resident set size (kbytes): 1551060
	Average resident set size (kbytes): 0
	Major (requiring I/O) page faults: 0
	Minor (reclaiming a frame) page faults: 836968
	Voluntary context switches: 1
	Involuntary context switches: 10
	Swaps: 0
	File system inputs: 0
	File system outputs: 8
	Socket messages sent: 0
	Socket messages received: 0
	Signals delivered: 0
	Page size (bytes): 4096
	Exit status: 0
