=== size sizem ===
four hash-based PCSs on 2^20 B128, opened at one point of 20 coordinates, core 3, one thread

  scheme                            rate  target   commit ms     open ms   verify ms     C bytes  |pi| bytes
  binius64 BaseFold                  1/2      96       28.23       15.28        0.43          32      309296
  binius64 BaseFold                  1/4      96       55.33       19.92        0.31          32      232880
  binius64 BaseFold                  1/2     100       28.32       11.44        0.44          32      319664
  binius64 BaseFold                  1/4     100       55.41       15.57        0.32          32      240944
  binius64 WHIR                      1/2      96       39.17       63.35        1.72          32      237568
  binius64 WHIR                      1/4      96       65.10       32.41        0.85          32      200624
  binius64 WHIR                      1/2     100       35.19       57.73        1.78          32      245440
  binius64 WHIR                      1/4     100       66.16       39.57        0.89          32      207664
  flock-core Ligerito Fast           1/2    ~128       29.73       75.32        1.23        4096      401320
  flock-core Ligerito Slim           1/4    ~128       66.96       87.74        0.81        2048      239336
  flock-core Ligerito Fast100        1/2     100       29.70       62.07        1.27        4096      388008
  flock-core Ligerito Slim100        1/4     100       59.36       70.73        0.72        2048      196328
  Brakedown tensor                 0.704      96       26.50       10.78       12.04          32     6159744
  Brakedown tensor                 0.581      96       37.56        7.54        6.85          32     3001088
  Brakedown tensor                 0.704     100       26.62       10.14       12.24          32     6305824
  Brakedown tensor                 0.581     100       37.57        7.58        6.94          32     3075968

  binius64 BaseFold at 1/2, 96 bits: unique decoding, 232 queries, no grinding, opening claim element-MLE
  binius64 BaseFold at 1/4, 96 bits: unique decoding, 142 queries, no grinding, opening claim element-MLE
  binius64 BaseFold at 1/2, 100 bits: unique decoding, 241 queries, no grinding, opening claim element-MLE
  binius64 BaseFold at 1/4, 100 bits: unique decoding, 148 queries, no grinding, opening claim element-MLE
  binius64 WHIR at 1/2, 96 bits: unique decoding, 96.3 achieved, no grinding, ladder 1/2x232 1/16x106 1/32x101, opening claim element-MLE
  binius64 WHIR at 1/4, 96 bits: unique decoding, 96.3 achieved, no grinding, ladder 1/4x142 1/16x106 1/32x101, opening claim element-MLE
  binius64 WHIR at 1/2, 100 bits: unique decoding, 100.0 achieved, no grinding, ladder 1/2x241 1/16x110 1/32x105, opening claim element-MLE
  binius64 WHIR at 1/4, 100 bits: unique decoding, 100.3 achieved, no grinding, ladder 1/4x148 1/16x110 1/32x105, opening claim element-MLE
  flock-core Ligerito Fast at 1/2, ~128 bits: queries [244, 79, 48, 35], rates [1, 3, 5, 7], grinding [16, 16, 16, 16], opening claim element-MLE, chosen point
  flock-core Ligerito Slim at 1/4, ~128 bits: queries [119, 60, 41, 32], rates [2, 4, 6, 8], grinding [16, 16, 16, 16], opening claim element-MLE, chosen point
  flock-core Ligerito Fast100 at 1/2, 100 bits: queries [218, 106, 71, 53], rates [1, 2, 3, 4], grinding [0, 0, 0, 0], opening claim element-MLE, chosen point
  flock-core Ligerito Slim100 at 1/4, 100 bits: queries [90, 60, 45, 36], rates [2, 3, 4, 5], grinding [16, 16, 16, 16], opening claim element-MLE, chosen point
  Brakedown tensor at 0.704, 96 bits: unique decoding to d/3 at delta 0.020, 10052 queries, no grinding, opening claim element-MLE
  Brakedown tensor at 0.581, 96 bits: unique decoding to d/3 at delta 0.070, 2846 queries, no grinding, opening claim element-MLE
  Brakedown tensor at 0.704, 100 bits: unique decoding to d/3 at delta 0.020, 10467 queries, no grinding, opening claim element-MLE
  Brakedown tensor at 0.581, 100 bits: unique decoding to d/3 at delta 0.070, 2963 queries, no grinding, opening claim element-MLE
	Command being timed: "./target/release/pcs-competitors --suite m"
	User time (seconds): 3.91
	System time (seconds): 0.36
	Percent of CPU this job got: 100%
	Elapsed (wall clock) time (h:mm:ss or m:ss): 0:04.28
	Average shared text size (kbytes): 0
	Average unshared data size (kbytes): 0
	Average stack size (kbytes): 0
	Average total size (kbytes): 0
	Maximum resident set size (kbytes): 337964
	Average resident set size (kbytes): 0
	Major (requiring I/O) page faults: 0
	Minor (reclaiming a frame) page faults: 550753
	Voluntary context switches: 2710
	Involuntary context switches: 3263
	Swaps: 0
	File system inputs: 0
	File system outputs: 16
	Socket messages sent: 0
	Socket messages received: 0
	Signals delivered: 0
	Page size (bytes): 4096
	Exit status: 0
