   Compiling proc-macro2 v1.0.107
   Compiling unicode-ident v1.0.24
   Compiling quote v1.0.47
   Compiling typenum v1.20.1
   Compiling cfg-if v1.0.4
   Compiling crossbeam-utils v0.8.22
   Compiling cpufeatures v0.3.1
   Compiling crossbeam-epoch v0.9.20
   Compiling crossbeam-deque v0.8.7
   Compiling rayon-core v1.13.0
   Compiling arrayvec v0.7.8
   Compiling either v1.18.0
   Compiling shlex v2.0.1
   Compiling cmov v0.5.4
   Compiling find-msvc-tools v0.1.11
   Compiling const-oid v0.10.2
   Compiling rand_core v0.10.1
   Compiling constant_time_eq v0.4.2
   Compiling thiserror v2.0.20
   Compiling binius-utils v0.1.0 (https://github.com/IrreducibleOSS/binius64?rev=37e9cd64e82243cde0e79c7d8ac0dc319f1cbeb4#37e9cd64)
   Compiling serde_core v1.0.229
   Compiling bytes v1.12.1
   Compiling serde v1.0.229
   Compiling once_cell v1.21.4
   Compiling seq-macro v0.3.6
   Compiling pin-project-lite v0.2.17
   Compiling foldhash v0.2.0
   Compiling version_check v0.9.5
   Compiling equivalent v1.0.2
   Compiling smallvec v1.15.2
   Compiling labinius v0.1.0 (/home/ubuntu/labinius/crates/pcs)
   Compiling libm v0.2.16
   Compiling cpufeatures v0.2.17
   Compiling wasmtime-internal-core v48.0.1
   Compiling toml_write v0.1.2
   Compiling winnow v0.7.15
   Compiling autocfg v1.5.1
   Compiling zmij v1.0.23
   Compiling foldhash v0.1.5
   Compiling rand_core v0.9.5
   Compiling serde_json v1.0.151
   Compiling itoa v1.0.18
   Compiling fixedbitset v0.5.7
   Compiling memchr v2.8.3
   Compiling rustc-hash v2.1.3
   Compiling sponge-cursor v0.1.0
   Compiling hex-literal v1.1.0
   Compiling keccak v0.2.2
   Compiling cc v1.4.4
   Compiling chacha20 v0.10.2
   Compiling hashbrown v0.17.1
   Compiling hashbrown v0.15.5
   Compiling itertools v0.15.0
   Compiling ctutils v0.4.2
   Compiling array-util v1.0.2
   Compiling tracing-core v0.1.36
   Compiling generic-array v0.14.7
   Compiling num-traits v0.2.19
   Compiling rand v0.10.2
   Compiling syn v3.0.4
   Compiling syn v2.0.119
   Compiling indexmap v2.14.1
   Compiling hybrid-array v0.4.14
   Compiling num-integer v0.1.47
   Compiling blake3 v1.8.7
   Compiling sha2-asm v0.6.4
   Compiling num-bigint v0.5.1
   Compiling crypto-common v0.2.2
   Compiling block-buffer v0.12.1
   Compiling block-buffer v0.10.4
   Compiling crypto-common v0.1.7
   Compiling digest v0.10.7
   Compiling rayon v1.12.0
   Compiling sha2 v0.10.9
   Compiling petgraph v0.8.3
   Compiling cranelift-bitset v0.135.1
   Compiling cranelift-entity v0.135.1
   Compiling digest v0.11.3
   Compiling sha2 v0.11.0
   Compiling sha3 v0.12.0
   Compiling thiserror-impl v2.0.20
   Compiling bytemuck_derive v1.12.0
   Compiling trait-set v0.5.0
   Compiling serde_derive v1.0.229
   Compiling bytemuck v1.25.2
   Compiling binius-compute v0.1.0 (https://github.com/IrreducibleOSS/binius64?rev=37e9cd64e82243cde0e79c7d8ac0dc319f1cbeb4#37e9cd64)
   Compiling flock-parallel v0.1.0 (https://github.com/succinctlabs/flock?rev=a4a0b4a9dd555f9b58853951c133d7c990af5dad#a4a0b4a9)
   Compiling flock-multilinear v0.1.0 (https://github.com/succinctlabs/flock?rev=a4a0b4a9dd555f9b58853951c133d7c990af5dad#a4a0b4a9)
   Compiling binius-hash v0.1.0 (https://github.com/IrreducibleOSS/binius64?rev=37e9cd64e82243cde0e79c7d8ac0dc319f1cbeb4#37e9cd64)
   Compiling derive_more-impl v2.1.1
   Compiling tracing-attributes v0.1.31
   Compiling auto_impl v1.3.0
   Compiling getset v0.1.7
   Compiling serde_spanned v0.6.9
   Compiling toml_datetime v0.6.11
   Compiling flock-hash v0.1.0 (https://github.com/succinctlabs/flock?rev=a4a0b4a9dd555f9b58853951c133d7c990af5dad#a4a0b4a9)
   Compiling flock-field v0.1.0 (https://github.com/succinctlabs/flock?rev=a4a0b4a9dd555f9b58853951c133d7c990af5dad#a4a0b4a9)
   Compiling bincode v1.3.3
   Compiling flock-merkle v0.1.0 (https://github.com/succinctlabs/flock?rev=a4a0b4a9dd555f9b58853951c133d7c990af5dad#a4a0b4a9)
   Compiling toml_edit v0.22.27
   Compiling flock-transcript v0.1.0 (https://github.com/succinctlabs/flock?rev=a4a0b4a9dd555f9b58853951c133d7c990af5dad#a4a0b4a9)
   Compiling tracing v0.1.44
   Compiling derive_more v2.1.1
   Compiling binius-field v0.1.0 (https://github.com/IrreducibleOSS/binius64?rev=37e9cd64e82243cde0e79c7d8ac0dc319f1cbeb4#37e9cd64)
   Compiling toml v0.8.23
   Compiling flock-core v0.1.0 (https://github.com/succinctlabs/flock?rev=a4a0b4a9dd555f9b58853951c133d7c990af5dad#a4a0b4a9)
   Compiling binius-core v0.1.0 (https://github.com/IrreducibleOSS/binius64?rev=37e9cd64e82243cde0e79c7d8ac0dc319f1cbeb4#37e9cd64)
   Compiling binius-math v0.1.0 (https://github.com/IrreducibleOSS/binius64?rev=37e9cd64e82243cde0e79c7d8ac0dc319f1cbeb4#37e9cd64)
   Compiling binius-transcript v0.1.0 (https://github.com/IrreducibleOSS/binius64?rev=37e9cd64e82243cde0e79c7d8ac0dc319f1cbeb4#37e9cd64)
   Compiling binius-spartan-frontend v0.1.0 (https://github.com/IrreducibleOSS/binius64?rev=37e9cd64e82243cde0e79c7d8ac0dc319f1cbeb4#37e9cd64)
   Compiling binius-hash-prover v0.1.0 (https://github.com/IrreducibleOSS/binius64?rev=37e9cd64e82243cde0e79c7d8ac0dc319f1cbeb4#37e9cd64)
   Compiling binius-frontend v0.1.0 (https://github.com/IrreducibleOSS/binius64?rev=37e9cd64e82243cde0e79c7d8ac0dc319f1cbeb4#37e9cd64)
   Compiling binius-ip v0.1.0 (https://github.com/IrreducibleOSS/binius64?rev=37e9cd64e82243cde0e79c7d8ac0dc319f1cbeb4#37e9cd64)
   Compiling binius-iop v0.1.0 (https://github.com/IrreducibleOSS/binius64?rev=37e9cd64e82243cde0e79c7d8ac0dc319f1cbeb4#37e9cd64)
   Compiling binius-ip-prover v0.1.0 (https://github.com/IrreducibleOSS/binius64?rev=37e9cd64e82243cde0e79c7d8ac0dc319f1cbeb4#37e9cd64)
   Compiling binius-circuits v0.1.0 (https://github.com/IrreducibleOSS/binius64?rev=37e9cd64e82243cde0e79c7d8ac0dc319f1cbeb4#37e9cd64)
   Compiling binius-spartan-verifier v0.1.0 (https://github.com/IrreducibleOSS/binius64?rev=37e9cd64e82243cde0e79c7d8ac0dc319f1cbeb4#37e9cd64)
   Compiling binius-verifier v0.1.0 (https://github.com/IrreducibleOSS/binius64?rev=37e9cd64e82243cde0e79c7d8ac0dc319f1cbeb4#37e9cd64)
   Compiling binius-iop-prover v0.1.0 (https://github.com/IrreducibleOSS/binius64?rev=37e9cd64e82243cde0e79c7d8ac0dc319f1cbeb4#37e9cd64)
   Compiling binius-spartan-prover v0.1.0 (https://github.com/IrreducibleOSS/binius64?rev=37e9cd64e82243cde0e79c7d8ac0dc319f1cbeb4#37e9cd64)
   Compiling binius-prover v0.1.0 (https://github.com/IrreducibleOSS/binius64?rev=37e9cd64e82243cde0e79c7d8ac0dc319f1cbeb4#37e9cd64)
   Compiling flock-prover v0.1.0 (https://github.com/succinctlabs/flock?rev=a4a0b4a9dd555f9b58853951c133d7c990af5dad#a4a0b4a9)
   Compiling labinius-bench v0.1.0 (/home/ubuntu/labinius/crates/bench)
   Compiling labinius-binius v0.1.0 (/home/ubuntu/labinius/crates/binius)
   Compiling pcs-competitors v0.1.0 (/home/ubuntu/labinius/crates/competitors)
   Compiling labinius-flock v0.1.0 (/home/ubuntu/labinius/crates/flock)
warning: function `recursive` is never used
   --> crates/bench/src/bin/labinius.rs:410:4
    |
410 | fn recursive(suite: &Suite) {
    |    ^^^^^^^^^
    |
    = note: `#[warn(dead_code)]` (part of `#[warn(unused)]`) on by default

warning: `labinius-bench` (bin "labinius") generated 1 warning
    Finished `release` profile [optimized + debuginfo] target(s) in 50.88s
   Compiling labinius v0.1.0 (/home/ubuntu/labinius/crates/pcs)
   Compiling labinius-bench v0.1.0 (/home/ubuntu/labinius/crates/bench)
   Compiling labinius-binius v0.1.0 (/home/ubuntu/labinius/crates/binius)
   Compiling labinius-flock v0.1.0 (/home/ubuntu/labinius/crates/flock)
   Compiling pcs-competitors v0.1.0 (/home/ubuntu/labinius/crates/competitors)
warning: function `plain` is never used
   --> crates/bench/src/bin/labinius.rs:104:4
    |
104 | fn plain(suite: &Suite) {
    |    ^^^^^
    |
    = note: `#[warn(dead_code)]` (part of `#[warn(unused)]`) on by default

warning: function `plain_bd` is never used
   --> crates/bench/src/bin/labinius.rs:256:4
    |
256 | fn plain_bd(suite: &Suite) {
    |    ^^^^^^^^

warning: `labinius-bench` (bin "labinius") generated 2 warnings
    Finished `release` profile [optimized + debuginfo] target(s) in 50.14s
