labinius over flock BLAKE3, core 3, one thread, size sizem
8192 compressions of BLAKE3: m = 27, k_log = 14, 11707 useful bits per block, 1048576 committed
stock union: log_inv_rate 1, profile Fast, Ligerito over the compacted stack, dense m = 27 in 753664 F128
stock core:  log_inv_rate 1, profile Fast, Ligerito over the padded buffer, m = 27 in 1048576 F128
recursion off: 2^20 F162 in 256 columns, moduli 3889, 2917, 4861
recursion on:  2^20 F162 in 512 columns, moduli 3889, 2917, 4861
bit-drop:      2^20 F162 in 256 columns, moduli 3889, 2917, 4861, 9 bits dropped

                                          stock        stock    recursion    recursion             
                                          union         core          off           on     bit-drop

SETUP (once, not per proof)
  R1CS and PCS parameters               1340.68      1340.68      1340.68      1340.68      1340.68 ms
  commitment key                              —            —       116.58       170.58       118.66 ms

PROVER
  witness                                  9.27         9.27         9.27         9.27         9.27 ms
  lift to F162                                —            —         4.24         1.61         4.31 ms
  commit, bind, zerocheck, lincheck            —        83.46            —            —            — ms
  commit                                      —            —        40.59        49.35        44.75 ms
  bind the commitment                         —            —         1.16         0.04         1.10 ms
  zerocheck                                   —            —        28.80        28.94        28.90 ms
  lincheck                                    —            —        28.31        28.12        28.02 ms
  ring-switch / cross-field switch            —            —       104.54       101.91       106.38 ms
  opening                                     —        65.84        13.07       307.34        12.99 ms
  rest                                        —            —         0.47         0.16        -0.12 ms
  proof after the witness                     —       149.30       221.18       517.48       226.32 ms
  total, witness included                172.92       158.57       230.44       526.74       235.59 ms

VERIFIER
  zerocheck and lincheck                      —        25.40        25.56        25.55        25.30 ms
  ring-switch / cross-field switch            —            —         0.61         0.63         0.61 ms
  decode the opening                          —            —         0.24            —         0.24 ms
  Ligerito / our opening                      —         2.09         1.25       200.01         1.55 ms
  total                                   27.26        27.50        28.27       226.76        28.76 ms

SIZES
  zerocheck                                   —         2.91         2.91         2.91         2.91 KB
  lincheck                                    —         1.37         1.37         1.37         1.37 KB
  cross-field switch                          —         4.05         4.79         4.79         4.79 KB
  commitment (wire form)                      —         4.00       749.25         4.12       587.25 KB
  opening                                     —       399.26       590.80        72.71       587.41 KB
  total                                  350.38       411.59      1349.12        85.91      1183.73 KB

peak resident set: 2386 MB

labinius over flock SHA-256, core 3, one thread, size sizem
4096 compressions of SHA-256: m = 27, k_log = 15, 25470 useful bits per block, 1048576 committed
stock union: log_inv_rate 1, profile Fast, Ligerito over the compacted stack, dense m = 27 in 819200 F128
stock core:  log_inv_rate 1, profile Fast, Ligerito over the padded buffer, m = 27 in 1048576 F128
recursion off: 2^20 F162 in 256 columns, moduli 3889, 2917, 4861
recursion on:  2^20 F162 in 512 columns, moduli 3889, 2917, 4861
bit-drop:      2^20 F162 in 256 columns, moduli 3889, 2917, 4861, 9 bits dropped

                                          stock        stock    recursion    recursion             
                                          union         core          off           on     bit-drop

SETUP (once, not per proof)
  R1CS and PCS parameters               1646.72      1646.72      1646.72      1646.72      1646.72 ms
  commitment key                              —            —       115.26       169.03       117.62 ms

PROVER
  witness                                  6.93         6.93         6.93         6.93         6.93 ms
  lift to F162                                —            —         1.53         1.57         1.52 ms
  commit, bind, zerocheck, lincheck            —        88.97            —            —            — ms
  commit                                      —            —        41.14        50.19        45.23 ms
  bind the commitment                         —            —         1.09         0.03         0.89 ms
  zerocheck                                   —            —        32.94        32.98        32.94 ms
  lincheck                                    —            —        29.01        29.26        28.96 ms
  ring-switch / cross-field switch            —            —        96.58       100.23        97.49 ms
  opening                                     —        64.05        12.99       309.70        12.96 ms
  rest                                        —            —        -0.05        -1.18         0.07 ms
  proof after the witness                     —       153.02       215.24       522.78       220.06 ms
  total, witness included                196.63       159.95       222.17       529.71       226.99 ms

VERIFIER
  zerocheck and lincheck                      —        25.90        26.40        26.37        26.24 ms
  ring-switch / cross-field switch            —            —         0.58         0.59         0.57 ms
  decode the opening                          —            —         0.24            —         0.24 ms
  Ligerito / our opening                      —         2.11         1.13       195.34         1.45 ms
  total                                   27.60        28.01        28.97       222.35        29.57 ms

SIZES
  zerocheck                                   —         2.91         2.91         2.91         2.91 KB
  lincheck                                    —         1.41         1.41         1.41         1.41 KB
  cross-field switch                          —         4.05         4.79         4.79         4.79 KB
  commitment (wire form)                      —         4.00       749.25         4.12       587.25 KB
  opening                                     —       399.26       560.45        72.71       539.19 KB
  total                                  365.67       411.63      1318.81        85.95      1135.55 KB

peak resident set: 2724 MB

	Command being timed: "./target/release/hashes-flock --suite m"
	User time (seconds): 64.80
	System time (seconds): 7.67
	Percent of CPU this job got: 99%
	Elapsed (wall clock) time (h:mm:ss or m:ss): 1:12.48
	Average shared text size (kbytes): 0
	Average unshared data size (kbytes): 0
	Average stack size (kbytes): 0
	Average total size (kbytes): 0
	Maximum resident set size (kbytes): 2789292
	Average resident set size (kbytes): 0
	Major (requiring I/O) page faults: 0
	Minor (reclaiming a frame) page faults: 11533900
	Voluntary context switches: 9943
	Involuntary context switches: 17480
	Swaps: 0
	File system inputs: 0
	File system outputs: 24
	Socket messages sent: 0
	Socket messages received: 0
	Signals delivered: 0
	Page size (bytes): 4096
	Exit status: 0
