labinius over flock BLAKE3, core 3, one thread, size sizexl
131072 compressions of BLAKE3: m = 31, k_log = 14, 11707 useful bits per block, 16777216 committed
stock union: log_inv_rate 1, profile Fast, Ligerito over the compacted stack, dense m = 31 in 12058624 F128
stock core:  log_inv_rate 1, profile Fast, Ligerito over the padded buffer, m = 31 in 16777216 F128
recursion off: 2^24 F162 in 1024 columns, moduli 3889, 2917, 9721
recursion on:  2^24 F162 in 2048 columns, moduli 3889, 2917, 9721
bit-drop:      2^24 F162 in 1024 columns, moduli 3889, 2917, 4861, 7 bits dropped

                                          stock        stock    recursion    recursion             
                                          union         core          off           on     bit-drop

SETUP (once, not per proof)
  R1CS and PCS parameters               1414.43      1414.43      1414.43      1414.43      1414.43 ms
  commitment key                              —            —      1778.47      2024.71      1782.59 ms

PROVER
  witness                                192.42       192.42       192.42       192.42       192.42 ms
  lift to F162                                —            —        97.24        98.84        98.20 ms
  commit, bind, zerocheck, lincheck            —      1229.17            —            —            — ms
  commit                                      —            —       605.08       642.18       643.34 ms
  bind the commitment                         —            —         4.04         0.06         3.64 ms
  zerocheck                                   —            —       597.66       573.59       590.87 ms
  lincheck                                    —            —        60.18        60.41        60.28 ms
  ring-switch / cross-field switch            —            —      1703.86      1704.57      1691.99 ms
  opening                                     —      1042.05       170.52      1283.81       167.07 ms
  rest                                        —            —        -0.51         5.14        -1.24 ms
  proof after the witness                     —      2271.23      3238.08      4368.60      3254.15 ms
  total, witness included               2402.88      2463.65      3430.49      4561.02      3446.57 ms

VERIFIER
  zerocheck and lincheck                      —        24.90        27.07        25.77        26.90 ms
  ring-switch / cross-field switch            —            —         0.73         0.78         0.71 ms
  decode the opening                          —            —         0.93            —         0.87 ms
  Ligerito / our opening                      —         1.83         4.61       706.65         6.68 ms
  total                                   27.03        26.73        36.40       733.37        39.19 ms

SIZES
  zerocheck                                   —         3.07         3.07         3.07         3.07 KB
  lincheck                                    —         1.37         1.37         1.37         1.37 KB
  cross-field switch                          —         4.05         4.95         4.95         4.95 KB
  commitment (wire form)                      —         4.00      3078.00         4.50      2430.00 KB
  opening                                     —       483.02      2689.23        82.76      2749.07 KB
  total                                  434.93       495.52      5776.62        96.65      5188.45 KB

peak resident set: 22648 MB

labinius over flock SHA-256, core 3, one thread, size sizexl
65536 compressions of SHA-256: m = 31, k_log = 15, 25470 useful bits per block, 16777216 committed
stock union: log_inv_rate 1, profile Fast, Ligerito over the compacted stack, dense m = 31 in 13107200 F128
stock core:  log_inv_rate 1, profile Fast, Ligerito over the padded buffer, m = 31 in 16777216 F128
recursion off: 2^24 F162 in 1024 columns, moduli 3889, 2917, 9721
recursion on:  2^24 F162 in 2048 columns, moduli 3889, 2917, 9721
bit-drop:      2^24 F162 in 1024 columns, moduli 3889, 2917, 4861, 7 bits dropped

                                          stock        stock    recursion    recursion             
                                          union         core          off           on     bit-drop

SETUP (once, not per proof)
  R1CS and PCS parameters               2369.12      2369.12      2369.12      2369.12      2369.12 ms
  commitment key                              —            —      1762.59      2007.19      1768.59 ms

PROVER
  witness                                230.27       230.27       230.27       230.27       230.27 ms
  lift to F162                                —            —        95.52       101.10       101.48 ms
  commit, bind, zerocheck, lincheck            —      1304.65            —            —            — ms
  commit                                      —            —       600.19       641.54       643.69 ms
  bind the commitment                         —            —         4.22         0.09         3.65 ms
  zerocheck                                   —            —       665.31       663.05       661.34 ms
  lincheck                                    —            —        62.59        62.91        62.70 ms
  ring-switch / cross-field switch            —            —      1736.09      1726.63      1714.26 ms
  opening                                     —      1024.91       168.03      1332.19       165.69 ms
  rest                                        —            —        -1.04         0.74        -2.74 ms
  proof after the witness                     —      2329.56      3330.92      4528.26      3350.07 ms
  total, witness included               2623.45      2559.83      3561.19      4758.53      3580.34 ms

VERIFIER
  zerocheck and lincheck                      —        25.73        27.56        26.08        27.07 ms
  ring-switch / cross-field switch            —            —         0.71         0.71         0.65 ms
  decode the opening                          —            —         0.94            —         0.95 ms
  Ligerito / our opening                      —         1.85         4.58       712.07         6.42 ms
  total                                   27.60        27.58        37.35       739.08        39.23 ms

SIZES
  zerocheck                                   —         3.07         3.07         3.07         3.07 KB
  lincheck                                    —         1.41         1.41         1.41         1.41 KB
  cross-field switch                          —         4.05         4.95         4.95         4.95 KB
  commitment (wire form)                      —         4.00      3078.00         4.50      2430.00 KB
  opening                                     —       483.02      2509.69        82.80      2402.34 KB
  total                                  450.22       495.55      5597.11        96.73      4841.77 KB

peak resident set: 22953 MB

	Command being timed: "./target/release/hashes-flock --suite xl"
	User time (seconds): 379.22
	System time (seconds): 121.48
	Percent of CPU this job got: 99%
	Elapsed (wall clock) time (h:mm:ss or m:ss): 8:20.74
	Average shared text size (kbytes): 0
	Average unshared data size (kbytes): 0
	Average stack size (kbytes): 0
	Average total size (kbytes): 0
	Maximum resident set size (kbytes): 23503884
	Average resident set size (kbytes): 0
	Major (requiring I/O) page faults: 0
	Minor (reclaiming a frame) page faults: 206076896
	Voluntary context switches: 21909
	Involuntary context switches: 35257
	Swaps: 0
	File system inputs: 0
	File system outputs: 24
	Socket messages sent: 0
	Socket messages received: 0
	Signals delivered: 0
	Page size (bytes): 4096
	Exit status: 0
