labinius over binius64 keccak-256, core 3, one thread, size sizes
keccak-256 of 118727 bytes: 873 permutations, 523780 AND constraints, 523781 non-public words
stock binius64 at the example's defaults: --log-inv-rate 1, --hash-suite sha256, rayon off
recursion off: 2^18 F162 in 128 columns, moduli 9721, 12637
recursion on:  2^18 F162 in 256 columns, moduli 9721, 12637
bit-drop:      2^18 F162 in 128 columns, moduli 3889, 2917, 4861, 10 bits dropped

                                          stock    recursion    recursion             
                                       binius64          off           on     bit-drop

SETUP (once, not per proof)
  circuit                               1859.75      1859.75      1859.75      1859.75 ms
  commitment key and constraints         311.65       309.36       323.54       304.05 ms

PROVER
  witness                                  5.68         5.68         5.68         5.68 ms
  packing                                     —         0.40         0.43         0.41 ms
  commit                                   5.69         7.54        10.42        12.13 ms
  BitAnd check                            36.61        36.91        36.61        36.93 ms
  shift reduction                        121.01       121.04       120.79       121.33 ms
  ring-switch / cross-field switch         3.41        10.38        10.47        10.57 ms
  opening                                     —         3.73       110.40         3.70 ms
  rest                                     3.05         0.69         0.23         1.19 ms
  total                                  169.77       180.70       289.34       186.25 ms

VERIFIER
  read the commitment                         —         0.21         0.01         0.39 ms
  reductions                               1.74         1.75         1.75         1.76 ms
  ring-switch / cross-field switch         0.00         0.23         0.26         0.24 ms
  decode the opening                          —         0.12            —         0.12 ms
  BaseFold / our opening                   0.34         0.43        75.01         0.79 ms
  wiring check (native)                   93.42        93.41        93.48        93.45 ms
  total                                   95.59        96.23       170.60        96.84 ms

SIZES
  binius64 LIOP                               —         5.84         5.84         5.84 KB
  cross-field switch                          —         3.12         3.12         3.12 KB
  commitment (wire form)                      —       283.50         4.12       283.50 KB
  opening                                     —       302.87        75.47       302.29 KB
  total                                  243.83       595.34        88.56       594.76 KB
  the tape carries T_Y as its polx image, 11.0 KB, rather than the wire form above

peak resident set: 2728 MB

labinius over binius64 sha-256, core 3, one thread, size sizes
sha-256 of 72567 bytes: 1134 compressions, 412777 AND constraints, 523915 non-public words
stock binius64 at the example's defaults: --log-inv-rate 1, --hash-suite sha256, rayon off
recursion off: 2^18 F162 in 128 columns, moduli 9721, 12637
recursion on:  2^18 F162 in 256 columns, moduli 9721, 12637
bit-drop:      2^18 F162 in 128 columns, moduli 3889, 2917, 4861, 10 bits dropped

                                          stock    recursion    recursion             
                                       binius64          off           on     bit-drop

SETUP (once, not per proof)
  circuit                                836.83       836.83       836.83       836.83 ms
  commitment key and constraints          99.55        94.52       112.23       113.10 ms

PROVER
  witness                                  2.81         2.81         2.81         2.81 ms
  packing                                     —         0.40         0.42         0.40 ms
  commit                                   5.69         7.63        10.60        12.28 ms
  BitAnd check                            19.74        19.14        18.08        19.14 ms
  shift reduction                         43.64        43.48        43.17        43.61 ms
  ring-switch / cross-field switch         3.41        10.46        10.51        10.44 ms
  opening                                     —         3.78       113.72         3.70 ms
  rest                                     3.19         1.16         0.95         1.26 ms
  total                                   75.67        86.05       197.45        90.83 ms

VERIFIER
  read the commitment                         —         0.21         0.01         0.39 ms
  reductions                               1.19         1.19         1.20         1.19 ms
  ring-switch / cross-field switch         0.00         0.23         0.26         0.24 ms
  decode the opening                          —         0.11            —         0.12 ms
  BaseFold / our opening                   0.34         0.44        76.53         0.68 ms
  wiring check (native)                   35.03        35.03        35.19        35.06 ms
  total                                   36.68        37.32       113.28        37.79 ms

SIZES
  binius64 LIOP                               —         5.88         5.88         5.88 KB
  cross-field switch                          —         3.12         3.12         3.12 KB
  commitment (wire form)                      —       283.50         4.12       283.50 KB
  opening                                     —       307.69        75.44       292.11 KB
  total                                  243.86       600.19        88.57       584.61 KB
  the tape carries T_Y as its polx image, 11.0 KB, rather than the wire form above

peak resident set: 2728 MB

labinius over binius64 blake3, core 3, one thread, size sizes
blake3 of 123840 bytes: 2055 compressions, 345080 AND constraints, 524126 non-public words
stock binius64 at the example's defaults: --log-inv-rate 1, --hash-suite sha256, rayon off
recursion off: 2^18 F162 in 128 columns, moduli 9721, 12637
recursion on:  2^18 F162 in 256 columns, moduli 9721, 12637
bit-drop:      2^18 F162 in 128 columns, moduli 3889, 2917, 4861, 10 bits dropped

                                          stock    recursion    recursion             
                                       binius64          off           on     bit-drop

SETUP (once, not per proof)
  circuit                                809.08       809.08       809.08       809.08 ms
  commitment key and constraints         136.40       130.77       149.38       182.15 ms

PROVER
  witness                                  2.10         2.10         2.10         2.10 ms
  packing                                     —         0.41         0.44         0.41 ms
  commit                                   5.72         7.57        10.56        12.44 ms
  BitAnd check                            23.69        23.36        23.83        23.59 ms
  shift reduction                         67.30        67.25        66.59        67.17 ms
  ring-switch / cross-field switch         3.40        10.57        10.62        10.51 ms
  opening                                     —         3.74       130.49         3.74 ms
  rest                                     3.52         1.54         1.14         1.39 ms
  total                                  103.64       114.45       243.67       119.26 ms

VERIFIER
  read the commitment                         —         0.21         0.01         0.39 ms
  reductions                               1.95         1.95         1.96         1.95 ms
  ring-switch / cross-field switch         0.00         0.23         0.26         0.24 ms
  decode the opening                          —         0.12            —         0.12 ms
  BaseFold / our opening                   0.35         0.44        87.24         0.69 ms
  wiring check (native)                   48.46        48.56        49.76        48.52 ms
  total                                   51.01        51.69       139.38        52.08 ms

SIZES
  binius64 LIOP                               —         5.88         5.88         5.88 KB
  cross-field switch                          —         3.12         3.12         3.12 KB
  commitment (wire form)                      —       283.50         4.12       283.50 KB
  opening                                     —       296.68        75.56       299.52 KB
  total                                  243.86       589.18        88.69       592.02 KB
  the tape carries T_Y as its polx image, 11.0 KB, rather than the wire form above

peak resident set: 2728 MB

	Command being timed: "./target/release/hashes-binius --suite s"
	User time (seconds): 34.82
	System time (seconds): 1.73
	Percent of CPU this job got: 99%
	Elapsed (wall clock) time (h:mm:ss or m:ss): 0:36.56
	Average shared text size (kbytes): 0
	Average unshared data size (kbytes): 0
	Average stack size (kbytes): 0
	Average total size (kbytes): 0
	Maximum resident set size (kbytes): 2793864
	Average resident set size (kbytes): 0
	Major (requiring I/O) page faults: 0
	Minor (reclaiming a frame) page faults: 2664106
	Voluntary context switches: 8469
	Involuntary context switches: 15083
	Swaps: 0
	File system inputs: 0
	File system outputs: 24
	Socket messages sent: 0
	Socket messages received: 0
	Signals delivered: 0
	Page size (bytes): 4096
	Exit status: 0
