=== size sizexl ===
=== short challenge: weight 28, canonical bound 12, 1000 samples ===
  acceptance rate: 0.6562 (1 in 1.52)

labinius, core 3, one thread, moduli 3889, 2917, 9721

=== recursion off ===
witness: 2^24 F162 = 4194304 ring elements of R_648, 1024 columns of 16384 F162
folded witness: 4096 ring elements of R_648, 1024 F162 of row evaluation
  public parameters               11.04 ms

PROVER
  commit                         617.82 ms
  row_evaluate                    24.35 ms
  fold                           141.25 ms
  pack commitment, row             3.42 ms
  encode folded witness            5.19 ms
  total                          792.03 ms
  total except encode            786.84 ms

STATEMENT
  derive_evaluation_point          4.85 ms
  mle_evaluate                    27.77 ms
  total                           32.63 ms

VERIFIER
  derive_folding_challenges        1.21 ms
  decode                           0.89 ms
  fold_commitment                  0.32 ms
  fold_row_evaluation              0.02 ms
  verify_evaluation                0.02 ms
  verify_folded_opening            1.92 ms
  total                            4.38 ms
  total except decode              3.49 ms

wire: commitment 3078.0 KB, row evaluation 20.2 KB, folded witness 3052.4 KB, TOTAL 6150.7 KB
verification: accepted

=== plain-bd ===
witness: 2^24 F162 = 4194304 ring elements of R_648, 1024 columns of 16384 F162
dropped bits 7, residual cap 101462409216 over the expectation 2.537e10
  public parameters                9.73 ms

PROVER
  commit (with the digits)       642.87 ms
  row_evaluate                    22.96 ms
  fold                           140.70 ms
  pack commitment, row             2.45 ms
  encode folded witness            4.78 ms
  total                          813.76 ms
  total except encode            808.98 ms

STATEMENT
  derive_evaluation_point          2.54 ms
  mle_evaluate                    24.16 ms
  total                           26.70 ms

VERIFIER
  derive_folding_challenges        1.27 ms
  decode                           2.38 ms
  fold_row_evaluation              0.02 ms
  verify_evaluation                0.02 ms
  verify_folded_opening            5.24 ms
  total                            8.94 ms
  total except decode              6.56 ms

wire: commitment 2430.0 KB, row evaluation 20.2 KB, folded witness 2907.1 KB, TOTAL 5357.3 KB
verification: accepted
tampered fold: rejected (the opening was rejected)

peak resident set: 6008 MB
	Command being timed: "./target/release/labinius --suite xl"
	User time (seconds): 30.21
	System time (seconds): 2.32
	Percent of CPU this job got: 99%
	Elapsed (wall clock) time (h:mm:ss or m:ss): 0:32.54
	Average shared text size (kbytes): 0
	Average unshared data size (kbytes): 0
	Average stack size (kbytes): 0
	Average total size (kbytes): 0
	Maximum resident set size (kbytes): 6152652
	Average resident set size (kbytes): 0
	Major (requiring I/O) page faults: 0
	Minor (reclaiming a frame) page faults: 3388069
	Voluntary context switches: 1
	Involuntary context switches: 150
	Swaps: 0
	File system inputs: 0
	File system outputs: 8
	Socket messages sent: 0
	Socket messages received: 0
	Signals delivered: 0
	Page size (bytes): 4096
	Exit status: 0
