labinius over flock BLAKE3, core 3, one thread, size sizem
8192 compressions of BLAKE3: m = 27, k_log = 14, 11707 useful bits per block, 1048576 committed
stock union: log_inv_rate 1, profile Fast, Ligerito over the compacted stack, dense m = 27 in 753664 F128
stock core:  log_inv_rate 1, profile Fast, Ligerito over the padded buffer, m = 27 in 1048576 F128
recursion off: 2^20 F162 in 256 columns, moduli 3889, 2917, 4861
recursion on:  2^20 F162 in 512 columns, moduli 3889, 2917, 4861
bit-drop:      2^20 F162 in 256 columns, moduli 3889, 2917, 4861, 9 bits dropped

                                          stock        stock    recursion    recursion             
                                          union         core          off           on     bit-drop

SETUP (once, not per proof)
  R1CS and PCS parameters               1218.96      1218.96      1218.96      1218.96      1218.96 ms
  commitment key                              —            —       181.07       249.19       185.01 ms

PROVER
  witness                                 15.38        15.38        15.38        15.38        15.38 ms
  lift to F162                                —            —         8.07         3.95         7.89 ms
  commit, bind, zerocheck, lincheck            —       122.02            —            —            — ms
  commit                                      —            —        72.33        86.05        77.12 ms
  bind the commitment                         —            —         1.18         0.05         1.53 ms
  zerocheck                                   —            —        43.83        43.80        43.70 ms
  lincheck                                    —            —        27.51        27.50        27.51 ms
  ring-switch / cross-field switch            —            —       147.88       143.43       147.93 ms
  opening                                     —        86.28        20.05       496.75        19.95 ms
  rest                                        —            —        -0.16         1.09         0.18 ms
  proof after the witness                     —       208.30       320.69       802.62       325.82 ms
  total, witness included                230.23       223.68       336.07       818.00       341.20 ms

VERIFIER
  zerocheck and lincheck                      —        24.00        24.22        23.96        24.28 ms
  ring-switch / cross-field switch            —            —         0.70         0.72         0.71 ms
  decode the opening                          —            —         0.23            —         0.25 ms
  Ligerito / our opening                      —         3.19         1.57       314.47         2.43 ms
  total                                   25.94        27.19        27.76       339.71        29.26 ms

SIZES
  zerocheck                                   —         2.91         2.91         2.91         2.91 KB
  lincheck                                    —         1.37         1.37         1.37         1.37 KB
  cross-field switch                          —         4.05         4.79         4.79         4.79 KB
  commitment (wire form)                      —         4.00       749.25         4.12       587.25 KB
  opening                                     —       399.26       590.80        72.71       587.41 KB
  total                                  350.38       411.59      1349.12        85.91      1183.73 KB

peak resident set: 2386 MB

labinius over flock SHA-256, core 3, one thread, size sizem
4096 compressions of SHA-256: m = 27, k_log = 15, 25470 useful bits per block, 1048576 committed
stock union: log_inv_rate 1, profile Fast, Ligerito over the compacted stack, dense m = 27 in 819200 F128
stock core:  log_inv_rate 1, profile Fast, Ligerito over the padded buffer, m = 27 in 1048576 F128
recursion off: 2^20 F162 in 256 columns, moduli 3889, 2917, 4861
recursion on:  2^20 F162 in 512 columns, moduli 3889, 2917, 4861
bit-drop:      2^20 F162 in 256 columns, moduli 3889, 2917, 4861, 9 bits dropped

                                          stock        stock    recursion    recursion             
                                          union         core          off           on     bit-drop

SETUP (once, not per proof)
  R1CS and PCS parameters               1540.32      1540.32      1540.32      1540.32      1540.32 ms
  commitment key                              —            —       180.89       248.58       186.11 ms

PROVER
  witness                                  9.28         9.28         9.28         9.28         9.28 ms
  lift to F162                                —            —         3.91         3.98         3.88 ms
  commit, bind, zerocheck, lincheck            —       125.59            —            —            — ms
  commit                                      —            —        72.99        86.43        81.28 ms
  bind the commitment                         —            —         1.16         0.04         1.20 ms
  zerocheck                                   —            —        47.62        47.36        47.32 ms
  lincheck                                    —            —        30.50        30.44        30.53 ms
  ring-switch / cross-field switch            —            —       136.98       140.85       141.11 ms
  opening                                     —        83.69        20.44       509.09        20.30 ms
  rest                                        —            —         0.77         0.70        -0.08 ms
  proof after the witness                     —       209.28       314.38       818.89       325.52 ms
  total, witness included                256.36       218.57       323.66       828.17       334.80 ms

VERIFIER
  zerocheck and lincheck                      —        25.88        26.11        26.02        26.00 ms
  ring-switch / cross-field switch            —            —         0.73         0.74         0.73 ms
  decode the opening                          —            —         0.23            —         0.23 ms
  Ligerito / our opening                      —         3.21         1.48       304.31         2.22 ms
  total                                   27.62        29.09        29.57       331.35        30.85 ms

SIZES
  zerocheck                                   —         2.91         2.91         2.91         2.91 KB
  lincheck                                    —         1.41         1.41         1.41         1.41 KB
  cross-field switch                          —         4.05         4.79         4.79         4.79 KB
  commitment (wire form)                      —         4.00       749.25         4.12       587.25 KB
  opening                                     —       399.26       560.45        72.71       539.19 KB
  total                                  365.67       411.63      1318.81        85.95      1135.55 KB

peak resident set: 2726 MB

	Command being timed: "./target/release/hashes-flock --suite m"
	User time (seconds): 78.52
	System time (seconds): 10.95
	Percent of CPU this job got: 99%
	Elapsed (wall clock) time (h:mm:ss or m:ss): 1:29.52
	Average shared text size (kbytes): 0
	Average unshared data size (kbytes): 0
	Average stack size (kbytes): 0
	Average total size (kbytes): 0
	Maximum resident set size (kbytes): 2791084
	Average resident set size (kbytes): 0
	Major (requiring I/O) page faults: 0
	Minor (reclaiming a frame) page faults: 11353719
	Voluntary context switches: 10004
	Involuntary context switches: 18425
	Swaps: 0
	File system inputs: 0
	File system outputs: 24
	Socket messages sent: 0
	Socket messages received: 0
	Signals delivered: 0
	Page size (bytes): 4096
	Exit status: 0
