labinius over flock BLAKE3, core 3, one thread, size sizel
32768 compressions of BLAKE3: m = 29, k_log = 14, 11707 useful bits per block, 4194304 committed
stock union: log_inv_rate 1, profile Fast, Ligerito over the compacted stack, dense m = 29 in 3014656 F128
stock core:  log_inv_rate 1, profile Fast, Ligerito over the padded buffer, m = 29 in 4194304 F128
recursion off: 2^22 F162 in 512 columns, moduli 3889, 2917, 4861
recursion on:  2^22 F162 in 1024 columns, moduli 3889, 2917, 4861
bit-drop:      2^22 F162 in 512 columns, moduli 3889, 2917, 4861, 8 bits dropped

                                          stock        stock    recursion    recursion             
                                          union         core          off           on     bit-drop

SETUP (once, not per proof)
  R1CS and PCS parameters               1248.38      1248.38      1248.38      1248.38      1248.38 ms
  commitment key                              —            —       744.31       884.89       740.52 ms

PROVER
  witness                                 71.88        71.88        71.88        71.88        71.88 ms
  lift to F162                                —            —        41.31        41.02        41.10 ms
  commit, bind, zerocheck, lincheck            —       466.20            —            —            — ms
  commit                                      —            —       289.42       314.67       298.59 ms
  bind the commitment                         —            —         2.24         0.18         2.40 ms
  zerocheck                                   —            —       207.67       210.17       210.58 ms
  lincheck                                    —            —        37.86        37.85        37.87 ms
  ring-switch / cross-field switch            —            —       620.09       615.55       617.48 ms
  opening                                     —       388.44        78.64      1011.15        77.47 ms
  rest                                        —            —         0.46         1.13        -0.11 ms
  proof after the witness                     —       854.64      1277.69      2231.71      1285.38 ms
  total, witness included                945.56       926.52      1349.57      2303.59      1357.26 ms

VERIFIER
  zerocheck and lincheck                      —        23.79        24.74        24.00        24.39 ms
  ring-switch / cross-field switch            —            —         0.72         0.74         0.72 ms
  decode the opening                          —            —         0.47            —         0.47 ms
  Ligerito / our opening                      —         3.45         3.11       608.74         4.63 ms
  total                                   26.21        27.23        30.75       634.14        33.32 ms

SIZES
  zerocheck                                   —         2.99         2.99         2.99         2.99 KB
  lincheck                                    —         1.37         1.37         1.37         1.37 KB
  cross-field switch                          —         4.05         4.87         4.87         4.87 KB
  commitment (wire form)                      —         4.00      1498.50         4.12      1174.50 KB
  opening                                     —       332.83      1312.17        86.12      1335.74 KB
  total                                  318.66       345.24      2819.90        99.47      2519.47 KB

peak resident set: 6580 MB

labinius over flock SHA-256, core 3, one thread, size sizel
16384 compressions of SHA-256: m = 29, k_log = 15, 25470 useful bits per block, 4194304 committed
stock union: log_inv_rate 1, profile Fast, Ligerito over the compacted stack, dense m = 29 in 3276800 F128
stock core:  log_inv_rate 1, profile Fast, Ligerito over the padded buffer, m = 29 in 4194304 F128
recursion off: 2^22 F162 in 512 columns, moduli 3889, 2917, 4861
recursion on:  2^22 F162 in 1024 columns, moduli 3889, 2917, 4861
bit-drop:      2^22 F162 in 512 columns, moduli 3889, 2917, 4861, 8 bits dropped

                                          stock        stock    recursion    recursion             
                                          union         core          off           on     bit-drop

SETUP (once, not per proof)
  R1CS and PCS parameters               1890.81      1890.81      1890.81      1890.81      1890.81 ms
  commitment key                              —            —       748.74       865.85       738.82 ms

PROVER
  witness                                 94.84        94.84        94.84        94.84        94.84 ms
  lift to F162                                —            —        41.36        41.03        41.14 ms
  commit, bind, zerocheck, lincheck            —       490.57            —            —            — ms
  commit                                      —            —       293.54       316.35       299.60 ms
  bind the commitment                         —            —         2.29         0.22         2.39 ms
  zerocheck                                   —            —       229.02       230.67       231.16 ms
  lincheck                                    —            —        43.34        43.26        43.30 ms
  ring-switch / cross-field switch            —            —       621.37       616.60       618.37 ms
  opening                                     —       400.95        78.57      1015.39        77.57 ms
  rest                                        —            —        -0.57         2.74         1.00 ms
  proof after the witness                     —       891.52      1308.92      2266.28      1314.53 ms
  total, witness included                998.61       986.36      1403.76      2361.12      1409.37 ms

VERIFIER
  zerocheck and lincheck                      —        25.65        26.60        25.88        26.26 ms
  ring-switch / cross-field switch            —            —         0.74         0.76         0.74 ms
  decode the opening                          —            —         0.47            —         0.47 ms
  Ligerito / our opening                      —         3.49         3.03       587.07         4.54 ms
  total                                   27.81        29.14        32.92       613.87        35.25 ms

SIZES
  zerocheck                                   —         2.99         2.99         2.99         2.99 KB
  lincheck                                    —         1.41         1.41         1.41         1.41 KB
  cross-field switch                          —         4.05         4.87         4.87         4.87 KB
  commitment (wire form)                      —         4.00      1498.50         4.12      1174.50 KB
  opening                                     —       332.83      1139.43        85.99      1142.58 KB
  total                                  326.32       345.28      2647.20        99.39      2326.35 KB

peak resident set: 6929 MB

	Command being timed: "./target/release/hashes-flock --suite l"
	User time (seconds): 185.07
	System time (seconds): 50.43
	Percent of CPU this job got: 99%
	Elapsed (wall clock) time (h:mm:ss or m:ss): 3:55.60
	Average shared text size (kbytes): 0
	Average unshared data size (kbytes): 0
	Average stack size (kbytes): 0
	Average total size (kbytes): 0
	Maximum resident set size (kbytes): 7095200
	Average resident set size (kbytes): 0
	Major (requiring I/O) page faults: 0
	Minor (reclaiming a frame) page faults: 51929961
	Voluntary context switches: 17307
	Involuntary context switches: 28982
	Swaps: 0
	File system inputs: 0
	File system outputs: 24
	Socket messages sent: 0
	Socket messages received: 0
	Signals delivered: 0
	Page size (bytes): 4096
	Exit status: 0
