labinius over binius64 keccak-256, core 3, one thread, size sizes
keccak-256 of 118727 bytes: 873 permutations, 523780 AND constraints, 523781 non-public words
stock binius64 at the example's defaults: --log-inv-rate 1, --hash-suite sha256, rayon off
recursion off: 2^18 F162 in 128 columns, moduli 9721, 12637
recursion on:  2^18 F162 in 256 columns, moduli 9721, 12637
bit-drop:      2^18 F162 in 128 columns, moduli 3889, 2917, 4861, 10 bits dropped

                                          stock    recursion    recursion             
                                       binius64          off           on     bit-drop

SETUP (once, not per proof)
  circuit                               1939.64      1939.64      1939.64      1939.64 ms
  commitment key and constraints         476.17       473.13       492.66       465.94 ms

PROVER
  witness                                  8.38         8.38         8.38         8.38 ms
  packing                                     —         0.87         0.98         0.87 ms
  commit                                   8.24        14.51        19.06        20.93 ms
  BitAnd check                            59.42        56.64        55.96        55.98 ms
  shift reduction                        147.09       148.26       147.93       147.27 ms
  ring-switch / cross-field switch         4.04        16.11        16.22        16.16 ms
  opening                                     —         5.83       172.54         5.79 ms
  rest                                     4.96         1.42         0.69         1.45 ms
  total                                  223.75       243.65       413.38       248.44 ms

VERIFIER
  read the commitment                         —         0.30         0.01         0.56 ms
  reductions                               2.41         2.43         2.57         2.42 ms
  ring-switch / cross-field switch         0.00         0.29         0.31         0.31 ms
  decode the opening                          —         0.13            —         0.12 ms
  BaseFold / our opening                   0.45         0.63       100.99         1.12 ms
  wiring check (native)                   76.42        76.44        76.49        76.38 ms
  total                                   79.51        80.40       180.60        81.07 ms

SIZES
  binius64 LIOP                               —         5.84         5.84         5.84 KB
  cross-field switch                          —         3.12         3.12         3.12 KB
  commitment (wire form)                      —       283.50         4.12       283.50 KB
  opening                                     —       302.87        75.47       302.29 KB
  total                                  243.83       595.34        88.56       594.76 KB
  the tape carries T_Y as its polx image, 11.0 KB, rather than the wire form above

peak resident set: 2789 MB

labinius over binius64 sha-256, core 3, one thread, size sizes
sha-256 of 72567 bytes: 1134 compressions, 412777 AND constraints, 523915 non-public words
stock binius64 at the example's defaults: --log-inv-rate 1, --hash-suite sha256, rayon off
recursion off: 2^18 F162 in 128 columns, moduli 9721, 12637
recursion on:  2^18 F162 in 256 columns, moduli 9721, 12637
bit-drop:      2^18 F162 in 128 columns, moduli 3889, 2917, 4861, 10 bits dropped

                                          stock    recursion    recursion             
                                       binius64          off           on     bit-drop

SETUP (once, not per proof)
  circuit                                895.58       895.58       895.58       895.58 ms
  commitment key and constraints         143.60       141.50       166.34       170.37 ms

PROVER
  witness                                  4.32         4.32         4.32         4.32 ms
  packing                                     —         0.85         0.95         0.86 ms
  commit                                   8.19        14.41        19.02        20.99 ms
  BitAnd check                            27.90        27.39        27.43        27.21 ms
  shift reduction                         55.83        55.41        55.06        55.04 ms
  ring-switch / cross-field switch         4.05        16.13        16.10        15.99 ms
  opening                                     —         5.82       178.18         5.79 ms
  rest                                     5.14         1.54         1.16         1.85 ms
  total                                  101.11       121.56       297.88       127.72 ms

VERIFIER
  read the commitment                         —         0.30         0.01         0.58 ms
  reductions                               1.60         1.61         1.75         1.61 ms
  ring-switch / cross-field switch         0.00         0.30         0.30         0.31 ms
  decode the opening                          —         0.13            —         0.13 ms
  BaseFold / our opening                   0.46         0.64       101.72         1.12 ms
  wiring check (native)                   28.86        28.92        29.09        28.89 ms
  total                                   31.18        32.05       132.94        32.88 ms

SIZES
  binius64 LIOP                               —         5.88         5.88         5.88 KB
  cross-field switch                          —         3.12         3.12         3.12 KB
  commitment (wire form)                      —       283.50         4.12       283.50 KB
  opening                                     —       307.69        75.44       292.11 KB
  total                                  243.86       600.19        88.57       584.61 KB
  the tape carries T_Y as its polx image, 11.0 KB, rather than the wire form above

peak resident set: 2789 MB

labinius over binius64 blake3, core 3, one thread, size sizes
blake3 of 123840 bytes: 2055 compressions, 345080 AND constraints, 524126 non-public words
stock binius64 at the example's defaults: --log-inv-rate 1, --hash-suite sha256, rayon off
recursion off: 2^18 F162 in 128 columns, moduli 9721, 12637
recursion on:  2^18 F162 in 256 columns, moduli 9721, 12637
bit-drop:      2^18 F162 in 128 columns, moduli 3889, 2917, 4861, 10 bits dropped

                                          stock    recursion    recursion             
                                       binius64          off           on     bit-drop

SETUP (once, not per proof)
  circuit                                891.76       891.76       891.76       891.76 ms
  commitment key and constraints         192.45       186.17       209.17       248.80 ms

PROVER
  witness                                  3.29         3.29         3.29         3.29 ms
  packing                                     —         0.86         0.93         0.87 ms
  commit                                   8.17        14.48        19.17        20.96 ms
  BitAnd check                            33.71        33.73        33.66        33.60 ms
  shift reduction                         86.53        85.53        84.87        84.79 ms
  ring-switch / cross-field switch         4.05        16.05        16.01        16.22 ms
  opening                                     —         5.82       191.86         5.81 ms
  rest                                     5.34         1.99         1.87         2.22 ms
  total                                  137.81       158.46       348.38       164.47 ms

VERIFIER
  read the commitment                         —         0.30         0.01         0.56 ms
  reductions                               2.66         2.68         2.75         2.66 ms
  ring-switch / cross-field switch         0.00         0.29         0.32         0.32 ms
  decode the opening                          —         0.13            —         0.13 ms
  BaseFold / our opening                   0.46         0.63       117.43         1.14 ms
  wiring check (native)                   39.68        39.69        39.93        39.67 ms
  total                                   43.02        44.10       160.75        44.80 ms

SIZES
  binius64 LIOP                               —         5.88         5.88         5.88 KB
  cross-field switch                          —         3.12         3.12         3.12 KB
  commitment (wire form)                      —       283.50         4.12       283.50 KB
  opening                                     —       296.68        75.56       299.52 KB
  total                                  243.86       589.18        88.69       592.02 KB
  the tape carries T_Y as its polx image, 11.0 KB, rather than the wire form above

peak resident set: 2789 MB

	Command being timed: "./target/release/hashes-binius --suite s"
	User time (seconds): 43.15
	System time (seconds): 1.91
	Percent of CPU this job got: 99%
	Elapsed (wall clock) time (h:mm:ss or m:ss): 0:45.09
	Average shared text size (kbytes): 0
	Average unshared data size (kbytes): 0
	Average stack size (kbytes): 0
	Average total size (kbytes): 0
	Maximum resident set size (kbytes): 2855728
	Average resident set size (kbytes): 0
	Major (requiring I/O) page faults: 0
	Minor (reclaiming a frame) page faults: 1879842
	Voluntary context switches: 8496
	Involuntary context switches: 17376
	Swaps: 0
	File system inputs: 0
	File system outputs: 24
	Socket messages sent: 0
	Socket messages received: 0
	Signals delivered: 0
	Page size (bytes): 4096
	Exit status: 0
