=== size sizem ===
=== short challenge: weight 28, canonical bound 12, 1000 samples ===
  acceptance rate: 0.6562 (1 in 1.52)

labinius, core 3, one thread, moduli 3889, 2917, 4861

=== recursion off ===
witness: 2^20 F162 = 262144 ring elements of R_648, 256 columns of 4096 F162
folded witness: 1024 ring elements of R_648, 256 F162 of row evaluation
  public parameters                3.95 ms

PROVER
  commit                          73.68 ms
  row_evaluate                     1.71 ms
  fold                            15.59 ms
  pack commitment, row             1.18 ms
  encode folded witness            1.64 ms
  total                           93.80 ms
  total except encode             92.16 ms

STATEMENT
  derive_evaluation_point          0.75 ms
  mle_evaluate                     1.70 ms
  total                            2.46 ms

VERIFIER
  derive_folding_challenges        0.32 ms
  decode                           0.30 ms
  fold_commitment                  0.12 ms
  fold_row_evaluation              0.01 ms
  verify_evaluation                0.01 ms
  verify_folded_opening            0.79 ms
  total                            1.54 ms
  total except decode              1.25 ms

wire: commitment 749.2 KB, row evaluation 5.1 KB, folded witness 646.0 KB, TOTAL 1400.3 KB
verification: accepted

=== plain-bd ===
witness: 2^20 F162 = 262144 ring elements of R_648, 256 columns of 4096 F162
dropped bits 9, residual cap 405872861184 over the expectation 1.015e11
  public parameters                3.13 ms

PROVER
  commit (with the digits)        78.20 ms
  row_evaluate                     1.68 ms
  fold                            15.47 ms
  pack commitment, row             0.88 ms
  encode folded witness            1.64 ms
  total                           97.87 ms
  total except encode             96.23 ms

STATEMENT
  derive_evaluation_point          0.98 ms
  mle_evaluate                     1.72 ms
  total                            2.70 ms

VERIFIER
  derive_folding_challenges        0.32 ms
  decode                           1.08 ms
  fold_row_evaluation              0.01 ms
  verify_evaluation                0.01 ms
  verify_folded_opening            1.68 ms
  total                            3.10 ms
  total except decode              2.02 ms

wire: commitment 587.2 KB, row evaluation 5.1 KB, folded witness 653.0 KB, TOTAL 1245.3 KB
verification: accepted
tampered fold: rejected (the opening was rejected)

peak resident set: 406 MB
	Command being timed: "./target/release/labinius --suite m"
	User time (seconds): 3.68
	System time (seconds): 0.21
	Percent of CPU this job got: 99%
	Elapsed (wall clock) time (h:mm:ss or m:ss): 0:03.89
	Average shared text size (kbytes): 0
	Average unshared data size (kbytes): 0
	Average stack size (kbytes): 0
	Average total size (kbytes): 0
	Maximum resident set size (kbytes): 415988
	Average resident set size (kbytes): 0
	Major (requiring I/O) page faults: 0
	Minor (reclaiming a frame) page faults: 207143
	Voluntary context switches: 1
	Involuntary context switches: 37
	Swaps: 0
	File system inputs: 0
	File system outputs: 8
	Socket messages sent: 0
	Socket messages received: 0
	Signals delivered: 0
	Page size (bytes): 4096
	Exit status: 0
