=== size sizexl ===
=== short challenge: weight 28, canonical bound 12, 1000 samples ===
  acceptance rate: 0.6562 (1 in 1.52)


=== recursion on ===
witness: 2^24 F162 = 4194304 ring elements of R_648, 2048 columns of 8192 F162
  public parameters              277.24 ms
  key-time buffers                  244 MB
  witness: 24 vectors, 105792 polynomials of Z_Q[X]/(X^64+1)
  commitment ranks: kappa_Y 12, kappa_u 4, kappa_R 9

PROVER
  commit (with T_Y)             1253.32 ms
  row_evaluate                    28.29 ms
  commit_left_expansion            2.00 ms
  prove_opening                 2228.62 ms
    fold                         260.55 ms
    encoding                      98.36 ms
    T_R                           20.07 ms
    masks                         48.77 ms
    constraint phi                19.27 ms
    statement build              144.83 ms
    labrador::prove             1608.23 ms
  total                         3512.23 ms

STATEMENT
  derive_evaluation_point          0.00 ms
  mle_evaluate                    28.41 ms
  total                           28.41 ms

VERIFIER
  derive_folding_challenges        2.18 ms
  statement rebuild              254.18 ms
    layout                        25.30 ms
    no-wrap bound                 14.33 ms
    constraint phi                19.10 ms
    statement build              144.15 ms
  labrador::verify               884.49 ms
  total                         1167.14 ms

wire: T_Y 4.5 KB, T_u 1.5 KB, T_R 3.4 KB, norms 0.2 KB, labrador 77.9 KB
proof: 87.4 KB total, per-proof phi 11 MB
verification: accepted

peak resident set: 7504 MB
	Command being timed: "./target/release/labinius --suite xl"
	User time (seconds): 56.57
	System time (seconds): 8.14
	Percent of CPU this job got: 99%
	Elapsed (wall clock) time (h:mm:ss or m:ss): 1:04.74
	Average shared text size (kbytes): 0
	Average unshared data size (kbytes): 0
	Average stack size (kbytes): 0
	Average total size (kbytes): 0
	Maximum resident set size (kbytes): 7683916
	Average resident set size (kbytes): 0
	Major (requiring I/O) page faults: 0
	Minor (reclaiming a frame) page faults: 8787580
	Voluntary context switches: 10
	Involuntary context switches: 794
	Swaps: 0
	File system inputs: 0
	File system outputs: 16
	Socket messages sent: 0
	Socket messages received: 0
	Signals delivered: 0
	Page size (bytes): 4096
	Exit status: 0
