=== size sizes ===
=== short challenge: weight 28, canonical bound 12, 1000 samples ===
  acceptance rate: 0.6562 (1 in 1.52)


=== recursion on ===
witness: 2^18 F162 = 65536 ring elements of R_648, 256 columns of 1024 F162
  public parameters               20.85 ms
  key-time buffers                   24 MB
  witness: 18 vectors, 10816 polynomials of Z_Q[X]/(X^64+1)
  commitment ranks: kappa_Y 11, kappa_u 3, kappa_R 8

PROVER
  commit (with T_Y)               18.51 ms
  row_evaluate                     0.29 ms
  commit_left_expansion            0.22 ms
  prove_opening                  201.09 ms
    fold                           4.36 ms
    encoding                       7.22 ms
    T_R                            2.52 ms
    masks                          4.84 ms
    constraint phi                 2.39 ms
    statement build               14.43 ms
    labrador::prove              164.90 ms
  total                          220.11 ms

STATEMENT
  derive_evaluation_point          0.01 ms
  mle_evaluate                     0.30 ms
  total                            0.31 ms

VERIFIER
  derive_folding_challenges        0.29 ms
  statement rebuild               15.53 ms
    layout                         1.37 ms
    no-wrap bound                  2.30 ms
    constraint phi                 2.39 ms
    statement build                7.45 ms
  labrador::verify               103.54 ms
  total                          119.47 ms

wire: T_Y 4.1 KB, T_u 1.1 KB, T_R 3.0 KB, norms 0.1 KB, labrador 71.0 KB
proof: 79.4 KB total, per-proof phi 1 MB
verification: accepted

peak resident set: 286 MB
	Command being timed: "./target/release/labinius --suite s"
	User time (seconds): 3.33
	System time (seconds): 0.57
	Percent of CPU this job got: 99%
	Elapsed (wall clock) time (h:mm:ss or m:ss): 0:03.91
	Average shared text size (kbytes): 0
	Average unshared data size (kbytes): 0
	Average stack size (kbytes): 0
	Average total size (kbytes): 0
	Maximum resident set size (kbytes): 292532
	Average resident set size (kbytes): 0
	Major (requiring I/O) page faults: 0
	Minor (reclaiming a frame) page faults: 566836
	Voluntary context switches: 10
	Involuntary context switches: 70
	Swaps: 0
	File system inputs: 0
	File system outputs: 8
	Socket messages sent: 0
	Socket messages received: 0
	Signals delivered: 0
	Page size (bytes): 4096
	Exit status: 0
