labinius over binius64 keccak-256, core 3, one thread, size sizes
keccak-256 of 118727 bytes: 873 permutations, 523780 AND constraints, 523781 non-public words
stock binius64 at the example's defaults: --log-inv-rate 1, --hash-suite sha256, rayon off
recursion off: 2^18 F162 in 128 columns, moduli 9721, 12637
recursion on:  2^18 F162 in 256 columns, moduli 9721, 12637
bit-drop:      2^18 F162 in 128 columns, moduli 3889, 2917, 4861, 10 bits dropped

                                          stock    recursion    recursion             
                                       binius64          off           on     bit-drop

SETUP (once, not per proof)
  circuit                               1872.73      1872.73      1872.73      1872.73 ms
  commitment key and constraints         318.50       321.37       331.38       310.30 ms

PROVER
  witness                                  5.48         5.48         5.48         5.48 ms
  packing                                     —         0.40         0.44         0.40 ms
  commit                                   5.74         7.59        10.56        12.52 ms
  BitAnd check                            37.32        37.24        34.92        35.84 ms
  shift reduction                        115.60       115.38       115.39       115.34 ms
  ring-switch / cross-field switch         3.42         2.79         2.89         2.66 ms
  opening                                     —         3.73       111.38         3.77 ms
  rest                                     3.02         0.75         0.35         0.93 ms
  total                                  165.10       167.87       275.92       171.47 ms

VERIFIER
  read the commitment                         —         0.21         0.01         0.38 ms
  reductions                               1.74         1.75         1.76         1.74 ms
  ring-switch / cross-field switch         0.00         0.22         0.24         0.23 ms
  decode the opening                          —         0.12            —         0.12 ms
  BaseFold / our opening                   0.34         0.44        73.93         0.68 ms
  wiring check (native)                   93.41        93.45        93.48        93.42 ms
  total                                   95.67        96.28       169.57        96.65 ms

SIZES
  binius64 LIOP                               —         6.14         6.14         6.14 KB
  cross-field switch                          —         3.12         3.12         3.12 KB
  commitment (wire form)                      —       283.50         4.12       283.50 KB
  opening                                     —       292.01        75.75       292.18 KB
  total                                  244.12       584.78        89.14       584.95 KB
  the tape carries T_Y as its polx image, 11.0 KB, rather than the wire form above

peak resident set: 2766 MB

labinius over binius64 sha-256, core 3, one thread, size sizes
sha-256 of 72567 bytes: 1134 compressions, 412777 AND constraints, 523915 non-public words
stock binius64 at the example's defaults: --log-inv-rate 1, --hash-suite sha256, rayon off
recursion off: 2^18 F162 in 128 columns, moduli 9721, 12637
recursion on:  2^18 F162 in 256 columns, moduli 9721, 12637
bit-drop:      2^18 F162 in 128 columns, moduli 3889, 2917, 4861, 10 bits dropped

                                          stock    recursion    recursion             
                                       binius64          off           on     bit-drop

SETUP (once, not per proof)
  circuit                                751.83       751.83       751.83       751.83 ms
  commitment key and constraints         103.77        93.51       111.60       113.91 ms

PROVER
  witness                                  2.82         2.82         2.82         2.82 ms
  packing                                     —         0.40         0.43         0.40 ms
  commit                                   5.70         7.60        10.81        12.32 ms
  BitAnd check                            19.12        18.01        17.82        18.29 ms
  shift reduction                         40.89        40.93        41.14        41.31 ms
  ring-switch / cross-field switch         3.43         2.90         2.81         2.60 ms
  opening                                     —         3.75       123.65         3.72 ms
  rest                                     3.26         1.11         0.91         1.30 ms
  total                                   72.40        74.71       197.57        79.94 ms

VERIFIER
  read the commitment                         —         0.21         0.01         0.38 ms
  reductions                               1.19         1.20         1.21         1.20 ms
  ring-switch / cross-field switch         0.00         0.22         0.25         0.23 ms
  decode the opening                          —         0.12            —         0.12 ms
  BaseFold / our opening                   0.34         0.43        76.22         0.68 ms
  wiring check (native)                   34.73        34.74        34.89        34.72 ms
  total                                   36.43        37.02       112.62        37.44 ms

SIZES
  binius64 LIOP                               —         6.17         6.17         6.17 KB
  cross-field switch                          —         3.12         3.12         3.12 KB
  commitment (wire form)                      —       283.50         4.12       283.50 KB
  opening                                     —       298.56        75.47       305.76 KB
  total                                  244.16       591.36        88.89       598.56 KB
  the tape carries T_Y as its polx image, 11.0 KB, rather than the wire form above

peak resident set: 2766 MB

labinius over binius64 blake3, core 3, one thread, size sizes
blake3 of 123840 bytes: 2055 compressions, 345080 AND constraints, 524126 non-public words
stock binius64 at the example's defaults: --log-inv-rate 1, --hash-suite sha256, rayon off
recursion off: 2^18 F162 in 128 columns, moduli 9721, 12637
recursion on:  2^18 F162 in 256 columns, moduli 9721, 12637
bit-drop:      2^18 F162 in 128 columns, moduli 3889, 2917, 4861, 10 bits dropped

                                          stock    recursion    recursion             
                                       binius64          off           on     bit-drop

SETUP (once, not per proof)
  circuit                                693.47       693.47       693.47       693.47 ms
  commitment key and constraints         139.86       134.06       150.44       174.29 ms

PROVER
  witness                                  2.02         2.02         2.02         2.02 ms
  packing                                     —         0.41         0.43         0.40 ms
  commit                                   5.76         7.59        10.57        12.34 ms
  BitAnd check                            24.00        23.72        22.48        23.48 ms
  shift reduction                         61.75        61.96        61.20        62.21 ms
  ring-switch / cross-field switch         3.43         2.67         2.68         2.75 ms
  opening                                     —         3.73       112.00         3.78 ms
  rest                                     3.50         1.53         1.06         1.65 ms
  total                                   98.44       101.61       210.43       106.61 ms

VERIFIER
  read the commitment                         —         0.22         0.01         0.38 ms
  reductions                               1.94         1.96         1.97         1.96 ms
  ring-switch / cross-field switch         0.00         0.22         0.25         0.24 ms
  decode the opening                          —         0.12            —         0.12 ms
  BaseFold / our opening                   0.34         0.44        76.61         0.70 ms
  wiring check (native)                   47.84        47.90        48.16        47.88 ms
  total                                   50.37        51.02       127.17        51.43 ms

SIZES
  binius64 LIOP                               —         6.17         6.17         6.17 KB
  cross-field switch                          —         3.12         3.12         3.12 KB
  commitment (wire form)                      —       283.50         4.12       283.50 KB
  opening                                     —       314.50        75.29       319.20 KB
  total                                  244.16       607.30        88.71       611.99 KB
  the tape carries T_Y as its polx image, 11.0 KB, rather than the wire form above

peak resident set: 2766 MB

	Command being timed: "./target/release/hashes-binius --suite s"
	User time (seconds): 33.31
	System time (seconds): 1.58
	Percent of CPU this job got: 99%
	Elapsed (wall clock) time (h:mm:ss or m:ss): 0:34.90
	Average shared text size (kbytes): 0
	Average unshared data size (kbytes): 0
	Average stack size (kbytes): 0
	Average total size (kbytes): 0
	Maximum resident set size (kbytes): 2832644
	Average resident set size (kbytes): 0
	Major (requiring I/O) page faults: 0
	Minor (reclaiming a frame) page faults: 2504980
	Voluntary context switches: 7909
	Involuntary context switches: 14162
	Swaps: 0
	File system inputs: 0
	File system outputs: 24
	Socket messages sent: 0
	Socket messages received: 0
	Signals delivered: 0
	Page size (bytes): 4096
	Exit status: 0
