labinius over binius64 keccak-256, core 3, one thread, size sizem
keccak-256 of 475319 bytes: 3495 permutations, 2096980 AND constraints, 2096981 non-public words
stock binius64 at the example's defaults: --log-inv-rate 1, --hash-suite sha256, rayon off
recursion off: 2^20 F162 in 256 columns, moduli 3889, 2917, 4861
recursion on:  2^20 F162 in 512 columns, moduli 3889, 2917, 4861
bit-drop:      2^20 F162 in 256 columns, moduli 3889, 2917, 4861, 9 bits dropped

                                          stock    recursion    recursion             
                                       binius64          off           on     bit-drop

SETUP (once, not per proof)
  circuit                               7670.91      7670.91      7670.91      7670.91 ms
  commitment key and constraints        1358.03      1268.49      1317.63      1300.20 ms

PROVER
  witness                                 21.50        21.50        21.50        21.50 ms
  packing                                     —         1.60         1.64         1.60 ms
  commit                                  25.54        41.07        49.84        45.34 ms
  BitAnd check                           152.76       159.97       163.85       157.61 ms
  shift reduction                        465.99       474.26       474.68       474.86 ms
  ring-switch / cross-field switch        13.66        11.93        11.85        11.89 ms
  opening                                     —        12.43       303.45        12.33 ms
  rest                                    11.63         3.56         7.30         3.10 ms
  total                                  669.58       704.82      1012.62       706.73 ms

VERIFIER
  read the commitment                         —         0.66         0.01         0.85 ms
  reductions                               6.79         6.80         6.81         6.81 ms
  ring-switch / cross-field switch         0.00         0.24         0.27         0.24 ms
  decode the opening                          —         0.23            —         0.23 ms
  BaseFold / our opening                   0.43         1.09       204.78         1.60 ms
  wiring check (native)                  383.43       380.42       385.21       385.69 ms
  total                                  390.99       389.85       596.97       395.77 ms

SIZES
  binius64 LIOP                               —         6.36         6.36         6.36 KB
  cross-field switch                          —         3.25         3.25         3.25 KB
  commitment (wire form)                      —       749.25         4.12       587.25 KB
  opening                                     —       643.62        72.57       689.83 KB
  total                                  310.44      1402.48        86.30      1286.69 KB
  the tape carries T_Y as its polx image, 11.0 KB, rather than the wire form above

peak resident set: 10536 MB

labinius over binius64 sha-256, core 3, one thread, size sizem
sha-256 of 290487 bytes: 4539 compressions, 1652197 AND constraints, 2097040 non-public words
stock binius64 at the example's defaults: --log-inv-rate 1, --hash-suite sha256, rayon off
recursion off: 2^20 F162 in 256 columns, moduli 3889, 2917, 4861
recursion on:  2^20 F162 in 512 columns, moduli 3889, 2917, 4861
bit-drop:      2^20 F162 in 256 columns, moduli 3889, 2917, 4861, 9 bits dropped

                                          stock    recursion    recursion             
                                       binius64          off           on     bit-drop

SETUP (once, not per proof)
  circuit                               3123.18      3123.18      3123.18      3123.18 ms
  commitment key and constraints         406.53       399.92       449.28       560.73 ms

PROVER
  witness                                 11.50        11.50        11.50        11.50 ms
  packing                                     —         1.60         1.64         1.62 ms
  commit                                  25.45        41.22        50.05        45.02 ms
  BitAnd check                            80.09        92.65        89.66        92.49 ms
  shift reduction                        166.37       186.66       182.40       186.86 ms
  ring-switch / cross-field switch        13.63        11.76        11.81        13.61 ms
  opening                                     —        12.58       316.59        12.62 ms
  rest                                    12.14         3.74        -1.84         4.00 ms
  total                                  297.67       350.20       650.31       356.21 ms

VERIFIER
  read the commitment                         —         0.63         0.01         0.85 ms
  reductions                               4.56         4.56         4.58         4.57 ms
  ring-switch / cross-field switch         0.00         0.25         0.27         0.26 ms
  decode the opening                          —         0.23            —         0.23 ms
  BaseFold / our opening                   0.43         1.08       208.79         1.51 ms
  wiring check (native)                  139.50       145.66       145.99       145.71 ms
  total                                  145.01       152.85       360.25       153.55 ms

SIZES
  binius64 LIOP                               —         6.39         6.39         6.39 KB
  cross-field switch                          —         3.25         3.25         3.25 KB
  commitment (wire form)                      —       749.25         4.12       587.25 KB
  opening                                     —       634.28        72.91       676.48 KB
  total                                  310.47      1393.17        86.68      1273.38 KB
  the tape carries T_Y as its polx image, 11.0 KB, rather than the wire form above

peak resident set: 10536 MB

labinius over binius64 blake3, core 3, one thread, size sizem
blake3 of 495488 bytes: 8225 compressions, 1380916 AND constraints, 2097034 non-public words
stock binius64 at the example's defaults: --log-inv-rate 1, --hash-suite sha256, rayon off
recursion off: 2^20 F162 in 256 columns, moduli 3889, 2917, 4861
recursion on:  2^20 F162 in 512 columns, moduli 3889, 2917, 4861
bit-drop:      2^20 F162 in 256 columns, moduli 3889, 2917, 4861, 9 bits dropped

                                          stock    recursion    recursion             
                                       binius64          off           on     bit-drop

SETUP (once, not per proof)
  circuit                               2877.13      2877.13      2877.13      2877.13 ms
  commitment key and constraints         557.81       540.94       657.24       741.03 ms

PROVER
  witness                                  8.23         8.23         8.23         8.23 ms
  packing                                     —         1.61         1.63         1.58 ms
  commit                                  26.00        40.92        50.07        44.91 ms
  BitAnd check                            98.74       109.16        91.71       103.10 ms
  shift reduction                        250.56       268.53       250.89       259.97 ms
  ring-switch / cross-field switch        13.60        13.05        14.08        13.39 ms
  opening                                     —        12.45       278.23        12.61 ms
  rest                                    13.38         7.05         3.53         5.52 ms
  total                                  402.28       452.77       690.14       441.09 ms

VERIFIER
  read the commitment                         —         0.64         0.01         0.87 ms
  reductions                               7.61         7.61         7.61         7.62 ms
  ring-switch / cross-field switch         0.01         0.26         0.27         0.25 ms
  decode the opening                          —         0.23            —         0.23 ms
  BaseFold / our opening                   0.44         1.07       194.04         1.50 ms
  wiring check (native)                  192.87       193.20       199.11       198.90 ms
  total                                  201.91       203.71       401.47       210.06 ms

SIZES
  binius64 LIOP                               —         6.39         6.39         6.39 KB
  cross-field switch                          —         3.25         3.25         3.25 KB
  commitment (wire form)                      —       749.25         4.12       587.25 KB
  opening                                     —       674.31        72.80       664.33 KB
  total                                  310.47      1433.20        86.57      1261.22 KB
  the tape carries T_Y as its polx image, 11.0 KB, rather than the wire form above

peak resident set: 10536 MB

	Command being timed: "./target/release/hashes-binius --suite m"
	User time (seconds): 126.66
	System time (seconds): 9.89
	Percent of CPU this job got: 99%
	Elapsed (wall clock) time (h:mm:ss or m:ss): 2:16.57
	Average shared text size (kbytes): 0
	Average unshared data size (kbytes): 0
	Average stack size (kbytes): 0
	Average total size (kbytes): 0
	Maximum resident set size (kbytes): 10788444
	Average resident set size (kbytes): 0
	Major (requiring I/O) page faults: 0
	Minor (reclaiming a frame) page faults: 15880116
	Voluntary context switches: 10010
	Involuntary context switches: 23930
	Swaps: 0
	File system inputs: 0
	File system outputs: 40
	Socket messages sent: 0
	Socket messages received: 0
	Signals delivered: 0
	Page size (bytes): 4096
	Exit status: 0
