labinius over flock BLAKE3, core 3, one thread, size sizem
8192 compressions of BLAKE3: m = 27, k_log = 14, 11707 useful bits per block, 1048576 committed
stock union: log_inv_rate 1, profile Fast, Ligerito over the compacted stack, dense m = 27 in 753664 F128
stock core:  log_inv_rate 1, profile Fast, Ligerito over the padded buffer, m = 27 in 1048576 F128
recursion off: 2^20 F162 in 256 columns, moduli 3889, 2917, 4861
recursion on:  2^20 F162 in 512 columns, moduli 3889, 2917, 4861
bit-drop:      2^20 F162 in 256 columns, moduli 3889, 2917, 4861, 9 bits dropped

                                          stock        stock    recursion    recursion             
                                          union         core          off           on     bit-drop

SETUP (once, not per proof)
  R1CS and PCS parameters               1390.52      1390.52      1390.52      1390.52      1390.52 ms
  commitment key                              —            —       117.57       170.56       119.30 ms

PROVER
  witness                                  9.55         9.55         9.55         9.55         9.55 ms
  lift to F162                                —            —         1.52         1.58         1.55 ms
  commit, bind, zerocheck, lincheck            —       111.99            —            —            — ms
  commit                                      —            —        41.07        50.07        45.11 ms
  bind the commitment                         —            —         0.88         0.04         0.76 ms
  zerocheck                                   —            —        28.86        28.83        28.70 ms
  lincheck                                    —            —        27.67        27.81        27.65 ms
  ring-switch / cross-field switch            —            —        21.71        21.00        23.05 ms
  opening                                     —        64.96        12.91       304.20        12.77 ms
  rest                                        —            —         0.11        -0.16         0.07 ms
  proof after the witness                     —       176.95       134.74       433.38       139.66 ms
  total, witness included                181.26       186.50       144.30       442.94       149.21 ms

VERIFIER
  zerocheck and lincheck                      —        24.89        25.07        25.18        24.86 ms
  ring-switch / cross-field switch            —            —         0.63         0.64         0.62 ms
  decode the opening                          —            —         0.23            —         0.23 ms
  Ligerito / our opening                      —         2.34         1.26       201.03         1.61 ms
  total                                   27.04        27.23        27.82       226.90        28.40 ms

SIZES
  zerocheck                                   —         2.91         2.91         2.91         2.91 KB
  lincheck                                    —         1.37         1.37         1.37         1.37 KB
  cross-field switch                          —         4.05         4.79         4.79         4.79 KB
  commitment (wire form)                      —         4.00       749.25         4.12       587.25 KB
  opening                                     —       399.26       620.13        72.71       601.82 KB
  total                                  350.38       411.59      1378.46        85.91      1198.14 KB

peak resident set: 2753 MB

labinius over flock SHA-256, core 3, one thread, size sizem
4096 compressions of SHA-256: m = 27, k_log = 15, 25470 useful bits per block, 1048576 committed
stock union: log_inv_rate 1, profile Fast, Ligerito over the compacted stack, dense m = 27 in 819200 F128
stock core:  log_inv_rate 1, profile Fast, Ligerito over the padded buffer, m = 27 in 1048576 F128
recursion off: 2^20 F162 in 256 columns, moduli 3889, 2917, 4861
recursion on:  2^20 F162 in 512 columns, moduli 3889, 2917, 4861
bit-drop:      2^20 F162 in 256 columns, moduli 3889, 2917, 4861, 9 bits dropped

                                          stock        stock    recursion    recursion             
                                          union         core          off           on     bit-drop

SETUP (once, not per proof)
  R1CS and PCS parameters               1722.62      1722.62      1722.62      1722.62      1722.62 ms
  commitment key                              —            —       118.54       170.19       120.02 ms

PROVER
  witness                                  6.96         6.96         6.96         6.96         6.96 ms
  lift to F162                                —            —         1.52         1.57         1.56 ms
  commit, bind, zerocheck, lincheck            —       116.27            —            —            — ms
  commit                                      —            —        40.70        50.01        44.78 ms
  bind the commitment                         —            —         0.75         0.04         0.70 ms
  zerocheck                                   —            —        35.74        35.80        35.43 ms
  lincheck                                    —            —        29.03        29.09        29.16 ms
  ring-switch / cross-field switch            —            —        23.64        23.43        21.87 ms
  opening                                     —        66.63        12.90       303.44        12.67 ms
  rest                                        —            —        -0.06         0.10        -0.02 ms
  proof after the witness                     —       182.90       144.20       443.47       146.15 ms
  total, witness included                228.06       189.85       151.16       450.42       153.11 ms

VERIFIER
  zerocheck and lincheck                      —        26.26        26.54        26.52        26.37 ms
  ring-switch / cross-field switch            —            —         0.61         0.62         0.61 ms
  decode the opening                          —            —         0.23            —         0.23 ms
  Ligerito / our opening                      —         2.36         1.12       189.63         1.42 ms
  total                                   27.93        28.62        29.15       216.76        29.70 ms

SIZES
  zerocheck                                   —         2.91         2.91         2.91         2.91 KB
  lincheck                                    —         1.41         1.41         1.41         1.41 KB
  cross-field switch                          —         4.05         4.79         4.79         4.79 KB
  commitment (wire form)                      —         4.00       749.25         4.12       587.25 KB
  opening                                     —       399.26       530.66        72.76       540.08 KB
  total                                  365.67       411.63      1289.02        86.00      1136.44 KB

peak resident set: 3064 MB

	Command being timed: "./target/release/hashes-flock --suite m"
	User time (seconds): 63.08
	System time (seconds): 6.99
	Percent of CPU this job got: 99%
	Elapsed (wall clock) time (h:mm:ss or m:ss): 1:10.08
	Average shared text size (kbytes): 0
	Average unshared data size (kbytes): 0
	Average stack size (kbytes): 0
	Average total size (kbytes): 0
	Maximum resident set size (kbytes): 3137264
	Average resident set size (kbytes): 0
	Major (requiring I/O) page faults: 0
	Minor (reclaiming a frame) page faults: 10483077
	Voluntary context switches: 9492
	Involuntary context switches: 17197
	Swaps: 0
	File system inputs: 0
	File system outputs: 24
	Socket messages sent: 0
	Socket messages received: 0
	Signals delivered: 0
	Page size (bytes): 4096
	Exit status: 0
