labinius over flock BLAKE3, core 3, one thread, size sizel
32768 compressions of BLAKE3: m = 29, k_log = 14, 11707 useful bits per block, 4194304 committed
stock union: log_inv_rate 1, profile Fast, Ligerito over the compacted stack, dense m = 29 in 3014656 F128
stock core:  log_inv_rate 1, profile Fast, Ligerito over the padded buffer, m = 29 in 4194304 F128
recursion off: 2^22 F162 in 512 columns, moduli 3889, 2917, 4861
recursion on:  2^22 F162 in 1024 columns, moduli 3889, 2917, 4861
bit-drop:      2^22 F162 in 512 columns, moduli 3889, 2917, 4861, 8 bits dropped

                                          stock        stock    recursion    recursion             
                                          union         core          off           on     bit-drop

SETUP (once, not per proof)
  R1CS and PCS parameters               1374.99      1374.99      1374.99      1374.99      1374.99 ms
  commitment key                              —            —       466.59       567.08       459.65 ms

PROVER
  witness                                 48.32        48.32        48.32        48.32        48.32 ms
  lift to F162                                —            —         6.44         6.49         6.42 ms
  commit, bind, zerocheck, lincheck            —       364.19            —            —            — ms
  commit                                      —            —       163.66       181.55       170.58 ms
  bind the commitment                         —            —         1.58         0.05         1.41 ms
  zerocheck                                   —            —       117.68       117.62       117.55 ms
  lincheck                                    —            —        34.60        34.61        34.45 ms
  ring-switch / cross-field switch            —            —       111.30       107.67       110.91 ms
  opening                                     —       335.71        46.32       616.61        44.37 ms
  rest                                        —            —         0.57         1.79         0.81 ms
  proof after the witness                     —       699.90       482.15      1066.39       486.50 ms
  total, witness included                642.32       748.22       530.47      1114.71       534.82 ms

VERIFIER
  zerocheck and lincheck                      —        24.78        25.06        25.10        25.12 ms
  ring-switch / cross-field switch            —            —         0.66         0.67         0.65 ms
  decode the opening                          —            —         0.45            —         0.44 ms
  Ligerito / our opening                      —         2.43         2.37       366.35         2.92 ms
  total                                   27.34        27.21        29.96       392.11        31.35 ms

SIZES
  zerocheck                                   —         2.99         2.99         2.99         2.99 KB
  lincheck                                    —         1.37         1.37         1.37         1.37 KB
  cross-field switch                          —         4.05         4.87         4.87         4.87 KB
  commitment (wire form)                      —         4.00      1498.50         4.12      1174.50 KB
  opening                                     —       332.83      1264.24        86.03      1363.98 KB
  total                                  318.66       345.24      2771.97        99.38      2547.71 KB

peak resident set: 8115 MB

labinius over flock SHA-256, core 3, one thread, size sizel
16384 compressions of SHA-256: m = 29, k_log = 15, 25470 useful bits per block, 4194304 committed
stock union: log_inv_rate 1, profile Fast, Ligerito over the compacted stack, dense m = 29 in 3276800 F128
stock core:  log_inv_rate 1, profile Fast, Ligerito over the padded buffer, m = 29 in 4194304 F128
recursion off: 2^22 F162 in 512 columns, moduli 3889, 2917, 4861
recursion on:  2^22 F162 in 1024 columns, moduli 3889, 2917, 4861
bit-drop:      2^22 F162 in 512 columns, moduli 3889, 2917, 4861, 8 bits dropped

                                          stock        stock    recursion    recursion             
                                          union         core          off           on     bit-drop

SETUP (once, not per proof)
  R1CS and PCS parameters               1834.86      1834.86      1834.86      1834.86      1834.86 ms
  commitment key                              —            —       465.77       554.19       459.53 ms

PROVER
  witness                                 54.17        54.17        54.17        54.17        54.17 ms
  lift to F162                                —            —         6.43         6.54         6.42 ms
  commit, bind, zerocheck, lincheck            —       378.30            —            —            — ms
  commit                                      —            —       160.84       178.66       168.82 ms
  bind the commitment                         —            —         1.59         0.07         1.40 ms
  zerocheck                                   —            —       135.62       135.68       135.62 ms
  lincheck                                    —            —        36.10        36.13        36.06 ms
  ring-switch / cross-field switch            —            —       104.83       105.33       106.20 ms
  opening                                     —       332.49        46.32       604.94        44.39 ms
  rest                                        —            —        -0.00        -0.08         0.35 ms
  proof after the witness                     —       710.79       491.73      1067.26       499.26 ms
  total, witness included                703.33       764.96       545.90      1121.43       553.43 ms

VERIFIER
  zerocheck and lincheck                      —        25.99        26.24        26.28        26.20 ms
  ring-switch / cross-field switch            —            —         0.65         0.66         0.65 ms
  decode the opening                          —            —         0.45            —         0.45 ms
  Ligerito / our opening                      —         2.47         2.22       365.36         2.91 ms
  total                                   28.68        28.46        30.99       392.30        32.39 ms

SIZES
  zerocheck                                   —         2.99         2.99         2.99         2.99 KB
  lincheck                                    —         1.41         1.41         1.41         1.41 KB
  cross-field switch                          —         4.05         4.87         4.87         4.87 KB
  commitment (wire form)                      —         4.00      1498.50         4.12      1174.50 KB
  opening                                     —       332.83      1176.40        86.11      1131.77 KB
  total                                  326.32       345.28      2684.17        99.50      2315.54 KB

peak resident set: 8481 MB

	Command being timed: "./target/release/hashes-flock --suite l"
	User time (seconds): 122.57
	System time (seconds): 23.51
	Percent of CPU this job got: 99%
	Elapsed (wall clock) time (h:mm:ss or m:ss): 2:26.09
	Average shared text size (kbytes): 0
	Average unshared data size (kbytes): 0
	Average stack size (kbytes): 0
	Average total size (kbytes): 0
	Maximum resident set size (kbytes): 8684564
	Average resident set size (kbytes): 0
	Major (requiring I/O) page faults: 0
	Minor (reclaiming a frame) page faults: 36557078
	Voluntary context switches: 16921
	Involuntary context switches: 27855
	Swaps: 0
	File system inputs: 0
	File system outputs: 24
	Socket messages sent: 0
	Socket messages received: 0
	Signals delivered: 0
	Page size (bytes): 4096
	Exit status: 0
