labinius over flock BLAKE3, core 3, one thread, size sizes
2048 compressions of BLAKE3: m = 25, k_log = 14, 11707 useful bits per block, 262144 committed
stock union: log_inv_rate 1, profile Fast, Ligerito over the compacted stack, dense m = 25 in 188416 F128
stock core:  log_inv_rate 1, profile Fast, Ligerito over the padded buffer, m = 25 in 262144 F128
recursion off: 2^18 F162 in 128 columns, moduli 9721, 12637
recursion on:  2^18 F162 in 256 columns, moduli 9721, 12637
bit-drop:      2^18 F162 in 128 columns, moduli 3889, 2917, 4861, 10 bits dropped

                                          stock        stock    recursion    recursion             
                                          union         core          off           on     bit-drop

SETUP (once, not per proof)
  R1CS and PCS parameters               1348.85      1348.85      1348.85      1348.85      1348.85 ms
  commitment key                              —            —        25.92        45.57        30.72 ms

PROVER
  witness                                  2.22         2.22         2.22         2.22         2.22 ms
  lift to F162                                —            —         0.32         0.37         0.34 ms
  commit, bind, zerocheck, lincheck            —        45.22            —            —            — ms
  commit                                      —            —         7.54        10.67        12.63 ms
  bind the commitment                         —            —         0.29         0.08         0.39 ms
  zerocheck                                   —            —         7.28         7.40         7.35 ms
  lincheck                                    —            —        26.40        26.22        26.20 ms
  ring-switch / cross-field switch            —            —         5.01         4.34         4.55 ms
  opening                                     —        18.07         3.99       126.08         3.99 ms
  rest                                        —            —         0.03        -0.07        -0.06 ms
  proof after the witness                     —        63.29        50.86       175.09        55.39 ms
  total, witness included                 92.09        65.51        53.08       177.31        57.61 ms

VERIFIER
  zerocheck and lincheck                      —        24.65        24.63        24.73        24.67 ms
  ring-switch / cross-field switch            —            —         0.56         0.58         0.56 ms
  decode the opening                          —            —         0.12            —         0.12 ms
  Ligerito / our opening                      —         1.57         0.66        85.58         0.91 ms
  total                                   26.35        26.22        26.21       111.19        26.85 ms

SIZES
  zerocheck                                   —         2.84         2.84         2.84         2.84 KB
  lincheck                                    —         1.37         1.37         1.37         1.37 KB
  cross-field switch                          —         4.05         4.71         4.71         4.71 KB
  commitment (wire form)                      —         4.00       283.50         4.12       283.50 KB
  opening                                     —       373.13       276.55        75.34       272.04 KB
  total                                  323.87       385.39       568.96        88.38       564.45 KB

peak resident set: 1201 MB

labinius over flock SHA-256, core 3, one thread, size sizes
1024 compressions of SHA-256: m = 25, k_log = 15, 25470 useful bits per block, 262144 committed
stock union: log_inv_rate 1, profile Fast, Ligerito over the compacted stack, dense m = 25 in 204800 F128
stock core:  log_inv_rate 1, profile Fast, Ligerito over the padded buffer, m = 25 in 262144 F128
recursion off: 2^18 F162 in 128 columns, moduli 9721, 12637
recursion on:  2^18 F162 in 256 columns, moduli 9721, 12637
bit-drop:      2^18 F162 in 128 columns, moduli 3889, 2917, 4861, 10 bits dropped

                                          stock        stock    recursion    recursion             
                                          union         core          off           on     bit-drop

SETUP (once, not per proof)
  R1CS and PCS parameters               1678.46      1678.46      1678.46      1678.46      1678.46 ms
  commitment key                              —            —        25.77        44.95        30.63 ms

PROVER
  witness                                  1.68         1.68         1.68         1.68         1.68 ms
  lift to F162                                —            —         0.33         0.38         0.32 ms
  commit, bind, zerocheck, lincheck            —        47.14            —            —            — ms
  commit                                      —            —         7.75        10.87        12.57 ms
  bind the commitment                         —            —         0.18         0.02         0.38 ms
  zerocheck                                   —            —         8.25         8.52         8.15 ms
  lincheck                                    —            —        27.25        27.26        27.36 ms
  ring-switch / cross-field switch            —            —         5.16         5.01         5.26 ms
  opening                                     —        17.70         3.83       123.14         3.79 ms
  rest                                        —            —        -0.18         0.10        -0.04 ms
  proof after the witness                     —        64.84        52.58       175.29        57.80 ms
  total, witness included                132.94        66.53        54.26       176.97        59.48 ms

VERIFIER
  zerocheck and lincheck                      —        26.35        26.44        26.48        26.23 ms
  ring-switch / cross-field switch            —            —         0.57         0.58         0.57 ms
  decode the opening                          —            —         0.12            —         0.12 ms
  Ligerito / our opening                      —         1.59         0.53        84.75         0.80 ms
  total                                   27.49        27.94        27.87       111.89        28.22 ms

SIZES
  zerocheck                                   —         2.84         2.84         2.84         2.84 KB
  lincheck                                    —         1.41         1.41         1.41         1.41 KB
  cross-field switch                          —         4.05         4.71         4.71         4.71 KB
  commitment (wire form)                      —         4.00       283.50         4.12       283.50 KB
  opening                                     —       373.13       257.13        75.37       249.05 KB
  total                                  339.16       385.43       549.58        88.45       541.50 KB

peak resident set: 1537 MB

	Command being timed: "./target/release/hashes-flock --suite s"
	User time (seconds): 44.60
	System time (seconds): 2.44
	Percent of CPU this job got: 99%
	Elapsed (wall clock) time (h:mm:ss or m:ss): 0:47.04
	Average shared text size (kbytes): 0
	Average unshared data size (kbytes): 0
	Average stack size (kbytes): 0
	Average total size (kbytes): 0
	Maximum resident set size (kbytes): 1574388
	Average resident set size (kbytes): 0
	Major (requiring I/O) page faults: 0
	Minor (reclaiming a frame) page faults: 3892806
	Voluntary context switches: 7659
	Involuntary context switches: 13018
	Swaps: 0
	File system inputs: 0
	File system outputs: 16
	Socket messages sent: 0
	Socket messages received: 0
	Signals delivered: 0
	Page size (bytes): 4096
	Exit status: 0
