=== size sizexl ===
=== short challenge: weight 28, canonical bound 12, 1000 samples ===
  acceptance rate: 0.6562 (1 in 1.52)


=== recursion on ===
witness: 2^24 F162 = 4194304 ring elements of R_648, 2048 columns of 8192 F162
  public parameters              238.61 ms
  key-time buffers                  244 MB
  witness: 24 vectors, 105792 polynomials of Z_Q[X]/(X^64+1)
  commitment ranks: kappa_Y 12, kappa_u 4, kappa_R 9

PROVER
  commit (with T_Y)              642.42 ms
  row_evaluate                    20.53 ms
  commit_left_expansion            1.29 ms
  prove_opening                 1307.89 ms
    fold                         136.36 ms
    encoding                      65.73 ms
    T_R                            8.50 ms
    masks                         32.60 ms
    constraint phi                18.57 ms
    statement build               87.80 ms
    labrador::prove              945.44 ms
  total                         1972.12 ms

STATEMENT
  derive_evaluation_point          0.01 ms
  mle_evaluate                    20.58 ms
  total                           20.59 ms

VERIFIER
  derive_folding_challenges        1.71 ms
  statement rebuild              163.38 ms
    layout                        14.11 ms
    no-wrap bound                  9.40 ms
    constraint phi                18.60 ms
    statement build               87.78 ms
  labrador::verify               533.28 ms
  total                          711.68 ms

wire: T_Y 4.5 KB, T_u 1.5 KB, T_R 3.4 KB, norms 0.2 KB, labrador 77.9 KB
proof: 87.4 KB total, per-proof phi 11 MB
verification: accepted

peak resident set: 7505 MB
	Command being timed: "./target/release/labinius --suite xl"
	User time (seconds): 32.57
	System time (seconds): 4.92
	Percent of CPU this job got: 99%
	Elapsed (wall clock) time (h:mm:ss or m:ss): 0:37.50
	Average shared text size (kbytes): 0
	Average unshared data size (kbytes): 0
	Average stack size (kbytes): 0
	Average total size (kbytes): 0
	Maximum resident set size (kbytes): 7685120
	Average resident set size (kbytes): 0
	Major (requiring I/O) page faults: 0
	Minor (reclaiming a frame) page faults: 9029183
	Voluntary context switches: 11
	Involuntary context switches: 223
	Swaps: 0
	File system inputs: 0
	File system outputs: 16
	Socket messages sent: 0
	Socket messages received: 0
	Signals delivered: 0
	Page size (bytes): 4096
	Exit status: 0
