=== size sizel ===
=== short challenge: weight 28, canonical bound 12, 1000 samples ===
  acceptance rate: 0.6562 (1 in 1.52)


=== recursion on ===
witness: 2^22 F162 = 1048576 ring elements of R_648, 1024 columns of 4096 F162
  public parameters               91.44 ms
  key-time buffers                  124 MB
  witness: 24 vectors, 53472 polynomials of Z_Q[X]/(X^64+1)
  commitment ranks: kappa_Y 11, kappa_u 4, kappa_R 9

PROVER
  commit (with T_Y)              176.66 ms
  row_evaluate                     6.57 ms
  commit_left_expansion            0.65 ms
  prove_opening                  595.33 ms
    fold                          35.72 ms
    encoding                      21.35 ms
    T_R                            5.37 ms
    masks                         15.33 ms
    constraint phi                 9.35 ms
    statement build               42.84 ms
    labrador::prove              458.92 ms
  total                          779.21 ms

STATEMENT
  derive_evaluation_point          0.01 ms
  mle_evaluate                     6.46 ms
  total                            6.47 ms

VERIFIER
  derive_folding_challenges        1.10 ms
  statement rebuild               76.18 ms
    layout                         3.86 ms
    no-wrap bound                  5.62 ms
    constraint phi                 9.21 ms
    statement build               41.71 ms
  labrador::verify               285.30 ms
  total                          368.23 ms

wire: T_Y 4.1 KB, T_u 1.5 KB, T_R 3.4 KB, norms 0.2 KB, labrador 81.0 KB
proof: 90.2 KB total, per-proof phi 6 MB
verification: accepted

peak resident set: 2358 MB
	Command being timed: "./target/release/labinius --suite l"
	User time (seconds): 12.48
	System time (seconds): 2.16
	Percent of CPU this job got: 99%
	Elapsed (wall clock) time (h:mm:ss or m:ss): 0:14.65
	Average shared text size (kbytes): 0
	Average unshared data size (kbytes): 0
	Average stack size (kbytes): 0
	Average total size (kbytes): 0
	Maximum resident set size (kbytes): 2414880
	Average resident set size (kbytes): 0
	Major (requiring I/O) page faults: 0
	Minor (reclaiming a frame) page faults: 3982781
	Voluntary context switches: 11
	Involuntary context switches: 111
	Swaps: 0
	File system inputs: 0
	File system outputs: 8
	Socket messages sent: 0
	Socket messages received: 0
	Signals delivered: 0
	Page size (bytes): 4096
	Exit status: 0
