=== size sizem ===
four hash-based PCSs on 2^20 B128, opened at one point of 20 coordinates, core 3, one thread

  scheme                            rate  target   commit ms     open ms   verify ms     C bytes  |pi| bytes
  binius64 BaseFold                  1/2      96       25.20        9.33        0.36          32      309296
  binius64 BaseFold                  1/4      96       49.34       13.11        0.26          32      232880
  binius64 BaseFold                  1/2     100       25.03        9.42        0.37          32      319664
  binius64 BaseFold                  1/4     100       49.30       13.04        0.27          32      240944
  binius64 WHIR                      1/2      96       36.31       51.46        1.52          32      237568
  binius64 WHIR                      1/4      96       61.10       29.96        0.75          32      200624
  binius64 WHIR                      1/2     100       31.30       48.21        1.57          32      245440
  binius64 WHIR                      1/4     100       50.22       29.94        0.78          32      207664
  flock-core Ligerito Fast           1/2    ~128       53.84       60.33        1.34        4096      401320
  flock-core Ligerito Slim           1/4    ~128      108.70       72.88        0.86        2048      239336
  flock-core Ligerito Fast100        1/2     100       53.84       52.36        1.36        4096      388008
  flock-core Ligerito Slim100        1/4     100      108.64       59.05        0.76        2048      196328
  Brakedown tensor                 0.704      96       30.07        9.22       10.87          32     6159744
  Brakedown tensor                 0.581      96       35.67        6.89        6.09          32     3001088
  Brakedown tensor                 0.704     100       30.08        9.27       11.03          32     6305824
  Brakedown tensor                 0.581     100       35.65        6.91        6.17          32     3075968

  binius64 BaseFold at 1/2, 96 bits: unique decoding, 232 queries, no grinding, opening claim element-MLE
  binius64 BaseFold at 1/4, 96 bits: unique decoding, 142 queries, no grinding, opening claim element-MLE
  binius64 BaseFold at 1/2, 100 bits: unique decoding, 241 queries, no grinding, opening claim element-MLE
  binius64 BaseFold at 1/4, 100 bits: unique decoding, 148 queries, no grinding, opening claim element-MLE
  binius64 WHIR at 1/2, 96 bits: unique decoding, 96.3 achieved, no grinding, ladder 1/2x232 1/16x106 1/32x101, opening claim element-MLE
  binius64 WHIR at 1/4, 96 bits: unique decoding, 96.3 achieved, no grinding, ladder 1/4x142 1/16x106 1/32x101, opening claim element-MLE
  binius64 WHIR at 1/2, 100 bits: unique decoding, 100.0 achieved, no grinding, ladder 1/2x241 1/16x110 1/32x105, opening claim element-MLE
  binius64 WHIR at 1/4, 100 bits: unique decoding, 100.3 achieved, no grinding, ladder 1/4x148 1/16x110 1/32x105, opening claim element-MLE
  flock-core Ligerito Fast at 1/2, ~128 bits: queries [244, 79, 48, 35], rates [1, 3, 5, 7], grinding [16, 16, 16, 16], opening claim element-MLE, chosen point
  flock-core Ligerito Slim at 1/4, ~128 bits: queries [119, 60, 41, 32], rates [2, 4, 6, 8], grinding [16, 16, 16, 16], opening claim element-MLE, chosen point
  flock-core Ligerito Fast100 at 1/2, 100 bits: queries [218, 106, 71, 53], rates [1, 2, 3, 4], grinding [0, 0, 0, 0], opening claim element-MLE, chosen point
  flock-core Ligerito Slim100 at 1/4, 100 bits: queries [90, 60, 45, 36], rates [2, 3, 4, 5], grinding [16, 16, 16, 16], opening claim element-MLE, chosen point
  Brakedown tensor at 0.704, 96 bits: unique decoding to d/3 at delta 0.020, 10052 queries, no grinding, opening claim element-MLE
  Brakedown tensor at 0.581, 96 bits: unique decoding to d/3 at delta 0.070, 2846 queries, no grinding, opening claim element-MLE
  Brakedown tensor at 0.704, 100 bits: unique decoding to d/3 at delta 0.020, 10467 queries, no grinding, opening claim element-MLE
  Brakedown tensor at 0.581, 100 bits: unique decoding to d/3 at delta 0.070, 2963 queries, no grinding, opening claim element-MLE
	Command being timed: "./target/release/pcs-competitors --suite m"
	User time (seconds): 17.67
	System time (seconds): 1.21
	Percent of CPU this job got: 99%
	Elapsed (wall clock) time (h:mm:ss or m:ss): 0:18.89
	Average shared text size (kbytes): 0
	Average unshared data size (kbytes): 0
	Average stack size (kbytes): 0
	Average total size (kbytes): 0
	Maximum resident set size (kbytes): 301004
	Average resident set size (kbytes): 0
	Major (requiring I/O) page faults: 0
	Minor (reclaiming a frame) page faults: 1738135
	Voluntary context switches: 16022
	Involuntary context switches: 18001
	Swaps: 0
	File system inputs: 0
	File system outputs: 16
	Socket messages sent: 0
	Socket messages received: 0
	Signals delivered: 0
	Page size (bytes): 4096
	Exit status: 0
