labinius over flock BLAKE3, core 3, one thread, size sizexl
131072 compressions of BLAKE3: m = 31, k_log = 14, 11707 useful bits per block, 16777216 committed
stock union: log_inv_rate 1, profile Fast, Ligerito over the compacted stack, dense m = 31 in 12058624 F128
stock core:  log_inv_rate 1, profile Fast, Ligerito over the padded buffer, m = 31 in 16777216 F128
recursion off: 2^24 F162 in 1024 columns, moduli 3889, 2917, 9721
recursion on:  2^24 F162 in 2048 columns, moduli 3889, 2917, 9721
bit-drop:      2^24 F162 in 1024 columns, moduli 3889, 2917, 4861, 7 bits dropped

                                          stock        stock    recursion    recursion             
                                          union         core          off           on     bit-drop

SETUP (once, not per proof)
  R1CS and PCS parameters               1578.01      1578.01      1578.01      1578.01      1578.01 ms
  commitment key                              —            —      2013.87      2266.98      1998.19 ms

PROVER
  witness                                222.69       222.69       222.69       222.69       222.69 ms
  lift to F162                                —            —       112.97       113.37       114.02 ms
  commit, bind, zerocheck, lincheck            —      1421.12            —            —            — ms
  commit                                      —            —       692.10       730.23       731.16 ms
  bind the commitment                         —            —         4.37         0.07         4.09 ms
  zerocheck                                   —            —       671.15       667.11       669.68 ms
  lincheck                                    —            —        64.80        65.03        64.78 ms
  ring-switch / cross-field switch            —            —      1928.28      1929.89      1919.92 ms
  opening                                     —      1166.06       179.07      1431.82       175.87 ms
  rest                                        —            —       -14.13        -5.63        -5.64 ms
  proof after the witness                     —      2587.18      3638.62      4931.90      3673.89 ms
  total, witness included               2799.39      2809.87      3861.31      5154.59      3896.58 ms

VERIFIER
  zerocheck and lincheck                      —        25.83        27.87        26.06        27.28 ms
  ring-switch / cross-field switch            —            —         0.81         0.83         0.79 ms
  decode the opening                          —            —         1.02            —         0.98 ms
  Ligerito / our opening                      —         2.05         5.08       787.77         7.29 ms
  total                                   28.33        27.88        38.05       814.76        41.06 ms

SIZES
  zerocheck                                   —         3.07         3.07         3.07         3.07 KB
  lincheck                                    —         1.37         1.37         1.37         1.37 KB
  cross-field switch                          —         4.05         4.95         4.95         4.95 KB
  commitment (wire form)                      —         4.00      3078.00         4.50      2430.00 KB
  opening                                     —       483.02      2689.23        82.76      2749.07 KB
  total                                  434.93       495.52      5776.62        96.65      5188.45 KB

peak resident set: 22648 MB

labinius over flock SHA-256, core 3, one thread, size sizexl
65536 compressions of SHA-256: m = 31, k_log = 15, 25470 useful bits per block, 16777216 committed
stock union: log_inv_rate 1, profile Fast, Ligerito over the compacted stack, dense m = 31 in 13107200 F128
stock core:  log_inv_rate 1, profile Fast, Ligerito over the padded buffer, m = 31 in 16777216 F128
recursion off: 2^24 F162 in 1024 columns, moduli 3889, 2917, 9721
recursion on:  2^24 F162 in 2048 columns, moduli 3889, 2917, 9721
bit-drop:      2^24 F162 in 1024 columns, moduli 3889, 2917, 4861, 7 bits dropped

                                          stock        stock    recursion    recursion             
                                          union         core          off           on     bit-drop

SETUP (once, not per proof)
  R1CS and PCS parameters               2787.12      2787.12      2787.12      2787.12      2787.12 ms
  commitment key                              —            —      2026.58      2263.89      1989.47 ms

PROVER
  witness                                262.09       262.09       262.09       262.09       262.09 ms
  lift to F162                                —            —       113.10       113.34       113.98 ms
  commit, bind, zerocheck, lincheck            —      1529.00            —            —            — ms
  commit                                      —            —       695.56       743.57       732.12 ms
  bind the commitment                         —            —         4.56         0.11         4.12 ms
  zerocheck                                   —            —       741.45       742.22       743.91 ms
  lincheck                                    —            —        67.43        67.50        67.64 ms
  ring-switch / cross-field switch            —            —      1936.81      1941.36      1921.14 ms
  opening                                     —      1176.80       179.15      1492.64       174.59 ms
  rest                                        —            —        -5.26        -6.37        -6.07 ms
  proof after the witness                     —      2705.80      3732.78      5094.37      3751.43 ms
  total, witness included               3034.74      2967.89      3994.87      5356.46      4013.53 ms

VERIFIER
  zerocheck and lincheck                      —        26.15        28.36        26.66        27.69 ms
  ring-switch / cross-field switch            —            —         0.80         0.78         0.73 ms
  decode the opening                          —            —         1.03            —         1.07 ms
  Ligerito / our opening                      —         2.07         5.04       779.33         7.20 ms
  total                                   28.61        28.22        39.30       807.11        41.36 ms

SIZES
  zerocheck                                   —         3.07         3.07         3.07         3.07 KB
  lincheck                                    —         1.41         1.41         1.41         1.41 KB
  cross-field switch                          —         4.05         4.95         4.95         4.95 KB
  commitment (wire form)                      —         4.00      3078.00         4.50      2430.00 KB
  opening                                     —       483.02      2509.69        82.80      2402.34 KB
  total                                  450.22       495.55      5597.11        96.73      4841.77 KB

peak resident set: 22954 MB

	Command being timed: "./target/release/hashes-flock --suite xl"
	User time (seconds): 423.43
	System time (seconds): 144.47
	Percent of CPU this job got: 99%
	Elapsed (wall clock) time (h:mm:ss or m:ss): 9:27.94
	Average shared text size (kbytes): 0
	Average unshared data size (kbytes): 0
	Average stack size (kbytes): 0
	Average total size (kbytes): 0
	Maximum resident set size (kbytes): 23504492
	Average resident set size (kbytes): 0
	Major (requiring I/O) page faults: 0
	Minor (reclaiming a frame) page faults: 206015929
	Voluntary context switches: 21886
	Involuntary context switches: 36661
	Swaps: 0
	File system inputs: 0
	File system outputs: 24
	Socket messages sent: 0
	Socket messages received: 0
	Signals delivered: 0
	Page size (bytes): 4096
	Exit status: 0
