labinius over flock BLAKE3, core 3, one thread, size sizem
8192 compressions of BLAKE3: m = 27, k_log = 14, 11707 useful bits per block, 1048576 committed
stock union: log_inv_rate 1, profile Fast, Ligerito over the compacted stack, dense m = 27 in 753664 F128
stock core:  log_inv_rate 1, profile Fast, Ligerito over the padded buffer, m = 27 in 1048576 F128
recursion off: 2^20 F162 in 256 columns, moduli 3889, 2917, 4861
recursion on:  2^20 F162 in 512 columns, moduli 3889, 2917, 4861
bit-drop:      2^20 F162 in 256 columns, moduli 3889, 2917, 4861, 9 bits dropped

                                          stock        stock    recursion    recursion             
                                          union         core          off           on     bit-drop

SETUP (once, not per proof)
  R1CS and PCS parameters               1468.65      1468.65      1468.65      1468.65      1468.65 ms
  commitment key                              —            —       129.04       190.17       132.02 ms

PROVER
  witness                                 10.53        10.53        10.53        10.53        10.53 ms
  lift to F162                                —            —         5.11         1.73         4.96 ms
  commit, bind, zerocheck, lincheck            —        90.71            —            —            — ms
  commit                                      —            —        46.03        56.19        50.63 ms
  bind the commitment                         —            —         1.24         0.05         1.25 ms
  zerocheck                                   —            —        31.69        31.70        31.67 ms
  lincheck                                    —            —        28.40        28.35        28.49 ms
  ring-switch / cross-field switch            —            —       117.98       113.71       119.10 ms
  opening                                     —        74.10        13.42       335.69        13.39 ms
  rest                                        —            —        -0.24         0.67         0.09 ms
  proof after the witness                     —       164.80       243.63       568.09       249.58 ms
  total, witness included                191.17       175.33       254.16       578.62       260.11 ms

VERIFIER
  zerocheck and lincheck                      —        25.49        26.41        26.37        26.18 ms
  ring-switch / cross-field switch            —            —         0.69         0.70         0.69 ms
  decode the opening                          —            —         0.25            —         0.25 ms
  Ligerito / our opening                      —         2.34         1.37       220.26         1.80 ms
  total                                   27.73        27.83        29.49       247.43        30.08 ms

SIZES
  zerocheck                                   —         2.91         2.91         2.91         2.91 KB
  lincheck                                    —         1.37         1.37         1.37         1.37 KB
  cross-field switch                          —         4.05         4.79         4.79         4.79 KB
  commitment (wire form)                      —         4.00       749.25         4.12       587.25 KB
  opening                                     —       399.26       590.80        72.71       587.41 KB
  total                                  350.38       411.59      1349.12        85.91      1183.73 KB

peak resident set: 2387 MB

labinius over flock SHA-256, core 3, one thread, size sizem
4096 compressions of SHA-256: m = 27, k_log = 15, 25470 useful bits per block, 1048576 committed
stock union: log_inv_rate 1, profile Fast, Ligerito over the compacted stack, dense m = 27 in 819200 F128
stock core:  log_inv_rate 1, profile Fast, Ligerito over the padded buffer, m = 27 in 1048576 F128
recursion off: 2^20 F162 in 256 columns, moduli 3889, 2917, 4861
recursion on:  2^20 F162 in 512 columns, moduli 3889, 2917, 4861
bit-drop:      2^20 F162 in 256 columns, moduli 3889, 2917, 4861, 9 bits dropped

                                          stock        stock    recursion    recursion             
                                          union         core          off           on     bit-drop

SETUP (once, not per proof)
  R1CS and PCS parameters               1850.55      1850.55      1850.55      1850.55      1850.55 ms
  commitment key                              —            —       128.39       186.87       132.53 ms

PROVER
  witness                                  7.43         7.43         7.43         7.43         7.43 ms
  lift to F162                                —            —         1.61         1.71         1.59 ms
  commit, bind, zerocheck, lincheck            —        94.84            —            —            — ms
  commit                                      —            —        45.96        56.65        50.67 ms
  bind the commitment                         —            —         1.16         0.04         1.00 ms
  zerocheck                                   —            —        38.34        38.62        38.45 ms
  lincheck                                    —            —        28.85        28.93        28.89 ms
  ring-switch / cross-field switch            —            —       106.92       111.45       109.64 ms
  opening                                     —        74.23        13.34       337.58        13.26 ms
  rest                                        —            —         0.18         0.40         0.00 ms
  proof after the witness                     —       169.07       236.36       575.37       243.51 ms
  total, witness included                211.46       176.50       243.79       582.80       250.93 ms

VERIFIER
  zerocheck and lincheck                      —        25.85        26.36        26.10        26.17 ms
  ring-switch / cross-field switch            —            —         0.66         0.67         0.65 ms
  decode the opening                          —            —         0.26            —         0.25 ms
  Ligerito / our opening                      —         2.35         1.26       211.17         1.63 ms
  total                                   27.89        28.19        29.25       238.19        29.92 ms

SIZES
  zerocheck                                   —         2.91         2.91         2.91         2.91 KB
  lincheck                                    —         1.41         1.41         1.41         1.41 KB
  cross-field switch                          —         4.05         4.79         4.79         4.79 KB
  commitment (wire form)                      —         4.00       749.25         4.12       587.25 KB
  opening                                     —       399.26       560.45        72.71       539.19 KB
  total                                  365.67       411.63      1318.81        85.95      1135.55 KB

peak resident set: 2725 MB

	Command being timed: "./target/release/hashes-flock --suite m"
	User time (seconds): 71.50
	System time (seconds): 8.16
	Percent of CPU this job got: 99%
	Elapsed (wall clock) time (h:mm:ss or m:ss): 1:19.67
	Average shared text size (kbytes): 0
	Average unshared data size (kbytes): 0
	Average stack size (kbytes): 0
	Average total size (kbytes): 0
	Maximum resident set size (kbytes): 2789968
	Average resident set size (kbytes): 0
	Major (requiring I/O) page faults: 0
	Minor (reclaiming a frame) page faults: 11327704
	Voluntary context switches: 9961
	Involuntary context switches: 17513
	Swaps: 0
	File system inputs: 0
	File system outputs: 24
	Socket messages sent: 0
	Socket messages received: 0
	Signals delivered: 0
	Page size (bytes): 4096
	Exit status: 0
