labinius over flock BLAKE3, core 3, one thread, size sizel
32768 compressions of BLAKE3: m = 29, k_log = 14, 11707 useful bits per block, 4194304 committed
stock union: log_inv_rate 1, profile Fast, Ligerito over the compacted stack, dense m = 29 in 3014656 F128
stock core:  log_inv_rate 1, profile Fast, Ligerito over the padded buffer, m = 29 in 4194304 F128
recursion off: 2^22 F162 in 512 columns, moduli 3889, 2917, 4861
recursion on:  2^22 F162 in 1024 columns, moduli 3889, 2917, 4861
bit-drop:      2^22 F162 in 512 columns, moduli 3889, 2917, 4861, 8 bits dropped

                                          stock        stock    recursion    recursion             
                                          union         core          off           on     bit-drop

SETUP (once, not per proof)
  R1CS and PCS parameters               1481.54      1481.54      1481.54      1481.54      1481.54 ms
  commitment key                              —            —       519.00       626.50       514.64 ms

PROVER
  witness                                 50.95        50.95        50.95        50.95        50.95 ms
  lift to F162                                —            —        28.26        28.05        28.07 ms
  commit, bind, zerocheck, lincheck            —       316.32            —            —            — ms
  commit                                      —            —       180.29       201.45       188.71 ms
  bind the commitment                         —            —         2.36         0.06         2.08 ms
  zerocheck                                   —            —       149.38       152.80       154.25 ms
  lincheck                                    —            —        35.56        35.78        35.42 ms
  ring-switch / cross-field switch            —            —       481.51       486.09       492.49 ms
  opening                                     —       333.65        47.85       687.24        47.41 ms
  rest                                        —            —        -1.86        -2.58         0.51 ms
  proof after the witness                     —       649.97       923.36      1588.89       948.93 ms
  total, witness included                747.67       700.92       974.31      1639.84       999.87 ms

VERIFIER
  zerocheck and lincheck                      —        25.68        26.74        26.09        26.85 ms
  ring-switch / cross-field switch            —            —         0.71         0.74         0.71 ms
  decode the opening                          —            —         0.50            —         0.49 ms
  Ligerito / our opening                      —         2.50         2.70       428.65         3.06 ms
  total                                   28.12        28.18        32.29       455.94        33.61 ms

SIZES
  zerocheck                                   —         2.99         2.99         2.99         2.99 KB
  lincheck                                    —         1.37         1.37         1.37         1.37 KB
  cross-field switch                          —         4.05         4.87         4.87         4.87 KB
  commitment (wire form)                      —         4.00      1498.50         4.12      1174.50 KB
  opening                                     —       332.83      1312.17        86.12      1335.74 KB
  total                                  318.66       345.24      2819.90        99.47      2519.47 KB

peak resident set: 6580 MB

labinius over flock SHA-256, core 3, one thread, size sizel
16384 compressions of SHA-256: m = 29, k_log = 15, 25470 useful bits per block, 4194304 committed
stock union: log_inv_rate 1, profile Fast, Ligerito over the compacted stack, dense m = 29 in 3276800 F128
stock core:  log_inv_rate 1, profile Fast, Ligerito over the padded buffer, m = 29 in 4194304 F128
recursion off: 2^22 F162 in 512 columns, moduli 3889, 2917, 4861
recursion on:  2^22 F162 in 1024 columns, moduli 3889, 2917, 4861
bit-drop:      2^22 F162 in 512 columns, moduli 3889, 2917, 4861, 8 bits dropped

                                          stock        stock    recursion    recursion             
                                          union         core          off           on     bit-drop

SETUP (once, not per proof)
  R1CS and PCS parameters               2044.96      2044.96      2044.96      2044.96      2044.96 ms
  commitment key                              —            —       522.92       621.99       516.24 ms

PROVER
  witness                                 60.96        60.96        60.96        60.96        60.96 ms
  lift to F162                                —            —        28.43        28.27        28.27 ms
  commit, bind, zerocheck, lincheck            —       340.98            —            —            — ms
  commit                                      —            —       184.05       204.14       192.95 ms
  bind the commitment                         —            —         2.42         0.08         2.01 ms
  zerocheck                                   —            —       170.27       172.59       173.77 ms
  lincheck                                    —            —        37.17        37.12        36.93 ms
  ring-switch / cross-field switch            —            —       487.94       489.00       496.73 ms
  opening                                     —       333.87        47.53       686.94        46.58 ms
  rest                                        —            —         0.68        -0.10         0.31 ms
  proof after the witness                     —       674.85       958.49      1618.04       977.54 ms
  total, witness included                781.54       735.81      1019.45      1679.00      1038.50 ms

VERIFIER
  zerocheck and lincheck                      —        26.32        27.28        26.53        26.99 ms
  ring-switch / cross-field switch            —            —         0.68         0.71         0.68 ms
  decode the opening                          —            —         0.49            —         0.49 ms
  Ligerito / our opening                      —         2.54         2.32       412.40         2.97 ms
  total                                   28.54        28.86        32.26       439.85        33.70 ms

SIZES
  zerocheck                                   —         2.99         2.99         2.99         2.99 KB
  lincheck                                    —         1.41         1.41         1.41         1.41 KB
  cross-field switch                          —         4.05         4.87         4.87         4.87 KB
  commitment (wire form)                      —         4.00      1498.50         4.12      1174.50 KB
  opening                                     —       332.83      1139.43        85.99      1142.58 KB
  total                                  326.32       345.28      2647.20        99.39      2326.35 KB

peak resident set: 6929 MB

	Command being timed: "./target/release/hashes-flock --suite l"
	User time (seconds): 147.16
	System time (seconds): 37.57
	Percent of CPU this job got: 99%
	Elapsed (wall clock) time (h:mm:ss or m:ss): 3:04.74
	Average shared text size (kbytes): 0
	Average unshared data size (kbytes): 0
	Average stack size (kbytes): 0
	Average total size (kbytes): 0
	Maximum resident set size (kbytes): 7095692
	Average resident set size (kbytes): 0
	Major (requiring I/O) page faults: 0
	Minor (reclaiming a frame) page faults: 51790449
	Voluntary context switches: 17374
	Involuntary context switches: 26606
	Swaps: 0
	File system inputs: 0
	File system outputs: 24
	Socket messages sent: 0
	Socket messages received: 0
	Signals delivered: 0
	Page size (bytes): 4096
	Exit status: 0
