labinius over binius64 keccak-256, core 3, one thread, size sizem
keccak-256 of 475319 bytes: 3495 permutations, 2096980 AND constraints, 2096981 non-public words
stock binius64 at the example's defaults: --log-inv-rate 1, --hash-suite sha256, rayon off
recursion off: 2^20 F162 in 256 columns, moduli 3889, 2917, 4861
recursion on:  2^20 F162 in 512 columns, moduli 3889, 2917, 4861
bit-drop:      2^20 F162 in 256 columns, moduli 3889, 2917, 4861, 9 bits dropped

                                          stock    recursion    recursion             
                                       binius64          off           on     bit-drop

SETUP (once, not per proof)
  circuit                               8153.49      8153.49      8153.49      8153.49 ms
  commitment key and constraints        1454.22      1361.14      1418.49      1353.35 ms

PROVER
  witness                                 25.09        25.09        25.09        25.09 ms
  packing                                     —         4.19         1.82         1.72 ms
  commit                                  28.34        49.12        55.81        50.74 ms
  BitAnd check                           167.35       249.85       177.17       183.28 ms
  shift reduction                        547.87       556.50       557.46       560.49 ms
  ring-switch / cross-field switch        15.21        65.31        60.54        61.95 ms
  opening                                     —        13.00       330.77        12.71 ms
  rest                                    12.79         3.69         2.97         3.07 ms
  total                                  771.56       941.66      1186.54       873.97 ms

VERIFIER
  read the commitment                         —         0.73         0.01         1.01 ms
  reductions                               7.63         7.62         7.62         7.61 ms
  ring-switch / cross-field switch         0.00         0.28         0.32         0.28 ms
  decode the opening                          —         0.27            —         0.26 ms
  BaseFold / our opening                   0.49         1.22       211.91         1.69 ms
  wiring check (native)                  429.41       418.94       418.84       418.85 ms
  total                                  437.94       429.51       638.94       430.19 ms

SIZES
  binius64 LIOP                               —         6.03         6.03         6.03 KB
  cross-field switch                          —         3.25         3.25         3.25 KB
  commitment (wire form)                      —       749.25         4.12       587.25 KB
  opening                                     —       660.63        72.85       676.87 KB
  total                                  310.11      1419.17        86.26      1273.40 KB
  the tape carries T_Y as its polx image, 11.0 KB, rather than the wire form above

peak resident set: 10483 MB

labinius over binius64 sha-256, core 3, one thread, size sizem
sha-256 of 290487 bytes: 4539 compressions, 1652197 AND constraints, 2097040 non-public words
stock binius64 at the example's defaults: --log-inv-rate 1, --hash-suite sha256, rayon off
recursion off: 2^20 F162 in 256 columns, moduli 3889, 2917, 4861
recursion on:  2^20 F162 in 512 columns, moduli 3889, 2917, 4861
bit-drop:      2^20 F162 in 256 columns, moduli 3889, 2917, 4861, 9 bits dropped

                                          stock    recursion    recursion             
                                       binius64          off           on     bit-drop

SETUP (once, not per proof)
  circuit                               3684.84      3684.84      3684.84      3684.84 ms
  commitment key and constraints         456.00       441.81       567.44       600.24 ms

PROVER
  witness                                 13.14        13.14        13.14        13.14 ms
  packing                                     —         4.38         1.82         1.74 ms
  commit                                  28.38        49.36        56.10        50.73 ms
  BitAnd check                            87.87       112.88       101.52        98.27 ms
  shift reduction                        197.51       218.31       215.34       213.19 ms
  ring-switch / cross-field switch        15.16        67.27        61.74        49.30 ms
  opening                                     —        13.30       339.22        13.19 ms
  rest                                    14.07         4.86         5.60         4.57 ms
  total                                  342.99       470.37       781.34       430.99 ms

VERIFIER
  read the commitment                         —         0.71         0.01         1.01 ms
  reductions                               5.12         5.11         5.12         5.11 ms
  ring-switch / cross-field switch         0.01         0.29         0.30         0.29 ms
  decode the opening                          —         0.26            —         0.26 ms
  BaseFold / our opening                   0.48         1.20       199.42         1.73 ms
  wiring check (native)                  157.39       163.40       164.60       163.24 ms
  total                                  163.87       171.44       369.84       172.11 ms

SIZES
  binius64 LIOP                               —         6.06         6.06         6.06 KB
  cross-field switch                          —         3.25         3.25         3.25 KB
  commitment (wire form)                      —       749.25         4.12       587.25 KB
  opening                                     —       697.97        72.68       631.25 KB
  total                                  310.14      1456.53        86.12      1227.81 KB
  the tape carries T_Y as its polx image, 11.0 KB, rather than the wire form above

peak resident set: 10483 MB

labinius over binius64 blake3, core 3, one thread, size sizem
blake3 of 495488 bytes: 8225 compressions, 1380916 AND constraints, 2097034 non-public words
stock binius64 at the example's defaults: --log-inv-rate 1, --hash-suite sha256, rayon off
recursion off: 2^20 F162 in 256 columns, moduli 3889, 2917, 4861
recursion on:  2^20 F162 in 512 columns, moduli 3889, 2917, 4861
bit-drop:      2^20 F162 in 256 columns, moduli 3889, 2917, 4861, 9 bits dropped

                                          stock    recursion    recursion             
                                       binius64          off           on     bit-drop

SETUP (once, not per proof)
  circuit                               3555.74      3555.74      3555.74      3555.74 ms
  commitment key and constraints         607.32       587.92       787.02       794.47 ms

PROVER
  witness                                  9.45         9.45         9.45         9.45 ms
  packing                                     —         4.36         1.81         1.73 ms
  commit                                  28.30        49.43        56.62        50.97 ms
  BitAnd check                           106.27       129.21       121.09       104.76 ms
  shift reduction                        303.46       322.75       322.88       302.75 ms
  ring-switch / cross-field switch        15.16        65.60        65.06        49.15 ms
  opening                                     —        12.83       343.64        13.22 ms
  rest                                    15.44         4.67         7.75         6.05 ms
  total                                  468.63       588.85       918.85       528.62 ms

VERIFIER
  read the commitment                         —         0.71         0.01         0.99 ms
  reductions                               8.54         8.53         8.53         8.54 ms
  ring-switch / cross-field switch         0.01         0.29         0.30         0.30 ms
  decode the opening                          —         0.26            —         0.26 ms
  BaseFold / our opening                   0.49         1.21       196.69         1.65 ms
  wiring check (native)                  218.01       219.00       219.53       217.87 ms
  total                                  229.68       230.79       425.91       230.37 ms

SIZES
  binius64 LIOP                               —         6.06         6.06         6.06 KB
  cross-field switch                          —         3.25         3.25         3.25 KB
  commitment (wire form)                      —       749.25         4.12       587.25 KB
  opening                                     —       649.02        72.59       696.38 KB
  total                                  310.14      1407.58        86.03      1292.94 KB
  the tape carries T_Y as its polx image, 11.0 KB, rather than the wire form above

peak resident set: 10483 MB

	Command being timed: "./target/release/hashes-binius --suite m"
	User time (seconds): 147.28
	System time (seconds): 11.54
	Percent of CPU this job got: 99%
	Elapsed (wall clock) time (h:mm:ss or m:ss): 2:38.84
	Average shared text size (kbytes): 0
	Average unshared data size (kbytes): 0
	Average stack size (kbytes): 0
	Average total size (kbytes): 0
	Maximum resident set size (kbytes): 10734824
	Average resident set size (kbytes): 0
	Major (requiring I/O) page faults: 0
	Minor (reclaiming a frame) page faults: 16683525
	Voluntary context switches: 10715
	Involuntary context switches: 26384
	Swaps: 0
	File system inputs: 0
	File system outputs: 40
	Socket messages sent: 0
	Socket messages received: 0
	Signals delivered: 0
	Page size (bytes): 4096
	Exit status: 0
