=== size sizel ===
=== short challenge: weight 28, canonical bound 12, 1000 samples ===
  acceptance rate: 0.6562 (1 in 1.52)


=== recursion on ===
witness: 2^22 F162 = 1048576 ring elements of R_648, 1024 columns of 4096 F162
  public parameters              103.27 ms
  key-time buffers                  124 MB
  witness: 24 vectors, 53472 polynomials of Z_Q[X]/(X^64+1)
  commitment ranks: kappa_Y 11, kappa_u 4, kappa_R 9

PROVER
  commit (with T_Y)              202.46 ms
  row_evaluate                     6.50 ms
  commit_left_expansion            0.75 ms
  prove_opening                  651.91 ms
    fold                          37.14 ms
    encoding                      24.06 ms
    T_R                            5.96 ms
    masks                         17.49 ms
    constraint phi                10.46 ms
    statement build               47.21 ms
    labrador::prove              502.97 ms
  total                          861.62 ms

STATEMENT
  derive_evaluation_point          0.01 ms
  mle_evaluate                     6.46 ms
  total                            6.47 ms

VERIFIER
  derive_folding_challenges        1.23 ms
  statement rebuild               89.07 ms
    layout                         7.71 ms
    no-wrap bound                  6.34 ms
    constraint phi                10.37 ms
    statement build               46.87 ms
  labrador::verify               309.86 ms
  total                          402.48 ms

wire: T_Y 4.1 KB, T_u 1.5 KB, T_R 3.4 KB, norms 0.2 KB, labrador 81.0 KB
proof: 90.2 KB total, per-proof phi 6 MB
verification: accepted

peak resident set: 2359 MB
	Command being timed: "target/release/labinius --suite l"
	User time (seconds): 13.86
	System time (seconds): 2.41
	Percent of CPU this job got: 99%
	Elapsed (wall clock) time (h:mm:ss or m:ss): 0:16.28
	Average shared text size (kbytes): 0
	Average unshared data size (kbytes): 0
	Average stack size (kbytes): 0
	Average total size (kbytes): 0
	Maximum resident set size (kbytes): 2415240
	Average resident set size (kbytes): 0
	Major (requiring I/O) page faults: 0
	Minor (reclaiming a frame) page faults: 4008326
	Voluntary context switches: 11
	Involuntary context switches: 103
	Swaps: 0
	File system inputs: 0
	File system outputs: 8
	Socket messages sent: 0
	Socket messages received: 0
	Signals delivered: 0
	Page size (bytes): 4096
	Exit status: 0
