labinius over binius64 keccak-256, core 3, one thread, size sizes
keccak-256 of 118727 bytes: 873 permutations, 523780 AND constraints, 523781 non-public words
stock binius64 at the example's defaults: --log-inv-rate 1, --hash-suite sha256, rayon off
recursion off: 2^18 F162 in 128 columns, moduli 9721, 12637
recursion on:  2^18 F162 in 256 columns, moduli 9721, 12637
bit-drop:      2^18 F162 in 128 columns, moduli 3889, 2917, 4861, 10 bits dropped

                                          stock    recursion    recursion             
                                       binius64          off           on     bit-drop

SETUP (once, not per proof)
  circuit                               2082.37      2082.37      2082.37      2082.37 ms
  commitment key and constraints         339.34       340.32       354.83       335.11 ms

PROVER
  witness                                  6.46         6.46         6.46         6.46 ms
  packing                                     —         0.44         0.48         0.44 ms
  commit                                   6.41         8.44        11.82        13.71 ms
  BitAnd check                            41.04        41.11        41.09        40.83 ms
  shift reduction                        135.90       135.43       135.26       135.42 ms
  ring-switch / cross-field switch         3.82        11.59        11.76        11.75 ms
  opening                                     —         3.94       125.71         3.89 ms
  rest                                     3.38         0.93         0.66         1.19 ms
  total                                  190.55       201.89       326.77       207.23 ms

VERIFIER
  read the commitment                         —         0.25         0.01         0.44 ms
  reductions                               1.95         1.96         1.97         1.97 ms
  ring-switch / cross-field switch         0.00         0.25         0.28         0.26 ms
  decode the opening                          —         0.13            —         0.14 ms
  BaseFold / our opening                   0.38         0.49        80.95         0.88 ms
  wiring check (native)                  104.70       104.70       104.69       104.69 ms
  total                                  107.35       107.88       188.05       108.46 ms

SIZES
  binius64 LIOP                               —         5.84         5.84         5.84 KB
  cross-field switch                          —         3.12         3.12         3.12 KB
  commitment (wire form)                      —       283.50         4.12       283.50 KB
  opening                                     —       302.87        75.47       302.29 KB
  total                                  243.83       595.34        88.56       594.76 KB
  the tape carries T_Y as its polx image, 11.0 KB, rather than the wire form above

peak resident set: 2729 MB

labinius over binius64 sha-256, core 3, one thread, size sizes
sha-256 of 72567 bytes: 1134 compressions, 412777 AND constraints, 523915 non-public words
stock binius64 at the example's defaults: --log-inv-rate 1, --hash-suite sha256, rayon off
recursion off: 2^18 F162 in 128 columns, moduli 9721, 12637
recursion on:  2^18 F162 in 256 columns, moduli 9721, 12637
bit-drop:      2^18 F162 in 128 columns, moduli 3889, 2917, 4861, 10 bits dropped

                                          stock    recursion    recursion             
                                       binius64          off           on     bit-drop

SETUP (once, not per proof)
  circuit                                988.07       988.07       988.07       988.07 ms
  commitment key and constraints         110.02       103.46       124.32       125.85 ms

PROVER
  witness                                  3.15         3.15         3.15         3.15 ms
  packing                                     —         0.44         0.47         0.44 ms
  commit                                   6.39         8.42        11.87        14.01 ms
  BitAnd check                            22.02        21.18        20.29        21.08 ms
  shift reduction                         48.78        48.28        48.49        49.01 ms
  ring-switch / cross-field switch         3.82        11.79        11.81        11.67 ms
  opening                                     —         3.97       123.49         3.93 ms
  rest                                     3.52         1.08         0.71         1.26 ms
  total                                   84.53        95.17       217.13       101.40 ms

VERIFIER
  read the commitment                         —         0.25         0.01         0.45 ms
  reductions                               1.34         1.34         1.35         1.34 ms
  ring-switch / cross-field switch         0.00         0.26         0.29         0.26 ms
  decode the opening                          —         0.13            —         0.13 ms
  BaseFold / our opening                   0.38         0.50        82.55         0.76 ms
  wiring check (native)                   39.28        39.28        39.46        39.25 ms
  total                                   41.25        41.88       123.75        42.31 ms

SIZES
  binius64 LIOP                               —         5.88         5.88         5.88 KB
  cross-field switch                          —         3.12         3.12         3.12 KB
  commitment (wire form)                      —       283.50         4.12       283.50 KB
  opening                                     —       307.69        75.44       292.11 KB
  total                                  243.86       600.19        88.57       584.61 KB
  the tape carries T_Y as its polx image, 11.0 KB, rather than the wire form above

peak resident set: 2729 MB

labinius over binius64 blake3, core 3, one thread, size sizes
blake3 of 123840 bytes: 2055 compressions, 345080 AND constraints, 524126 non-public words
stock binius64 at the example's defaults: --log-inv-rate 1, --hash-suite sha256, rayon off
recursion off: 2^18 F162 in 128 columns, moduli 9721, 12637
recursion on:  2^18 F162 in 256 columns, moduli 9721, 12637
bit-drop:      2^18 F162 in 128 columns, moduli 3889, 2917, 4861, 10 bits dropped

                                          stock    recursion    recursion             
                                       binius64          off           on     bit-drop

SETUP (once, not per proof)
  circuit                                947.11       947.11       947.11       947.11 ms
  commitment key and constraints         151.99       143.30       164.61       199.76 ms

PROVER
  witness                                  2.30         2.30         2.30         2.30 ms
  packing                                     —         0.43         0.48         0.44 ms
  commit                                   6.41         8.45        11.71        13.93 ms
  BitAnd check                            26.47        25.72        26.83        25.90 ms
  shift reduction                         75.54        74.82        73.94        75.12 ms
  ring-switch / cross-field switch         3.82        11.80        11.85        11.82 ms
  opening                                     —         3.98       144.05         3.93 ms
  rest                                     4.16         1.71         0.62         1.70 ms
  total                                  116.40       126.91       269.48       132.83 ms

VERIFIER
  read the commitment                         —         0.24         0.01         0.45 ms
  reductions                               2.19         2.19         2.20         2.19 ms
  ring-switch / cross-field switch         0.00         0.26         0.28         0.27 ms
  decode the opening                          —         0.13            —         0.13 ms
  BaseFold / our opening                   0.39         0.51        95.49         0.79 ms
  wiring check (native)                   54.34        54.42        55.76        54.50 ms
  total                                   57.18        57.93       153.94        58.50 ms

SIZES
  binius64 LIOP                               —         5.88         5.88         5.88 KB
  cross-field switch                          —         3.12         3.12         3.12 KB
  commitment (wire form)                      —       283.50         4.12       283.50 KB
  opening                                     —       296.68        75.56       299.52 KB
  total                                  243.86       589.18        88.69       592.02 KB
  the tape carries T_Y as its polx image, 11.0 KB, rather than the wire form above

peak resident set: 2729 MB

	Command being timed: "./target/release/hashes-binius --suite s"
	User time (seconds): 38.89
	System time (seconds): 1.87
	Percent of CPU this job got: 99%
	Elapsed (wall clock) time (h:mm:ss or m:ss): 0:40.77
	Average shared text size (kbytes): 0
	Average unshared data size (kbytes): 0
	Average stack size (kbytes): 0
	Average total size (kbytes): 0
	Maximum resident set size (kbytes): 2794304
	Average resident set size (kbytes): 0
	Major (requiring I/O) page faults: 0
	Minor (reclaiming a frame) page faults: 2664110
	Voluntary context switches: 8428
	Involuntary context switches: 15476
	Swaps: 0
	File system inputs: 0
	File system outputs: 24
	Socket messages sent: 0
	Socket messages received: 0
	Signals delivered: 0
	Page size (bytes): 4096
	Exit status: 0
