labinius over binius64 keccak-256, core 3, one thread, size sizel
keccak-256 of 1901415 bytes: 13981 permutations, 8388580 AND constraints, 8388581 non-public words
stock binius64 at the example's defaults: --log-inv-rate 1, --hash-suite sha256, rayon off
recursion off: 2^22 F162 in 512 columns, moduli 3889, 2917, 4861
recursion on:  2^22 F162 in 1024 columns, moduli 3889, 2917, 4861
bit-drop:      2^22 F162 in 512 columns, moduli 3889, 2917, 4861, 8 bits dropped

                                          stock    recursion    recursion             
                                       binius64          off           on     bit-drop

SETUP (once, not per proof)
  circuit                              31786.88     31786.88     31786.88     31786.88 ms
  commitment key and constraints        5123.07      4896.22      5007.80      4911.88 ms

PROVER
  witness                                 96.40        96.40        96.40        96.40 ms
  packing                                     —        21.80        21.36         6.44 ms
  commit                                 110.52       170.65       189.73       181.07 ms
  BitAnd check                           589.08       967.57       992.63      1003.83 ms
  shift reduction                       1962.20      2023.28      2023.95      2028.72 ms
  ring-switch / cross-field switch        54.65       266.57       268.34       269.76 ms
  opening                                     —        43.71       622.59        43.94 ms
  rest                                    49.18        13.48         6.68         8.92 ms
  total                                 2765.63      3507.05      4125.27      3542.70 ms

VERIFIER
  read the commitment                         —         1.29         0.01         1.80 ms
  reductions                              26.92        26.90        26.89        26.88 ms
  ring-switch / cross-field switch         0.01         0.27         0.29         0.27 ms
  decode the opening                          —         0.46            —         0.46 ms
  BaseFold / our opening                   0.56         2.22       364.08         3.22 ms
  wiring check (native)                 1531.22      1542.52      1542.02      1542.72 ms
  total                                 1559.56      1575.02      1934.50      1576.65 ms

SIZES
  binius64 LIOP                               —         6.22         6.22         6.22 KB
  cross-field switch                          —         3.38         3.38         3.38 KB
  commitment (wire form)                      —      1498.50         4.12      1174.50 KB
  opening                                     —      1379.21        86.19      1398.14 KB
  total                                  390.17      2887.31        99.91      2582.24 KB
  the tape carries T_Y as its polx image, 11.0 KB, rather than the wire form above

peak resident set: 41665 MB

labinius over binius64 sha-256, core 3, one thread, size sizel
sha-256 of 1162039 bytes: 18157 compressions, 6609149 AND constraints, 8388556 non-public words
stock binius64 at the example's defaults: --log-inv-rate 1, --hash-suite sha256, rayon off
recursion off: 2^22 F162 in 512 columns, moduli 3889, 2917, 4861
recursion on:  2^22 F162 in 1024 columns, moduli 3889, 2917, 4861
bit-drop:      2^22 F162 in 512 columns, moduli 3889, 2917, 4861, 8 bits dropped

                                          stock    recursion    recursion             
                                       binius64          off           on     bit-drop

SETUP (once, not per proof)
  circuit                              14419.04     14419.04     14419.04     14419.04 ms
  commitment key and constraints        1642.23      1584.81      1925.85      2287.74 ms

PROVER
  witness                                 47.74        47.74        47.74        47.74 ms
  packing                                     —        22.64        16.80         6.37 ms
  commit                                 110.43       172.36       191.64       166.74 ms
  BitAnd check                           315.94       409.23       403.10       400.88 ms
  shift reduction                        718.61       804.61       804.70       803.95 ms
  ring-switch / cross-field switch        54.15       265.10       263.03       244.55 ms
  opening                                     —        46.28       634.30        45.28 ms
  rest                                    50.98        13.94         6.71        14.64 ms
  total                                 1250.11      1734.16      2320.27      1682.41 ms

VERIFIER
  read the commitment                         —         1.28         0.01         1.79 ms
  reductions                              17.98        17.99        17.94        17.94 ms
  ring-switch / cross-field switch         0.01         0.27         0.30         0.30 ms
  decode the opening                          —         0.45            —         0.45 ms
  BaseFold / our opening                   0.56         2.17       341.37         2.99 ms
  wiring check (native)                  564.72       564.49       564.48       565.03 ms
  total                                  584.96       588.27       925.73       590.11 ms

SIZES
  binius64 LIOP                               —         6.25         6.25         6.25 KB
  cross-field switch                          —         3.38         3.38         3.38 KB
  commitment (wire form)                      —      1498.50         4.12      1174.50 KB
  opening                                     —      1414.46        86.12      1365.49 KB
  total                                  390.20      2922.59        99.88      2549.61 KB
  the tape carries T_Y as its polx image, 11.0 KB, rather than the wire form above

peak resident set: 41665 MB

labinius over binius64 blake3, core 3, one thread, size sizel
blake3 of 1982120 bytes: 32906 compressions, 5524440 AND constraints, 8388608 non-public words
stock binius64 at the example's defaults: --log-inv-rate 1, --hash-suite sha256, rayon off
recursion off: 2^22 F162 in 512 columns, moduli 3889, 2917, 4861
recursion on:  2^22 F162 in 1024 columns, moduli 3889, 2917, 4861
bit-drop:      2^22 F162 in 512 columns, moduli 3889, 2917, 4861, 8 bits dropped

                                          stock    recursion    recursion             
                                       binius64          off           on     bit-drop

SETUP (once, not per proof)
  circuit                              13396.32     13396.32     13396.32     13396.32 ms
  commitment key and constraints        2335.07      2280.71      2857.94      3019.61 ms

PROVER
  witness                                 34.44        34.44        34.44        34.44 ms
  packing                                     —        22.45        15.94         6.41 ms
  commit                                 110.34       168.76       190.99       179.38 ms
  BitAnd check                           380.44       463.39       461.91       474.66 ms
  shift reduction                       1100.30      1173.14      1176.44      1184.59 ms
  ring-switch / cross-field switch        54.51       259.56       260.32       266.56 ms
  opening                                     —        45.52       617.22        45.22 ms
  rest                                    57.45        18.43        19.72        17.94 ms
  total                                 1703.03      2151.24      2742.54      2174.74 ms

VERIFIER
  read the commitment                         —         1.29         0.01         1.79 ms
  reductions                              30.23        30.28        30.21        30.22 ms
  ring-switch / cross-field switch         0.01         0.28         0.29         0.28 ms
  decode the opening                          —         0.46            —         0.46 ms
  BaseFold / our opening                   0.57         2.18       360.57         3.25 ms
  wiring check (native)                  786.84       835.08       832.72       834.15 ms
  total                                  820.39       872.29      1226.57       872.83 ms

SIZES
  binius64 LIOP                               —         6.25         6.25         6.25 KB
  cross-field switch                          —         3.38         3.38         3.38 KB
  commitment (wire form)                      —      1498.50         4.12      1174.50 KB
  opening                                     —      1530.16        86.01      1334.13 KB
  total                                  390.20      3038.28        99.76      2518.26 KB
  the tape carries T_Y as its polx image, 11.0 KB, rather than the wire form above

peak resident set: 41665 MB

	Command being timed: "./target/release/hashes-binius --suite l"
	User time (seconds): 517.38
	System time (seconds): 47.00
	Percent of CPU this job got: 99%
	Elapsed (wall clock) time (h:mm:ss or m:ss): 9:24.45
	Average shared text size (kbytes): 0
	Average unshared data size (kbytes): 0
	Average stack size (kbytes): 0
	Average total size (kbytes): 0
	Maximum resident set size (kbytes): 42664504
	Average resident set size (kbytes): 0
	Major (requiring I/O) page faults: 0
	Minor (reclaiming a frame) page faults: 75976114
	Voluntary context switches: 12819
	Involuntary context switches: 36117
	Swaps: 0
	File system inputs: 0
	File system outputs: 40
	Socket messages sent: 0
	Socket messages received: 0
	Signals delivered: 0
	Page size (bytes): 4096
	Exit status: 0
