labinius over flock BLAKE3, core 3, one thread, size sizel
32768 compressions of BLAKE3: m = 29, k_log = 14, 11707 useful bits per block, 4194304 committed
stock union: log_inv_rate 1, profile Fast, Ligerito over the compacted stack, dense m = 29 in 3014656 F128
stock core:  log_inv_rate 1, profile Fast, Ligerito over the padded buffer, m = 29 in 4194304 F128
recursion off: 2^22 F162 in 512 columns, moduli 3889, 2917, 4861
recursion on:  2^22 F162 in 1024 columns, moduli 3889, 2917, 4861
bit-drop:      2^22 F162 in 512 columns, moduli 3889, 2917, 4861, 8 bits dropped

                                          stock        stock    recursion    recursion             
                                          union         core          off           on     bit-drop

SETUP (once, not per proof)
  R1CS and PCS parameters               1328.83      1328.83      1328.83      1328.83      1328.83 ms
  commitment key                              —            —       464.35       554.46       452.15 ms

PROVER
  witness                                 46.45        46.45        46.45        46.45        46.45 ms
  lift to F162                                —            —        23.68        23.63        23.55 ms
  commit, bind, zerocheck, lincheck            —       289.95            —            —            — ms
  commit                                      —            —       160.82       180.55       168.70 ms
  bind the commitment                         —            —         2.25         0.05         1.79 ms
  zerocheck                                   —            —       137.30       141.16       143.22 ms
  lincheck                                    —            —        34.11        34.64        34.69 ms
  ring-switch / cross-field switch            —            —       432.37       444.10       448.34 ms
  opening                                     —       300.54        46.70       630.07        44.76 ms
  rest                                        —            —        -0.70        -1.35        -0.40 ms
  proof after the witness                     —       590.49       836.52      1452.83       864.65 ms
  total, witness included                669.88       636.94       882.97      1499.28       911.10 ms

VERIFIER
  zerocheck and lincheck                      —        25.00        26.15        25.32        26.03 ms
  ring-switch / cross-field switch            —            —         0.63         0.66         0.63 ms
  decode the opening                          —            —         0.44            —         0.45 ms
  Ligerito / our opening                      —         2.24         2.29       394.41         2.89 ms
  total                                   27.31        27.23        30.80       420.42        32.18 ms

SIZES
  zerocheck                                   —         2.99         2.99         2.99         2.99 KB
  lincheck                                    —         1.37         1.37         1.37         1.37 KB
  cross-field switch                          —         4.05         4.87         4.87         4.87 KB
  commitment (wire form)                      —         4.00      1498.50         4.12      1174.50 KB
  opening                                     —       332.83      1312.17        86.12      1335.74 KB
  total                                  318.66       345.24      2819.90        99.47      2519.47 KB

peak resident set: 6580 MB

labinius over flock SHA-256, core 3, one thread, size sizel
16384 compressions of SHA-256: m = 29, k_log = 15, 25470 useful bits per block, 4194304 committed
stock union: log_inv_rate 1, profile Fast, Ligerito over the compacted stack, dense m = 29 in 3276800 F128
stock core:  log_inv_rate 1, profile Fast, Ligerito over the padded buffer, m = 29 in 4194304 F128
recursion off: 2^22 F162 in 512 columns, moduli 3889, 2917, 4861
recursion on:  2^22 F162 in 1024 columns, moduli 3889, 2917, 4861
bit-drop:      2^22 F162 in 512 columns, moduli 3889, 2917, 4861, 8 bits dropped

                                          stock        stock    recursion    recursion             
                                          union         core          off           on     bit-drop

SETUP (once, not per proof)
  R1CS and PCS parameters               1856.56      1856.56      1856.56      1856.56      1856.56 ms
  commitment key                              —            —       460.72       548.61       453.12 ms

PROVER
  witness                                 52.68        52.68        52.68        52.68        52.68 ms
  lift to F162                                —            —        23.84        23.65        23.70 ms
  commit, bind, zerocheck, lincheck            —       311.08            —            —            — ms
  commit                                      —            —       159.99       180.55       168.19 ms
  bind the commitment                         —            —         2.26         0.07         1.83 ms
  zerocheck                                   —            —       154.05       156.97       158.39 ms
  lincheck                                    —            —        35.55        35.87        35.80 ms
  ring-switch / cross-field switch            —            —       440.41       446.31       451.69 ms
  opening                                     —       300.18        46.11       626.48        44.34 ms
  rest                                        —            —        -0.58        -1.23        -0.23 ms
  proof after the witness                     —       611.27       861.62      1468.67       883.71 ms
  total, witness included                703.14       663.94       914.30      1521.35       936.38 ms

VERIFIER
  zerocheck and lincheck                      —        25.93        26.71        26.29        26.51 ms
  ring-switch / cross-field switch            —            —         0.62         0.64         0.61 ms
  decode the opening                          —            —         0.46            —         0.46 ms
  Ligerito / our opening                      —         2.28         2.24       381.60         2.84 ms
  total                                   27.70        28.21        31.30       408.67        32.56 ms

SIZES
  zerocheck                                   —         2.99         2.99         2.99         2.99 KB
  lincheck                                    —         1.41         1.41         1.41         1.41 KB
  cross-field switch                          —         4.05         4.87         4.87         4.87 KB
  commitment (wire form)                      —         4.00      1498.50         4.12      1174.50 KB
  opening                                     —       332.83      1139.43        85.99      1142.58 KB
  total                                  326.32       345.28      2647.20        99.39      2326.35 KB

peak resident set: 6928 MB

	Command being timed: "./target/release/hashes-flock --suite l"
	User time (seconds): 132.54
	System time (seconds): 34.26
	Percent of CPU this job got: 99%
	Elapsed (wall clock) time (h:mm:ss or m:ss): 2:46.82
	Average shared text size (kbytes): 0
	Average unshared data size (kbytes): 0
	Average stack size (kbytes): 0
	Average total size (kbytes): 0
	Maximum resident set size (kbytes): 7094176
	Average resident set size (kbytes): 0
	Major (requiring I/O) page faults: 0
	Minor (reclaiming a frame) page faults: 51835645
	Voluntary context switches: 17378
	Involuntary context switches: 26665
	Swaps: 0
	File system inputs: 0
	File system outputs: 24
	Socket messages sent: 0
	Socket messages received: 0
	Signals delivered: 0
	Page size (bytes): 4096
	Exit status: 0
