labinius over flock BLAKE3, core 3, one thread, size sizes
2048 compressions of BLAKE3: m = 25, k_log = 14, 11707 useful bits per block, 262144 committed
stock union: log_inv_rate 1, profile Fast, Ligerito over the compacted stack, dense m = 25 in 188416 F128
stock core:  log_inv_rate 1, profile Fast, Ligerito over the padded buffer, m = 25 in 262144 F128
recursion off: 2^18 F162 in 128 columns, moduli 9721, 12637
recursion on:  2^18 F162 in 256 columns, moduli 9721, 12637
bit-drop:      2^18 F162 in 128 columns, moduli 3889, 2917, 4861, 10 bits dropped

                                          stock        stock    recursion    recursion             
                                          union         core          off           on     bit-drop

SETUP (once, not per proof)
  R1CS and PCS parameters               1298.83      1298.83      1298.83      1298.83      1298.83 ms
  commitment key                              —            —        25.45        44.56        29.95 ms

PROVER
  witness                                  2.26         2.26         2.26         2.26         2.26 ms
  lift to F162                                —            —         0.40         0.37         0.33 ms
  commit, bind, zerocheck, lincheck            —        38.57            —            —            — ms
  commit                                      —            —         7.71        10.68        12.75 ms
  bind the commitment                         —            —         0.49         0.08         0.58 ms
  zerocheck                                   —            —         7.42         7.42         7.36 ms
  lincheck                                    —            —        26.65        26.67        26.51 ms
  ring-switch / cross-field switch            —            —        23.73        22.82        21.01 ms
  opening                                     —        28.34         3.98       121.49         3.98 ms
  rest                                        —            —        -0.02         0.14        -0.13 ms
  proof after the witness                     —        66.91        70.36       189.67        72.40 ms
  total, witness included                 70.42        69.17        72.62       191.93        74.66 ms

VERIFIER
  zerocheck and lincheck                      —        24.94        25.34        25.59        25.20 ms
  ring-switch / cross-field switch            —            —         0.54         0.58         0.55 ms
  decode the opening                          —            —         0.12            —         0.12 ms
  Ligerito / our opening                      —         1.35         0.65        85.35         0.90 ms
  total                                   26.49        26.29        26.89       111.76        27.33 ms

SIZES
  zerocheck                                   —         2.84         2.84         2.84         2.84 KB
  lincheck                                    —         1.37         1.37         1.37         1.37 KB
  cross-field switch                          —         4.05         4.71         4.71         4.71 KB
  commitment (wire form)                      —         4.00       283.50         4.12       283.50 KB
  opening                                     —       373.13       284.47        75.47       271.38 KB
  total                                  323.87       385.39       576.89        88.51       563.79 KB

peak resident set: 1143 MB

labinius over flock SHA-256, core 3, one thread, size sizes
1024 compressions of SHA-256: m = 25, k_log = 15, 25470 useful bits per block, 262144 committed
stock union: log_inv_rate 1, profile Fast, Ligerito over the compacted stack, dense m = 25 in 204800 F128
stock core:  log_inv_rate 1, profile Fast, Ligerito over the padded buffer, m = 25 in 262144 F128
recursion off: 2^18 F162 in 128 columns, moduli 9721, 12637
recursion on:  2^18 F162 in 256 columns, moduli 9721, 12637
bit-drop:      2^18 F162 in 128 columns, moduli 3889, 2917, 4861, 10 bits dropped

                                          stock        stock    recursion    recursion             
                                          union         core          off           on     bit-drop

SETUP (once, not per proof)
  R1CS and PCS parameters               1659.09      1659.09      1659.09      1659.09      1659.09 ms
  commitment key                              —            —        25.00        44.84        30.27 ms

PROVER
  witness                                  1.50         1.50         1.50         1.50         1.50 ms
  lift to F162                                —            —         0.39         0.40         0.34 ms
  commit, bind, zerocheck, lincheck            —        39.81            —            —            — ms
  commit                                      —            —         7.52        10.61        12.58 ms
  bind the commitment                         —            —         0.39         0.02         0.54 ms
  zerocheck                                   —            —         8.74         8.90         8.70 ms
  lincheck                                    —            —        27.09        26.88        27.03 ms
  ring-switch / cross-field switch            —            —        20.92        24.09        20.88 ms
  opening                                     —        19.66         3.89       125.58         3.84 ms
  rest                                        —            —        -0.01        -0.01        -0.04 ms
  proof after the witness                     —        59.48        68.92       196.48        73.89 ms
  total, witness included                 79.15        60.97        70.42       197.97        75.38 ms

VERIFIER
  zerocheck and lincheck                      —        26.19        26.37        26.36        26.30 ms
  ring-switch / cross-field switch            —            —         0.56         0.60         0.56 ms
  decode the opening                          —            —         0.12            —         0.12 ms
  Ligerito / our opening                      —         1.36         0.55        87.20         0.79 ms
  total                                   27.06        27.55        27.83       114.30        28.27 ms

SIZES
  zerocheck                                   —         2.84         2.84         2.84         2.84 KB
  lincheck                                    —         1.41         1.41         1.41         1.41 KB
  cross-field switch                          —         4.05         4.71         4.71         4.71 KB
  commitment (wire form)                      —         4.00       283.50         4.12       283.50 KB
  opening                                     —       373.13       250.26        75.16       247.89 KB
  total                                  339.16       385.43       542.71        88.24       540.35 KB

peak resident set: 1457 MB

	Command being timed: "./target/release/hashes-flock --suite s"
	User time (seconds): 43.89
	System time (seconds): 2.45
	Percent of CPU this job got: 99%
	Elapsed (wall clock) time (h:mm:ss or m:ss): 0:46.35
	Average shared text size (kbytes): 0
	Average unshared data size (kbytes): 0
	Average stack size (kbytes): 0
	Average total size (kbytes): 0
	Maximum resident set size (kbytes): 1491768
	Average resident set size (kbytes): 0
	Major (requiring I/O) page faults: 0
	Minor (reclaiming a frame) page faults: 3901490
	Voluntary context switches: 8172
	Involuntary context switches: 13916
	Swaps: 0
	File system inputs: 0
	File system outputs: 16
	Socket messages sent: 0
	Socket messages received: 0
	Signals delivered: 0
	Page size (bytes): 4096
	Exit status: 0
